[2026-08-03T22:23:11.645+0000] {local_task_job_runner.py:123} INFO - ::group::Pre task execution logs
[2026-08-03T22:23:11.664+0000] {taskinstance.py:2613} INFO - Dependencies all met for dep_context=non-requeueable deps ti=<TaskInstance: pricescope_pipeline.dbt_run manual__2026-08-03T22:20:56+00:00 [queued]>
[2026-08-03T22:23:11.675+0000] {taskinstance.py:2613} INFO - Dependencies all met for dep_context=requeueable deps ti=<TaskInstance: pricescope_pipeline.dbt_run manual__2026-08-03T22:20:56+00:00 [queued]>
[2026-08-03T22:23:11.677+0000] {taskinstance.py:2866} INFO - Starting attempt 1 of 2
[2026-08-03T22:23:11.697+0000] {taskinstance.py:2889} INFO - Executing <Task(BashOperator): dbt_run> on 2026-08-03 22:20:56+00:00
[2026-08-03T22:23:11.707+0000] {warnings.py:112} WARNING - /home/***/.local/lib/python3.12/site-packages/***/task/task_runner/standard_task_runner.py:70: DeprecationWarning: This process (pid=4707) is multi-threaded, use of fork() may lead to deadlocks in the child.
  pid = os.fork()

[2026-08-03T22:23:11.710+0000] {standard_task_runner.py:72} INFO - Started process 4708 to run task
[2026-08-03T22:23:11.710+0000] {standard_task_runner.py:104} INFO - Running: ['***', 'tasks', 'run', 'pricescope_pipeline', 'dbt_run', 'manual__2026-08-03T22:20:56+00:00', '--job-id', '89', '--raw', '--subdir', 'DAGS_FOLDER/pricescope_pipeline.py', '--cfg-path', '/tmp/tmpfmyge73j']
[2026-08-03T22:23:11.713+0000] {standard_task_runner.py:105} INFO - Job 89: Subtask dbt_run
[2026-08-03T22:23:11.793+0000] {task_command.py:467} INFO - Running <TaskInstance: pricescope_pipeline.dbt_run manual__2026-08-03T22:20:56+00:00 [running]> on host df8d0649364a
[2026-08-03T22:23:11.889+0000] {taskinstance.py:3132} INFO - Exporting env vars: AIRFLOW_CTX_DAG_OWNER='govind' AIRFLOW_CTX_DAG_ID='pricescope_pipeline' AIRFLOW_CTX_TASK_ID='dbt_run' AIRFLOW_CTX_EXECUTION_DATE='2026-08-03T22:20:56+00:00' AIRFLOW_CTX_TRY_NUMBER='1' AIRFLOW_CTX_DAG_RUN_ID='manual__2026-08-03T22:20:56+00:00'
[2026-08-03T22:23:11.891+0000] {taskinstance.py:731} INFO - ::endgroup::
[2026-08-03T22:23:11.907+0000] {subprocess.py:78} INFO - Tmp dir root location: /tmp
[2026-08-03T22:23:11.909+0000] {subprocess.py:88} INFO - Running command: ['/usr/bin/bash', '-c', '/opt/dbt_venv/bin/dbt run --profiles-dir /opt/***/pricescope/dbt_project --project-dir /opt/***/pricescope/dbt_project --vars \'{"run_date": "2026-08-03", "run_hour": "22"}\'']
[2026-08-03T22:23:11.922+0000] {subprocess.py:99} INFO - Output:
[2026-08-03T22:23:15.722+0000] {subprocess.py:106} INFO - [0m22:23:15  Running with dbt=1.12.0
[2026-08-03T22:23:16.885+0000] {subprocess.py:106} INFO - [0m22:23:16  Registered adapter: redshift=1.11.0
[2026-08-03T22:23:17.460+0000] {subprocess.py:106} INFO - [0m22:23:17  Unable to do partial parsing because config vars, config profile, or config target have changed
[2026-08-03T22:23:19.884+0000] {subprocess.py:106} INFO - [0m22:23:19  [[33mWARNING[0m][MissingArgumentsPropertyInGenericTestDeprecation]: Deprecated
[2026-08-03T22:23:19.886+0000] {subprocess.py:106} INFO - functionality
[2026-08-03T22:23:19.888+0000] {subprocess.py:106} INFO - Found top-level arguments to test `relationships` defined on
[2026-08-03T22:23:19.889+0000] {subprocess.py:106} INFO - 'fact_price_snapshots' in package 'pricescope' (models/marts/_marts.yml).
[2026-08-03T22:23:19.891+0000] {subprocess.py:106} INFO - Arguments to generic tests should be nested under the `arguments` property.
[2026-08-03T22:23:20.794+0000] {subprocess.py:106} INFO - [0m22:23:20  Found 6 models, 22 data tests, 1 source, 567 macros
[2026-08-03T22:23:20.801+0000] {subprocess.py:106} INFO - [0m22:23:20
[2026-08-03T22:23:20.803+0000] {subprocess.py:106} INFO - [0m22:23:20  Concurrency: 4 threads (target='dev')
[2026-08-03T22:23:20.804+0000] {subprocess.py:106} INFO - [0m22:23:20
[2026-08-03T22:23:29.844+0000] {subprocess.py:106} INFO - [0m22:23:29  1 of 6 START sql table model marts.dim_date .................................... [RUN]
[2026-08-03T22:23:29.847+0000] {subprocess.py:106} INFO - [0m22:23:29  2 of 6 START sql table model marts_staging.stg_smartprix_prices ................ [RUN]
[2026-08-03T22:23:40.635+0000] {subprocess.py:106} INFO - [0m22:23:40  1 of 6 OK created sql table model marts.dim_date ............................... [[32mSUCCESS[0m in 10.78s]
[2026-08-03T22:23:40.640+0000] {subprocess.py:106} INFO - [0m22:23:40  2 of 6 OK created sql table model marts_staging.stg_smartprix_prices ........... [[32mSUCCESS[0m in 10.79s]
[2026-08-03T22:23:40.649+0000] {subprocess.py:106} INFO - [0m22:23:40  3 of 6 START sql table model marts.dim_category ................................ [RUN]
[2026-08-03T22:23:40.651+0000] {subprocess.py:106} INFO - [0m22:23:40  4 of 6 START sql table model marts.dim_platform ................................ [RUN]
[2026-08-03T22:23:40.652+0000] {subprocess.py:106} INFO - [0m22:23:40  5 of 6 START sql table model marts.dim_product ................................. [RUN]
[2026-08-03T22:23:52.776+0000] {subprocess.py:106} INFO - [0m22:23:52  5 of 6 OK created sql table model marts.dim_product ............................ [[32mSUCCESS[0m in 12.11s]
[2026-08-03T22:23:52.779+0000] {subprocess.py:106} INFO - [0m22:23:52  3 of 6 OK created sql table model marts.dim_category ........................... [[32mSUCCESS[0m in 12.12s]
[2026-08-03T22:23:52.784+0000] {subprocess.py:106} INFO - [0m22:23:52  4 of 6 OK created sql table model marts.dim_platform ........................... [[32mSUCCESS[0m in 12.12s]
[2026-08-03T22:23:52.802+0000] {subprocess.py:106} INFO - [0m22:23:52  6 of 6 START sql table model marts.fact_price_snapshots ........................ [RUN]
[2026-08-03T22:24:01.433+0000] {subprocess.py:106} INFO - [0m22:24:01  6 of 6 OK created sql table model marts.fact_price_snapshots ................... [[32mSUCCESS[0m in 8.62s]
[2026-08-03T22:24:03.945+0000] {subprocess.py:106} INFO - [0m22:24:03
[2026-08-03T22:24:03.949+0000] {subprocess.py:106} INFO - [0m22:24:03  Finished running 6 table models in 0 hours 0 minutes and 43.14 seconds (43.14s).
[2026-08-03T22:24:04.317+0000] {subprocess.py:106} INFO - [0m22:24:04
[2026-08-03T22:24:04.319+0000] {subprocess.py:106} INFO - [0m22:24:04  [32mCompleted successfully[0m
[2026-08-03T22:24:04.322+0000] {subprocess.py:106} INFO - [0m22:24:04
[2026-08-03T22:24:04.324+0000] {subprocess.py:106} INFO - [0m22:24:04  Done. PASS=6 WARN=0 ERROR=0 SKIP=0 NO-OP=0 REUSED=0 TOTAL=6
[2026-08-03T22:24:04.327+0000] {subprocess.py:106} INFO - [0m22:24:04  [[33mWARNING[0m][DeprecationsSummary]: Deprecated functionality
[2026-08-03T22:24:04.328+0000] {subprocess.py:106} INFO - Summary of encountered deprecations:
[2026-08-03T22:24:04.330+0000] {subprocess.py:106} INFO - - MissingArgumentsPropertyInGenericTestDeprecation: 4 occurrences
[2026-08-03T22:24:04.331+0000] {subprocess.py:106} INFO - To see all deprecation instances instead of just the first occurrence of each,
[2026-08-03T22:24:04.333+0000] {subprocess.py:106} INFO - run command again with the `--show-all-deprecations` flag. You may also need to
[2026-08-03T22:24:04.335+0000] {subprocess.py:106} INFO - run with `--no-partial-parse` as some deprecations are only encountered during
[2026-08-03T22:24:04.336+0000] {subprocess.py:106} INFO - parsing.
[2026-08-03T22:24:06.551+0000] {subprocess.py:110} INFO - Command exited with return code 0
[2026-08-03T22:24:06.581+0000] {taskinstance.py:340} INFO - ::group::Post task execution logs
[2026-08-03T22:24:06.584+0000] {taskinstance.py:352} INFO - Marking task as SUCCESS. dag_id=pricescope_pipeline, task_id=dbt_run, run_id=manual__2026-08-03T22:20:56+00:00, execution_date=20260803T222056, start_date=20260803T222311, end_date=20260803T222406
[2026-08-03T22:24:06.623+0000] {local_task_job_runner.py:266} INFO - Task exited with return code 0
[2026-08-03T22:24:06.650+0000] {taskinstance.py:3895} INFO - 1 downstream tasks scheduled from follow-on schedule check
[2026-08-03T22:24:06.656+0000] {local_task_job_runner.py:245} INFO - ::endgroup::
