[2026-08-02T21:41:56.619+0000] {local_task_job_runner.py:123} INFO - ::group::Pre task execution logs
[2026-08-02T21:41:56.639+0000] {taskinstance.py:2613} INFO - Dependencies all met for dep_context=non-requeueable deps ti=<TaskInstance: pricescope_pipeline.dbt_run manual__2026-08-02T21:34:51+00:00 [queued]>
[2026-08-02T21:41:56.654+0000] {taskinstance.py:2613} INFO - Dependencies all met for dep_context=requeueable deps ti=<TaskInstance: pricescope_pipeline.dbt_run manual__2026-08-02T21:34:51+00:00 [queued]>
[2026-08-02T21:41:56.657+0000] {taskinstance.py:2866} INFO - Starting attempt 1 of 2
[2026-08-02T21:41:56.677+0000] {taskinstance.py:2889} INFO - Executing <Task(BashOperator): dbt_run> on 2026-08-02 21:34:51+00:00
[2026-08-02T21:41:56.685+0000] {warnings.py:112} WARNING - /home/***/.local/lib/python3.12/site-packages/***/task/task_runner/standard_task_runner.py:70: DeprecationWarning: This process (pid=4872) is multi-threaded, use of fork() may lead to deadlocks in the child.
  pid = os.fork()

[2026-08-02T21:41:56.688+0000] {standard_task_runner.py:72} INFO - Started process 4873 to run task
[2026-08-02T21:41:56.689+0000] {standard_task_runner.py:104} INFO - Running: ['***', 'tasks', 'run', 'pricescope_pipeline', 'dbt_run', 'manual__2026-08-02T21:34:51+00:00', '--job-id', '77', '--raw', '--subdir', 'DAGS_FOLDER/pricescope_pipeline.py', '--cfg-path', '/tmp/tmpbswjzngf']
[2026-08-02T21:41:56.692+0000] {standard_task_runner.py:105} INFO - Job 77: Subtask dbt_run
[2026-08-02T21:41:56.783+0000] {task_command.py:467} INFO - Running <TaskInstance: pricescope_pipeline.dbt_run manual__2026-08-02T21:34:51+00:00 [running]> on host a06cd3c668fc
[2026-08-02T21:41:56.900+0000] {taskinstance.py:3132} INFO - Exporting env vars: AIRFLOW_CTX_DAG_OWNER='govind' AIRFLOW_CTX_DAG_ID='pricescope_pipeline' AIRFLOW_CTX_TASK_ID='dbt_run' AIRFLOW_CTX_EXECUTION_DATE='2026-08-02T21:34:51+00:00' AIRFLOW_CTX_TRY_NUMBER='1' AIRFLOW_CTX_DAG_RUN_ID='manual__2026-08-02T21:34:51+00:00'
[2026-08-02T21:41:56.904+0000] {taskinstance.py:731} INFO - ::endgroup::
[2026-08-02T21:41:56.914+0000] {subprocess.py:78} INFO - Tmp dir root location: /tmp
[2026-08-02T21:41:56.917+0000] {subprocess.py:88} INFO - Running command: ['/usr/bin/bash', '-c', '/opt/dbt_venv/bin/dbt run --profiles-dir /opt/***/pricescope/dbt_project --project-dir /opt/***/pricescope/dbt_project --vars \'{"run_date": "2026-08-02", "run_hour": "21"}\'']
[2026-08-02T21:41:56.926+0000] {subprocess.py:99} INFO - Output:
[2026-08-02T21:42:00.140+0000] {subprocess.py:106} INFO - [0m21:42:00  Running with dbt=1.12.0
[2026-08-02T21:42:00.706+0000] {subprocess.py:106} INFO - [0m21:42:00  Registered adapter: redshift=1.11.0
[2026-08-02T21:42:01.063+0000] {subprocess.py:106} INFO - [0m21:42:01  Unable to do partial parsing because config vars, config profile, or config target have changed
[2026-08-02T21:42:03.302+0000] {subprocess.py:106} INFO - [0m21:42:03  [[33mWARNING[0m][MissingArgumentsPropertyInGenericTestDeprecation]: Deprecated
[2026-08-02T21:42:03.305+0000] {subprocess.py:106} INFO - functionality
[2026-08-02T21:42:03.307+0000] {subprocess.py:106} INFO - Found top-level arguments to test `relationships` defined on
[2026-08-02T21:42:03.310+0000] {subprocess.py:106} INFO - 'fact_price_snapshots' in package 'pricescope' (models/marts/_marts.yml).
[2026-08-02T21:42:03.313+0000] {subprocess.py:106} INFO - Arguments to generic tests should be nested under the `arguments` property.
[2026-08-02T21:42:04.126+0000] {subprocess.py:106} INFO - [0m21:42:04  Found 6 models, 22 data tests, 1 source, 567 macros
[2026-08-02T21:42:04.133+0000] {subprocess.py:106} INFO - [0m21:42:04
[2026-08-02T21:42:04.136+0000] {subprocess.py:106} INFO - [0m21:42:04  Concurrency: 4 threads (target='dev')
[2026-08-02T21:42:04.138+0000] {subprocess.py:106} INFO - [0m21:42:04
[2026-08-02T21:42:13.858+0000] {subprocess.py:106} INFO - [0m21:42:13  1 of 6 START sql table model marts.dim_date .................................... [RUN]
[2026-08-02T21:42:13.861+0000] {subprocess.py:106} INFO - [0m21:42:13  2 of 6 START sql table model marts_staging.stg_smartprix_prices ................ [RUN]
[2026-08-02T21:42:21.105+0000] {subprocess.py:106} INFO - [0m21:42:21  1 of 6 OK created sql table model marts.dim_date ............................... [[32mSUCCESS[0m in 7.24s]
[2026-08-02T21:42:24.110+0000] {subprocess.py:106} INFO - [0m21:42:24  2 of 6 OK created sql table model marts_staging.stg_smartprix_prices ........... [[32mSUCCESS[0m in 10.24s]
[2026-08-02T21:42:24.123+0000] {subprocess.py:106} INFO - [0m21:42:24  3 of 6 START sql table model marts.dim_category ................................ [RUN]
[2026-08-02T21:42:24.126+0000] {subprocess.py:106} INFO - [0m21:42:24  4 of 6 START sql table model marts.dim_platform ................................ [RUN]
[2026-08-02T21:42:24.128+0000] {subprocess.py:106} INFO - [0m21:42:24  5 of 6 START sql table model marts.dim_product ................................. [RUN]
[2026-08-02T21:42:34.921+0000] {subprocess.py:106} INFO - [0m21:42:34  4 of 6 OK created sql table model marts.dim_platform ........................... [[32mSUCCESS[0m in 10.78s]
[2026-08-02T21:42:35.102+0000] {subprocess.py:106} INFO - [0m21:42:35  5 of 6 OK created sql table model marts.dim_product ............................ [[32mSUCCESS[0m in 10.96s]
[2026-08-02T21:42:35.533+0000] {subprocess.py:106} INFO - [0m21:42:35  3 of 6 OK created sql table model marts.dim_category ........................... [[32mSUCCESS[0m in 11.40s]
[2026-08-02T21:42:35.545+0000] {subprocess.py:106} INFO - [0m21:42:35  6 of 6 START sql table model marts.fact_price_snapshots ........................ [RUN]
[2026-08-02T21:42:43.419+0000] {subprocess.py:106} INFO - [0m21:42:43  6 of 6 OK created sql table model marts.fact_price_snapshots ................... [[32mSUCCESS[0m in 7.87s]
[2026-08-02T21:42:45.844+0000] {subprocess.py:106} INFO - [0m21:42:45
[2026-08-02T21:42:45.847+0000] {subprocess.py:106} INFO - [0m21:42:45  Finished running 6 table models in 0 hours 0 minutes and 41.70 seconds (41.70s).
[2026-08-02T21:42:46.167+0000] {subprocess.py:106} INFO - [0m21:42:46
[2026-08-02T21:42:46.169+0000] {subprocess.py:106} INFO - [0m21:42:46  [32mCompleted successfully[0m
[2026-08-02T21:42:46.171+0000] {subprocess.py:106} INFO - [0m21:42:46
[2026-08-02T21:42:46.172+0000] {subprocess.py:106} INFO - [0m21:42:46  Done. PASS=6 WARN=0 ERROR=0 SKIP=0 NO-OP=0 REUSED=0 TOTAL=6
[2026-08-02T21:42:46.175+0000] {subprocess.py:106} INFO - [0m21:42:46  [[33mWARNING[0m][DeprecationsSummary]: Deprecated functionality
[2026-08-02T21:42:46.176+0000] {subprocess.py:106} INFO - Summary of encountered deprecations:
[2026-08-02T21:42:46.178+0000] {subprocess.py:106} INFO - - MissingArgumentsPropertyInGenericTestDeprecation: 4 occurrences
[2026-08-02T21:42:46.180+0000] {subprocess.py:106} INFO - To see all deprecation instances instead of just the first occurrence of each,
[2026-08-02T21:42:46.181+0000] {subprocess.py:106} INFO - run command again with the `--show-all-deprecations` flag. You may also need to
[2026-08-02T21:42:46.183+0000] {subprocess.py:106} INFO - run with `--no-partial-parse` as some deprecations are only encountered during
[2026-08-02T21:42:46.184+0000] {subprocess.py:106} INFO - parsing.
[2026-08-02T21:42:48.398+0000] {subprocess.py:110} INFO - Command exited with return code 0
[2026-08-02T21:42:48.439+0000] {taskinstance.py:340} INFO - ::group::Post task execution logs
[2026-08-02T21:42:48.442+0000] {taskinstance.py:352} INFO - Marking task as SUCCESS. dag_id=pricescope_pipeline, task_id=dbt_run, run_id=manual__2026-08-02T21:34:51+00:00, execution_date=20260802T213451, start_date=20260802T214156, end_date=20260802T214248
[2026-08-02T21:42:48.478+0000] {local_task_job_runner.py:266} INFO - Task exited with return code 0
[2026-08-02T21:42:48.500+0000] {taskinstance.py:3895} INFO - 1 downstream tasks scheduled from follow-on schedule check
[2026-08-02T21:42:48.505+0000] {local_task_job_runner.py:245} INFO - ::endgroup::
