[2026-08-02T16:26:50.279+0000] {local_task_job_runner.py:123} INFO - ::group::Pre task execution logs
[2026-08-02T16:26:50.295+0000] {taskinstance.py:2613} INFO - Dependencies all met for dep_context=non-requeueable deps ti=<TaskInstance: pricescope_pipeline.scrape_smartprix manual__2026-08-02T16:26:48.205659+00:00 [queued]>
[2026-08-02T16:26:50.306+0000] {taskinstance.py:2613} INFO - Dependencies all met for dep_context=requeueable deps ti=<TaskInstance: pricescope_pipeline.scrape_smartprix manual__2026-08-02T16:26:48.205659+00:00 [queued]>
[2026-08-02T16:26:50.308+0000] {taskinstance.py:2866} INFO - Starting attempt 1 of 2
[2026-08-02T16:26:50.326+0000] {taskinstance.py:2889} INFO - Executing <Task(BashOperator): scrape_smartprix> on 2026-08-02 16:26:48.205659+00:00
[2026-08-02T16:26:50.338+0000] {standard_task_runner.py:104} INFO - Running: ['***', 'tasks', 'run', 'pricescope_pipeline', 'scrape_smartprix', 'manual__2026-08-02T16:26:48.205659+00:00', '--job-id', '50', '--raw', '--subdir', 'DAGS_FOLDER/pricescope_pipeline.py', '--cfg-path', '/tmp/tmp9l1xrzgc']
[2026-08-02T16:26:50.336+0000] {warnings.py:112} WARNING - /home/***/.local/lib/python3.12/site-packages/***/task/task_runner/standard_task_runner.py:70: DeprecationWarning: This process (pid=136) is multi-threaded, use of fork() may lead to deadlocks in the child.
  pid = os.fork()

[2026-08-02T16:26:50.343+0000] {standard_task_runner.py:105} INFO - Job 50: Subtask scrape_smartprix
[2026-08-02T16:26:50.344+0000] {standard_task_runner.py:72} INFO - Started process 137 to run task
[2026-08-02T16:26:50.445+0000] {task_command.py:467} INFO - Running <TaskInstance: pricescope_pipeline.scrape_smartprix manual__2026-08-02T16:26:48.205659+00:00 [running]> on host a06cd3c668fc
[2026-08-02T16:26:50.545+0000] {taskinstance.py:3132} INFO - Exporting env vars: AIRFLOW_CTX_DAG_OWNER='govind' AIRFLOW_CTX_DAG_ID='pricescope_pipeline' AIRFLOW_CTX_TASK_ID='scrape_smartprix' AIRFLOW_CTX_EXECUTION_DATE='2026-08-02T16:26:48.205659+00:00' AIRFLOW_CTX_TRY_NUMBER='1' AIRFLOW_CTX_DAG_RUN_ID='manual__2026-08-02T16:26:48.205659+00:00'
[2026-08-02T16:26:50.547+0000] {taskinstance.py:731} INFO - ::endgroup::
[2026-08-02T16:26:50.569+0000] {subprocess.py:78} INFO - Tmp dir root location: /tmp
[2026-08-02T16:26:50.573+0000] {subprocess.py:88} INFO - Running command: ['/usr/bin/bash', '-c', 'cd /opt/***/pricescope && python scrapers/smartprix/smartprix_scraper.py']
[2026-08-02T16:26:50.586+0000] {subprocess.py:99} INFO - Output:
[2026-08-02T16:27:16.575+0000] {subprocess.py:106} INFO - ==================================================
[2026-08-02T16:27:16.577+0000] {subprocess.py:106} INFO - Smartprix Scraper Starting
[2026-08-02T16:27:16.578+0000] {subprocess.py:106} INFO - Run time: 2026-08-02 16:26:51.734728
[2026-08-02T16:27:16.580+0000] {subprocess.py:106} INFO - ==================================================
[2026-08-02T16:27:16.581+0000] {subprocess.py:106} INFO - 
[2026-08-02T16:27:16.582+0000] {subprocess.py:106} INFO - Category: SMARTPHONES
[2026-08-02T16:27:16.584+0000] {subprocess.py:106} INFO - 
[2026-08-02T16:27:16.586+0000] {subprocess.py:106} INFO -  Page 1...
[2026-08-02T16:27:16.588+0000] {subprocess.py:106} INFO -  Fetching: https://www.smartprix.com/mobiles
[2026-08-02T16:27:16.591+0000] {subprocess.py:106} INFO -  Parsed 28 products (total: 28)
[2026-08-02T16:27:16.594+0000] {subprocess.py:106} INFO - 
[2026-08-02T16:27:16.598+0000] {subprocess.py:106} INFO -  Page 2...
[2026-08-02T16:27:16.600+0000] {subprocess.py:106} INFO -  Fetching: https://www.smartprix.com/mobiles?page=2
[2026-08-02T16:27:16.603+0000] {subprocess.py:106} INFO -  Parsed 28 products (total: 56)
[2026-08-02T16:27:16.604+0000] {subprocess.py:106} INFO -  Uploaded → s3://price-scope/bronze/source=smartprix/category=smartphones/year=2026/month=08/day=02/hour=16/smartprix_smartphones_20260802_162702.json
[2026-08-02T16:27:16.606+0000] {subprocess.py:106} INFO - 
[2026-08-02T16:27:16.608+0000] {subprocess.py:106} INFO - Done: 56 products → bronze/source=smartprix/category=smartphones/year=2026/month=08/day=02/hour=16/smartprix_smartphones_20260802_162702.json
[2026-08-02T16:27:16.610+0000] {subprocess.py:106} INFO - 
[2026-08-02T16:27:16.611+0000] {subprocess.py:106} INFO - Category: LAPTOPS
[2026-08-02T16:27:16.612+0000] {subprocess.py:106} INFO - 
[2026-08-02T16:27:16.613+0000] {subprocess.py:106} INFO -  Page 1...
[2026-08-02T16:27:16.615+0000] {subprocess.py:106} INFO -  Fetching: https://www.smartprix.com/laptops
[2026-08-02T16:27:16.617+0000] {subprocess.py:106} INFO -  Parsed 28 products (total: 28)
[2026-08-02T16:27:16.620+0000] {subprocess.py:106} INFO - 
[2026-08-02T16:27:16.622+0000] {subprocess.py:106} INFO -  Page 2...
[2026-08-02T16:27:16.624+0000] {subprocess.py:106} INFO -  Fetching: https://www.smartprix.com/laptops?page=2
[2026-08-02T16:27:16.626+0000] {subprocess.py:106} INFO -  Parsed 28 products (total: 56)
[2026-08-02T16:27:16.628+0000] {subprocess.py:106} INFO -  Uploaded → s3://price-scope/bronze/source=smartprix/category=laptops/year=2026/month=08/day=02/hour=16/smartprix_laptops_20260802_162714.json
[2026-08-02T16:27:16.630+0000] {subprocess.py:106} INFO - 
[2026-08-02T16:27:16.632+0000] {subprocess.py:106} INFO - Done: 56 products → bronze/source=smartprix/category=laptops/year=2026/month=08/day=02/hour=16/smartprix_laptops_20260802_162714.json
[2026-08-02T16:27:16.634+0000] {subprocess.py:106} INFO - 
[2026-08-02T16:27:16.636+0000] {subprocess.py:106} INFO - Scraper finished.
[2026-08-02T16:27:16.739+0000] {subprocess.py:110} INFO - Command exited with return code 0
[2026-08-02T16:27:16.806+0000] {taskinstance.py:340} INFO - ::group::Post task execution logs
[2026-08-02T16:27:16.808+0000] {taskinstance.py:352} INFO - Marking task as SUCCESS. dag_id=pricescope_pipeline, task_id=scrape_smartprix, run_id=manual__2026-08-02T16:26:48.205659+00:00, execution_date=20260802T162648, start_date=20260802T162650, end_date=20260802T162716
[2026-08-02T16:27:16.870+0000] {local_task_job_runner.py:266} INFO - Task exited with return code 0
[2026-08-02T16:27:16.924+0000] {taskinstance.py:3895} INFO - 1 downstream tasks scheduled from follow-on schedule check
[2026-08-02T16:27:16.930+0000] {local_task_job_runner.py:245} INFO - ::endgroup::
