[2026-08-01T20:01:49.471+0000] {local_task_job_runner.py:123} INFO - ::group::Pre task execution logs
[2026-08-01T20:01:49.496+0000] {taskinstance.py:2613} INFO - Dependencies all met for dep_context=non-requeueable deps ti=<TaskInstance: pricescope_pipeline.bronze_to_silver manual__2026-08-01T19:56:09.599798+00:00 [queued]>
[2026-08-01T20:01:49.507+0000] {taskinstance.py:2613} INFO - Dependencies all met for dep_context=requeueable deps ti=<TaskInstance: pricescope_pipeline.bronze_to_silver manual__2026-08-01T19:56:09.599798+00:00 [queued]>
[2026-08-01T20:01:49.509+0000] {taskinstance.py:2866} INFO - Starting attempt 2 of 2
[2026-08-01T20:01:49.526+0000] {taskinstance.py:2889} INFO - Executing <Task(GlueJobOperator): bronze_to_silver> on 2026-08-01 19:56:09.599798+00:00
[2026-08-01T20:01:49.537+0000] {warnings.py:112} WARNING - /home/***/.local/lib/python3.12/site-packages/***/task/task_runner/standard_task_runner.py:70: DeprecationWarning: This process (pid=1157) is multi-threaded, use of fork() may lead to deadlocks in the child.
  pid = os.fork()

[2026-08-01T20:01:49.542+0000] {standard_task_runner.py:72} INFO - Started process 1158 to run task
[2026-08-01T20:01:49.541+0000] {standard_task_runner.py:104} INFO - Running: ['***', 'tasks', 'run', 'pricescope_pipeline', 'bronze_to_silver', 'manual__2026-08-01T19:56:09.599798+00:00', '--job-id', '22', '--raw', '--subdir', 'DAGS_FOLDER/pricescope_pipeline.py', '--cfg-path', '/tmp/tmpt8utb3sc']
[2026-08-01T20:01:49.546+0000] {standard_task_runner.py:105} INFO - Job 22: Subtask bronze_to_silver
[2026-08-01T20:01:49.636+0000] {task_command.py:467} INFO - Running <TaskInstance: pricescope_pipeline.bronze_to_silver manual__2026-08-01T19:56:09.599798+00:00 [running]> on host a06cd3c668fc
[2026-08-01T20:01:49.731+0000] {taskinstance.py:3132} INFO - Exporting env vars: AIRFLOW_CTX_DAG_OWNER='govind' AIRFLOW_CTX_DAG_ID='pricescope_pipeline' AIRFLOW_CTX_TASK_ID='bronze_to_silver' AIRFLOW_CTX_EXECUTION_DATE='2026-08-01T19:56:09.599798+00:00' AIRFLOW_CTX_TRY_NUMBER='2' AIRFLOW_CTX_DAG_RUN_ID='manual__2026-08-01T19:56:09.599798+00:00'
[2026-08-01T20:01:49.734+0000] {taskinstance.py:731} INFO - ::endgroup::
[2026-08-01T20:01:49.747+0000] {glue.py:188} INFO - Initializing AWS Glue Job: pricescope-bronze-to-silver. Wait for completion: True
[2026-08-01T20:01:49.749+0000] {glue.py:365} INFO - Checking if job already exists: pricescope-bronze-to-silver
[2026-08-01T20:01:49.761+0000] {base_aws.py:603} WARNING - Unable to find AWS Connection ID 'aws_default', switching to empty.
[2026-08-01T20:01:49.764+0000] {base_aws.py:177} INFO - No connection ID provided. Fallback on boto3 credential strategy (region_name='eu-north-1'). See: https://boto3.amazonaws.com/v1/documentation/api/latest/guide/configuration.html
[2026-08-01T20:01:49.945+0000] {credentials.py:1147} INFO - Found credentials in environment variables.
[2026-08-01T20:01:51.208+0000] {glue.py:209} INFO - You can monitor this Glue Job run at: https://console.aws.amazon.com/gluestudio/home?region=eu-north-1#/job/pricescope-bronze-to-silver/run/jr_60a801c706c82005596dc564bc0aa9e5c77ef985ce5c91fe329325614b6d8a8d
[2026-08-01T20:01:51.484+0000] {glue.py:348} INFO - Polling for AWS Glue Job pricescope-bronze-to-silver current run state with status RUNNING
[2026-08-01T20:01:57.733+0000] {glue.py:348} INFO - Polling for AWS Glue Job pricescope-bronze-to-silver current run state with status RUNNING
[2026-08-01T20:02:04.018+0000] {glue.py:348} INFO - Polling for AWS Glue Job pricescope-bronze-to-silver current run state with status RUNNING
[2026-08-01T20:02:10.265+0000] {glue.py:348} INFO - Polling for AWS Glue Job pricescope-bronze-to-silver current run state with status RUNNING
[2026-08-01T20:02:16.502+0000] {glue.py:348} INFO - Polling for AWS Glue Job pricescope-bronze-to-silver current run state with status RUNNING
[2026-08-01T20:02:22.730+0000] {glue.py:348} INFO - Polling for AWS Glue Job pricescope-bronze-to-silver current run state with status RUNNING
[2026-08-01T20:02:28.960+0000] {glue.py:348} INFO - Polling for AWS Glue Job pricescope-bronze-to-silver current run state with status RUNNING
[2026-08-01T20:02:35.227+0000] {glue.py:348} INFO - Polling for AWS Glue Job pricescope-bronze-to-silver current run state with status RUNNING
[2026-08-01T20:02:41.464+0000] {glue.py:348} INFO - Polling for AWS Glue Job pricescope-bronze-to-silver current run state with status RUNNING
[2026-08-01T20:02:47.700+0000] {glue.py:348} INFO - Polling for AWS Glue Job pricescope-bronze-to-silver current run state with status RUNNING
[2026-08-01T20:02:54.023+0000] {glue.py:348} INFO - Polling for AWS Glue Job pricescope-bronze-to-silver current run state with status RUNNING
[2026-08-01T20:03:00.254+0000] {glue.py:348} INFO - Polling for AWS Glue Job pricescope-bronze-to-silver current run state with status RUNNING
[2026-08-01T20:03:06.489+0000] {glue.py:348} INFO - Polling for AWS Glue Job pricescope-bronze-to-silver current run state with status RUNNING
[2026-08-01T20:03:12.725+0000] {glue.py:348} INFO - Polling for AWS Glue Job pricescope-bronze-to-silver current run state with status RUNNING
[2026-08-01T20:03:18.987+0000] {glue.py:348} INFO - Polling for AWS Glue Job pricescope-bronze-to-silver current run state with status RUNNING
[2026-08-01T20:03:25.195+0000] {glue.py:341} INFO - Exiting Job jr_60a801c706c82005596dc564bc0aa9e5c77ef985ce5c91fe329325614b6d8a8d Run State: SUCCEEDED
[2026-08-01T20:03:25.196+0000] {glue.py:224} INFO - AWS Glue Job: pricescope-bronze-to-silver status: SUCCEEDED. Run Id: jr_60a801c706c82005596dc564bc0aa9e5c77ef985ce5c91fe329325614b6d8a8d
[2026-08-01T20:03:25.223+0000] {taskinstance.py:340} INFO - ::group::Post task execution logs
[2026-08-01T20:03:25.224+0000] {taskinstance.py:352} INFO - Marking task as SUCCESS. dag_id=pricescope_pipeline, task_id=bronze_to_silver, run_id=manual__2026-08-01T19:56:09.599798+00:00, execution_date=20260801T195609, start_date=20260801T200149, end_date=20260801T200325
[2026-08-01T20:03:25.265+0000] {local_task_job_runner.py:266} INFO - Task exited with return code 0
[2026-08-01T20:03:25.293+0000] {taskinstance.py:3895} INFO - 1 downstream tasks scheduled from follow-on schedule check
[2026-08-01T20:03:25.298+0000] {local_task_job_runner.py:245} INFO - ::endgroup::
