[2026-08-02T10:22:41.519+0000] {local_task_job_runner.py:123} INFO - ::group::Pre task execution logs
[2026-08-02T10:22:41.534+0000] {taskinstance.py:2613} INFO - Dependencies all met for dep_context=non-requeueable deps ti=<TaskInstance: pricescope_pipeline.dbt_run scheduled__2026-08-01T18:00:00+00:00 [queued]>
[2026-08-02T10:22:41.544+0000] {taskinstance.py:2613} INFO - Dependencies all met for dep_context=requeueable deps ti=<TaskInstance: pricescope_pipeline.dbt_run scheduled__2026-08-01T18:00:00+00:00 [queued]>
[2026-08-02T10:22:41.548+0000] {taskinstance.py:2866} INFO - Starting attempt 1 of 2
[2026-08-02T10:22:41.562+0000] {taskinstance.py:2889} INFO - Executing <Task(BashOperator): dbt_run> on 2026-08-01 18:00:00+00:00
[2026-08-02T10:22:41.569+0000] {warnings.py:112} WARNING - /home/***/.local/lib/python3.12/site-packages/***/task/task_runner/standard_task_runner.py:70: DeprecationWarning: This process (pid=202) is multi-threaded, use of fork() may lead to deadlocks in the child.
  pid = os.fork()

[2026-08-02T10:22:41.571+0000] {standard_task_runner.py:104} INFO - Running: ['***', 'tasks', 'run', 'pricescope_pipeline', 'dbt_run', 'scheduled__2026-08-01T18:00:00+00:00', '--job-id', '42', '--raw', '--subdir', 'DAGS_FOLDER/pricescope_pipeline.py', '--cfg-path', '/tmp/tmpa30epekk']
[2026-08-02T10:22:41.573+0000] {standard_task_runner.py:72} INFO - Started process 203 to run task
[2026-08-02T10:22:41.574+0000] {standard_task_runner.py:105} INFO - Job 42: Subtask dbt_run
[2026-08-02T10:22:41.650+0000] {task_command.py:467} INFO - Running <TaskInstance: pricescope_pipeline.dbt_run scheduled__2026-08-01T18:00:00+00:00 [running]> on host a06cd3c668fc
[2026-08-02T10:22:41.723+0000] {taskinstance.py:3132} INFO - Exporting env vars: AIRFLOW_CTX_DAG_OWNER='govind' AIRFLOW_CTX_DAG_ID='pricescope_pipeline' AIRFLOW_CTX_TASK_ID='dbt_run' AIRFLOW_CTX_EXECUTION_DATE='2026-08-01T18:00:00+00:00' AIRFLOW_CTX_TRY_NUMBER='1' AIRFLOW_CTX_DAG_RUN_ID='scheduled__2026-08-01T18:00:00+00:00'
[2026-08-02T10:22:41.726+0000] {taskinstance.py:731} INFO - ::endgroup::
[2026-08-02T10:22:41.737+0000] {subprocess.py:78} INFO - Tmp dir root location: /tmp
[2026-08-02T10:22:41.740+0000] {subprocess.py:88} INFO - Running command: ['/usr/bin/bash', '-c', '/opt/dbt_venv/bin/dbt run --profiles-dir /opt/***/pricescope/dbt_project --project-dir /opt/***/pricescope/dbt_project ']
[2026-08-02T10:22:41.753+0000] {subprocess.py:99} INFO - Output:
[2026-08-02T10:22:44.529+0000] {subprocess.py:106} INFO - [0m10:22:44  Running with dbt=1.12.0
[2026-08-02T10:22:45.964+0000] {subprocess.py:106} INFO - [0m10:22:45  Registered adapter: redshift=1.11.0
[2026-08-02T10:22:47.452+0000] {subprocess.py:106} INFO - [0m10:22:47  Unable to do partial parsing because an error occurred. Switching to full reparse.
[2026-08-02T10:22:50.048+0000] {subprocess.py:106} INFO - [0m10:22:50  [[33mWARNING[0m][MissingArgumentsPropertyInGenericTestDeprecation]: Deprecated
[2026-08-02T10:22:50.049+0000] {subprocess.py:106} INFO - functionality
[2026-08-02T10:22:50.052+0000] {subprocess.py:106} INFO - Found top-level arguments to test `relationships` defined on
[2026-08-02T10:22:50.055+0000] {subprocess.py:106} INFO - 'fact_price_snapshots' in package 'pricescope' (models/marts/_marts.yml).
[2026-08-02T10:22:50.056+0000] {subprocess.py:106} INFO - Arguments to generic tests should be nested under the `arguments` property.
[2026-08-02T10:22:51.738+0000] {subprocess.py:106} INFO - [0m10:22:51  Found 6 models, 22 data tests, 1 source, 567 macros
[2026-08-02T10:22:51.747+0000] {subprocess.py:106} INFO - [0m10:22:51
[2026-08-02T10:22:51.749+0000] {subprocess.py:106} INFO - [0m10:22:51  Concurrency: 4 threads (target='dev')
[2026-08-02T10:22:51.752+0000] {subprocess.py:106} INFO - [0m10:22:51
[2026-08-02T10:23:00.601+0000] {subprocess.py:106} INFO - [0m10:23:00  1 of 6 START sql table model marts.dim_date .................................... [RUN]
[2026-08-02T10:23:00.603+0000] {subprocess.py:106} INFO - [0m10:23:00  2 of 6 START sql table model marts_staging.stg_smartprix_prices ................ [RUN]
[2026-08-02T10:23:09.992+0000] {subprocess.py:106} INFO - [0m10:23:09  2 of 6 OK created sql table model marts_staging.stg_smartprix_prices ........... [[32mSUCCESS[0m in 9.38s]
[2026-08-02T10:23:09.994+0000] {subprocess.py:106} INFO - [0m10:23:09  1 of 6 OK created sql table model marts.dim_date ............................... [[32mSUCCESS[0m in 9.39s]
[2026-08-02T10:23:10.004+0000] {subprocess.py:106} INFO - [0m10:23:10  3 of 6 START sql table model marts.dim_category ................................ [RUN]
[2026-08-02T10:23:10.006+0000] {subprocess.py:106} INFO - [0m10:23:10  4 of 6 START sql table model marts.dim_platform ................................ [RUN]
[2026-08-02T10:23:10.008+0000] {subprocess.py:106} INFO - [0m10:23:10  5 of 6 START sql table model marts.dim_product ................................. [RUN]
[2026-08-02T10:23:20.915+0000] {subprocess.py:106} INFO - [0m10:23:20  4 of 6 OK created sql table model marts.dim_platform ........................... [[32mSUCCESS[0m in 10.90s]
[2026-08-02T10:23:20.935+0000] {subprocess.py:106} INFO - [0m10:23:20  3 of 6 OK created sql table model marts.dim_category ........................... [[32mSUCCESS[0m in 10.92s]
[2026-08-02T10:23:20.936+0000] {subprocess.py:106} INFO - [0m10:23:20  5 of 6 OK created sql table model marts.dim_product ............................ [[32mSUCCESS[0m in 10.92s]
[2026-08-02T10:23:20.942+0000] {subprocess.py:106} INFO - [0m10:23:20  6 of 6 START sql table model marts.fact_price_snapshots ........................ [RUN]
[2026-08-02T10:23:29.074+0000] {subprocess.py:106} INFO - [0m10:23:29  6 of 6 OK created sql table model marts.fact_price_snapshots ................... [[32mSUCCESS[0m in 8.13s]
[2026-08-02T10:23:31.206+0000] {subprocess.py:106} INFO - [0m10:23:31
[2026-08-02T10:23:31.208+0000] {subprocess.py:106} INFO - [0m10:23:31  Finished running 6 table models in 0 hours 0 minutes and 39.45 seconds (39.45s).
[2026-08-02T10:23:31.492+0000] {subprocess.py:106} INFO - [0m10:23:31
[2026-08-02T10:23:31.494+0000] {subprocess.py:106} INFO - [0m10:23:31  [32mCompleted successfully[0m
[2026-08-02T10:23:31.496+0000] {subprocess.py:106} INFO - [0m10:23:31
[2026-08-02T10:23:31.498+0000] {subprocess.py:106} INFO - [0m10:23:31  Done. PASS=6 WARN=0 ERROR=0 SKIP=0 NO-OP=0 REUSED=0 TOTAL=6
[2026-08-02T10:23:31.500+0000] {subprocess.py:106} INFO - [0m10:23:31  [[33mWARNING[0m][DeprecationsSummary]: Deprecated functionality
[2026-08-02T10:23:31.501+0000] {subprocess.py:106} INFO - Summary of encountered deprecations:
[2026-08-02T10:23:31.502+0000] {subprocess.py:106} INFO - - MissingArgumentsPropertyInGenericTestDeprecation: 4 occurrences
[2026-08-02T10:23:31.504+0000] {subprocess.py:106} INFO - To see all deprecation instances instead of just the first occurrence of each,
[2026-08-02T10:23:31.506+0000] {subprocess.py:106} INFO - run command again with the `--show-all-deprecations` flag. You may also need to
[2026-08-02T10:23:31.507+0000] {subprocess.py:106} INFO - run with `--no-partial-parse` as some deprecations are only encountered during
[2026-08-02T10:23:31.508+0000] {subprocess.py:106} INFO - parsing.
[2026-08-02T10:23:34.219+0000] {subprocess.py:110} INFO - Command exited with return code 0
[2026-08-02T10:23:34.244+0000] {taskinstance.py:340} INFO - ::group::Post task execution logs
[2026-08-02T10:23:34.247+0000] {taskinstance.py:352} INFO - Marking task as SUCCESS. dag_id=pricescope_pipeline, task_id=dbt_run, run_id=scheduled__2026-08-01T18:00:00+00:00, execution_date=20260801T180000, start_date=20260802T102241, end_date=20260802T102334
[2026-08-02T10:23:34.283+0000] {local_task_job_runner.py:266} INFO - Task exited with return code 0
[2026-08-02T10:23:34.300+0000] {taskinstance.py:3895} INFO - 1 downstream tasks scheduled from follow-on schedule check
[2026-08-02T10:23:34.304+0000] {local_task_job_runner.py:245} INFO - ::endgroup::
