[2026-08-03T22:21:26.968+0000] {local_task_job_runner.py:123} INFO - ::group::Pre task execution logs
[2026-08-03T22:21:26.991+0000] {taskinstance.py:2613} INFO - Dependencies all met for dep_context=non-requeueable deps ti=<TaskInstance: pricescope_pipeline.bronze_to_silver manual__2026-08-03T22:20:56+00:00 [queued]>
[2026-08-03T22:21:27.004+0000] {taskinstance.py:2613} INFO - Dependencies all met for dep_context=requeueable deps ti=<TaskInstance: pricescope_pipeline.bronze_to_silver manual__2026-08-03T22:20:56+00:00 [queued]>
[2026-08-03T22:21:27.006+0000] {taskinstance.py:2866} INFO - Starting attempt 1 of 2
[2026-08-03T22:21:27.024+0000] {taskinstance.py:2889} INFO - Executing <Task(GlueJobOperator): bronze_to_silver> on 2026-08-03 22:20:56+00:00
[2026-08-03T22:21:27.032+0000] {warnings.py:112} WARNING - /home/***/.local/lib/python3.12/site-packages/***/task/task_runner/standard_task_runner.py:70: DeprecationWarning: This process (pid=4683) is multi-threaded, use of fork() may lead to deadlocks in the child.
  pid = os.fork()

[2026-08-03T22:21:27.036+0000] {standard_task_runner.py:72} INFO - Started process 4684 to run task
[2026-08-03T22:21:27.036+0000] {standard_task_runner.py:104} INFO - Running: ['***', 'tasks', 'run', 'pricescope_pipeline', 'bronze_to_silver', 'manual__2026-08-03T22:20:56+00:00', '--job-id', '88', '--raw', '--subdir', 'DAGS_FOLDER/pricescope_pipeline.py', '--cfg-path', '/tmp/tmpmiuaz4fw']
[2026-08-03T22:21:27.038+0000] {standard_task_runner.py:105} INFO - Job 88: Subtask bronze_to_silver
[2026-08-03T22:21:27.132+0000] {task_command.py:467} INFO - Running <TaskInstance: pricescope_pipeline.bronze_to_silver manual__2026-08-03T22:20:56+00:00 [running]> on host df8d0649364a
[2026-08-03T22:21:27.237+0000] {taskinstance.py:3132} INFO - Exporting env vars: AIRFLOW_CTX_DAG_OWNER='govind' AIRFLOW_CTX_DAG_ID='pricescope_pipeline' AIRFLOW_CTX_TASK_ID='bronze_to_silver' AIRFLOW_CTX_EXECUTION_DATE='2026-08-03T22:20:56+00:00' AIRFLOW_CTX_TRY_NUMBER='1' AIRFLOW_CTX_DAG_RUN_ID='manual__2026-08-03T22:20:56+00:00'
[2026-08-03T22:21:27.239+0000] {taskinstance.py:731} INFO - ::endgroup::
[2026-08-03T22:21:27.256+0000] {glue.py:188} INFO - Initializing AWS Glue Job: pricescope-bronze-to-silver. Wait for completion: True
[2026-08-03T22:21:27.257+0000] {glue.py:365} INFO - Checking if job already exists: pricescope-bronze-to-silver
[2026-08-03T22:21:27.280+0000] {base_aws.py:603} WARNING - Unable to find AWS Connection ID 'aws_default', switching to empty.
[2026-08-03T22:21:27.284+0000] {base_aws.py:177} INFO - No connection ID provided. Fallback on boto3 credential strategy (region_name='eu-north-1'). See: https://boto3.amazonaws.com/v1/documentation/api/latest/guide/configuration.html
[2026-08-03T22:21:28.778+0000] {credentials.py:1147} INFO - Found credentials in environment variables.
[2026-08-03T22:21:30.177+0000] {glue.py:209} INFO - You can monitor this Glue Job run at: https://console.aws.amazon.com/gluestudio/home?region=eu-north-1#/job/pricescope-bronze-to-silver/run/jr_0e1549cbd74b43cf5a06e189fe005c4a2c7bc48832fb9f8d243212ecb4c2d1d6
[2026-08-03T22:21:30.433+0000] {glue.py:348} INFO - Polling for AWS Glue Job pricescope-bronze-to-silver current run state with status RUNNING
[2026-08-03T22:21:36.678+0000] {glue.py:348} INFO - Polling for AWS Glue Job pricescope-bronze-to-silver current run state with status RUNNING
[2026-08-03T22:21:42.924+0000] {glue.py:348} INFO - Polling for AWS Glue Job pricescope-bronze-to-silver current run state with status RUNNING
[2026-08-03T22:21:49.157+0000] {glue.py:348} INFO - Polling for AWS Glue Job pricescope-bronze-to-silver current run state with status RUNNING
[2026-08-03T22:21:55.420+0000] {glue.py:348} INFO - Polling for AWS Glue Job pricescope-bronze-to-silver current run state with status RUNNING
[2026-08-03T22:22:01.652+0000] {glue.py:348} INFO - Polling for AWS Glue Job pricescope-bronze-to-silver current run state with status RUNNING
[2026-08-03T22:22:07.888+0000] {glue.py:348} INFO - Polling for AWS Glue Job pricescope-bronze-to-silver current run state with status RUNNING
[2026-08-03T22:22:14.110+0000] {glue.py:348} INFO - Polling for AWS Glue Job pricescope-bronze-to-silver current run state with status RUNNING
[2026-08-03T22:22:20.332+0000] {glue.py:348} INFO - Polling for AWS Glue Job pricescope-bronze-to-silver current run state with status RUNNING
[2026-08-03T22:22:26.590+0000] {glue.py:348} INFO - Polling for AWS Glue Job pricescope-bronze-to-silver current run state with status RUNNING
[2026-08-03T22:22:32.819+0000] {glue.py:348} INFO - Polling for AWS Glue Job pricescope-bronze-to-silver current run state with status RUNNING
[2026-08-03T22:22:39.045+0000] {glue.py:348} INFO - Polling for AWS Glue Job pricescope-bronze-to-silver current run state with status RUNNING
[2026-08-03T22:22:45.270+0000] {glue.py:348} INFO - Polling for AWS Glue Job pricescope-bronze-to-silver current run state with status RUNNING
[2026-08-03T22:22:51.535+0000] {glue.py:348} INFO - Polling for AWS Glue Job pricescope-bronze-to-silver current run state with status RUNNING
[2026-08-03T22:22:57.782+0000] {glue.py:348} INFO - Polling for AWS Glue Job pricescope-bronze-to-silver current run state with status RUNNING
[2026-08-03T22:23:04.017+0000] {glue.py:348} INFO - Polling for AWS Glue Job pricescope-bronze-to-silver current run state with status RUNNING
[2026-08-03T22:23:10.230+0000] {glue.py:341} INFO - Exiting Job jr_0e1549cbd74b43cf5a06e189fe005c4a2c7bc48832fb9f8d243212ecb4c2d1d6 Run State: SUCCEEDED
[2026-08-03T22:23:10.233+0000] {glue.py:224} INFO - AWS Glue Job: pricescope-bronze-to-silver status: SUCCEEDED. Run Id: jr_0e1549cbd74b43cf5a06e189fe005c4a2c7bc48832fb9f8d243212ecb4c2d1d6
[2026-08-03T22:23:10.290+0000] {taskinstance.py:340} INFO - ::group::Post task execution logs
[2026-08-03T22:23:10.292+0000] {taskinstance.py:352} INFO - Marking task as SUCCESS. dag_id=pricescope_pipeline, task_id=bronze_to_silver, run_id=manual__2026-08-03T22:20:56+00:00, execution_date=20260803T222056, start_date=20260803T222126, end_date=20260803T222310
[2026-08-03T22:23:10.337+0000] {local_task_job_runner.py:266} INFO - Task exited with return code 0
[2026-08-03T22:23:10.370+0000] {taskinstance.py:3895} INFO - 1 downstream tasks scheduled from follow-on schedule check
[2026-08-03T22:23:10.375+0000] {local_task_job_runner.py:245} INFO - ::endgroup::
