[2026-08-03T22:06:44.793+0000] {local_task_job_runner.py:123} INFO - ::group::Pre task execution logs
[2026-08-03T22:06:44.837+0000] {taskinstance.py:2613} INFO - Dependencies all met for dep_context=non-requeueable deps ti=<TaskInstance: pricescope_pipeline.scrape_smartprix scheduled__2026-08-03T06:00:00+00:00 [queued]>
[2026-08-03T22:06:44.860+0000] {taskinstance.py:2613} INFO - Dependencies all met for dep_context=requeueable deps ti=<TaskInstance: pricescope_pipeline.scrape_smartprix scheduled__2026-08-03T06:00:00+00:00 [queued]>
[2026-08-03T22:06:44.862+0000] {taskinstance.py:2866} INFO - Starting attempt 1 of 2
[2026-08-03T22:06:44.890+0000] {taskinstance.py:2889} INFO - Executing <Task(BashOperator): scrape_smartprix> on 2026-08-03 06:00:00+00:00
[2026-08-03T22:06:44.913+0000] {warnings.py:112} WARNING - /home/***/.local/lib/python3.12/site-packages/***/task/task_runner/standard_task_runner.py:70: DeprecationWarning: This process (pid=4379) is multi-threaded, use of fork() may lead to deadlocks in the child.
  pid = os.fork()

[2026-08-03T22:06:44.916+0000] {standard_task_runner.py:104} INFO - Running: ['***', 'tasks', 'run', 'pricescope_pipeline', 'scrape_smartprix', 'scheduled__2026-08-03T06:00:00+00:00', '--job-id', '81', '--raw', '--subdir', 'DAGS_FOLDER/pricescope_pipeline.py', '--cfg-path', '/tmp/tmp4mhywmsj']
[2026-08-03T22:06:44.920+0000] {standard_task_runner.py:72} INFO - Started process 4381 to run task
[2026-08-03T22:06:44.921+0000] {standard_task_runner.py:105} INFO - Job 81: Subtask scrape_smartprix
[2026-08-03T22:06:45.040+0000] {task_command.py:467} INFO - Running <TaskInstance: pricescope_pipeline.scrape_smartprix scheduled__2026-08-03T06:00:00+00:00 [running]> on host df8d0649364a
[2026-08-03T22:06:45.225+0000] {taskinstance.py:3132} INFO - Exporting env vars: AIRFLOW_CTX_DAG_OWNER='govind' AIRFLOW_CTX_DAG_ID='pricescope_pipeline' AIRFLOW_CTX_TASK_ID='scrape_smartprix' AIRFLOW_CTX_EXECUTION_DATE='2026-08-03T06:00:00+00:00' AIRFLOW_CTX_TRY_NUMBER='1' AIRFLOW_CTX_DAG_RUN_ID='scheduled__2026-08-03T06:00:00+00:00'
[2026-08-03T22:06:45.231+0000] {taskinstance.py:731} INFO - ::endgroup::
[2026-08-03T22:06:45.343+0000] {subprocess.py:78} INFO - Tmp dir root location: /tmp
[2026-08-03T22:06:45.351+0000] {subprocess.py:88} INFO - Running command: ['/usr/bin/bash', '-c', 'cd /opt/***/pricescope && python scrapers/smartprix/smartprix_scraper.py--run_date "2026-08-03"--run_hour "18"']
[2026-08-03T22:06:45.378+0000] {subprocess.py:99} INFO - Output:
[2026-08-03T22:06:45.472+0000] {subprocess.py:106} INFO - python: can't open file '/opt/***/pricescope/scrapers/smartprix/smartprix_scraper.py--run_date': [Errno 2] No such file or directory
[2026-08-03T22:06:45.478+0000] {subprocess.py:110} INFO - Command exited with return code 2
[2026-08-03T22:06:45.502+0000] {taskinstance.py:3311} ERROR - Task failed with exception
Traceback (most recent call last):
  File "/home/airflow/.local/lib/python3.12/site-packages/airflow/models/taskinstance.py", line 762, in _execute_task
    result = _execute_callable(context=context, **execute_callable_kwargs)
             ^^^^^^^^^^^^^^^^^^^^^^^^^^^^^^^^^^^^^^^^^^^^^^^^^^^^^^^^^^^^^
  File "/home/airflow/.local/lib/python3.12/site-packages/airflow/models/taskinstance.py", line 733, in _execute_callable
    return ExecutionCallableRunner(
           ^^^^^^^^^^^^^^^^^^^^^^^^
  File "/home/airflow/.local/lib/python3.12/site-packages/airflow/utils/operator_helpers.py", line 252, in run
    return self.func(*args, **kwargs)
           ^^^^^^^^^^^^^^^^^^^^^^^^^^
  File "/home/airflow/.local/lib/python3.12/site-packages/airflow/models/baseoperator.py", line 417, in wrapper
    return func(self, *args, **kwargs)
           ^^^^^^^^^^^^^^^^^^^^^^^^^^^
  File "/home/airflow/.local/lib/python3.12/site-packages/airflow/operators/bash.py", line 276, in execute
    raise AirflowException(
airflow.exceptions.AirflowException: Bash command failed. The command returned a non-zero exit code 2.
[2026-08-03T22:06:45.535+0000] {taskinstance.py:1225} INFO - Marking task as UP_FOR_RETRY. dag_id=pricescope_pipeline, task_id=scrape_smartprix, run_id=scheduled__2026-08-03T06:00:00+00:00, execution_date=20260803T060000, start_date=20260803T220644, end_date=20260803T220645
[2026-08-03T22:06:45.587+0000] {taskinstance.py:340} INFO - ::group::Post task execution logs
[2026-08-03T22:06:45.590+0000] {standard_task_runner.py:124} ERROR - Failed to execute job 81 for task scrape_smartprix (Bash command failed. The command returned a non-zero exit code 2.; 4381)
Traceback (most recent call last):
  File "/home/airflow/.local/lib/python3.12/site-packages/airflow/task/task_runner/standard_task_runner.py", line 117, in _start_by_fork
    ret = args.func(args, dag=self.dag)
          ^^^^^^^^^^^^^^^^^^^^^^^^^^^^^
  File "/home/airflow/.local/lib/python3.12/site-packages/airflow/cli/cli_config.py", line 49, in command
    return func(*args, **kwargs)
           ^^^^^^^^^^^^^^^^^^^^^
  File "/home/airflow/.local/lib/python3.12/site-packages/airflow/utils/cli.py", line 116, in wrapper
    return f(*args, **kwargs)
           ^^^^^^^^^^^^^^^^^^
  File "/home/airflow/.local/lib/python3.12/site-packages/airflow/cli/commands/task_command.py", line 483, in task_run
    task_return_code = _run_task_by_selected_method(args, _dag, ti)
                       ^^^^^^^^^^^^^^^^^^^^^^^^^^^^^^^^^^^^^^^^^^^^
  File "/home/airflow/.local/lib/python3.12/site-packages/airflow/cli/commands/task_command.py", line 256, in _run_task_by_selected_method
    return _run_raw_task(args, ti)
           ^^^^^^^^^^^^^^^^^^^^^^^
  File "/home/airflow/.local/lib/python3.12/site-packages/airflow/cli/commands/task_command.py", line 341, in _run_raw_task
    return ti._run_raw_task(
           ^^^^^^^^^^^^^^^^^
  File "/home/airflow/.local/lib/python3.12/site-packages/airflow/utils/session.py", line 97, in wrapper
    return func(*args, session=session, **kwargs)
           ^^^^^^^^^^^^^^^^^^^^^^^^^^^^^^^^^^^^^^
  File "/home/airflow/.local/lib/python3.12/site-packages/airflow/models/taskinstance.py", line 3005, in _run_raw_task
    return _run_raw_task(
           ^^^^^^^^^^^^^^
  File "/home/airflow/.local/lib/python3.12/site-packages/airflow/models/taskinstance.py", line 273, in _run_raw_task
    TaskInstance._execute_task_with_callbacks(
  File "/home/airflow/.local/lib/python3.12/site-packages/airflow/models/taskinstance.py", line 3159, in _execute_task_with_callbacks
    result = self._execute_task(context, task_orig)
             ^^^^^^^^^^^^^^^^^^^^^^^^^^^^^^^^^^^^^^
  File "/home/airflow/.local/lib/python3.12/site-packages/airflow/models/taskinstance.py", line 3183, in _execute_task
    return _execute_task(self, context, task_orig)
           ^^^^^^^^^^^^^^^^^^^^^^^^^^^^^^^^^^^^^^^
  File "/home/airflow/.local/lib/python3.12/site-packages/airflow/models/taskinstance.py", line 762, in _execute_task
    result = _execute_callable(context=context, **execute_callable_kwargs)
             ^^^^^^^^^^^^^^^^^^^^^^^^^^^^^^^^^^^^^^^^^^^^^^^^^^^^^^^^^^^^^
  File "/home/airflow/.local/lib/python3.12/site-packages/airflow/models/taskinstance.py", line 733, in _execute_callable
    return ExecutionCallableRunner(
           ^^^^^^^^^^^^^^^^^^^^^^^^
  File "/home/airflow/.local/lib/python3.12/site-packages/airflow/utils/operator_helpers.py", line 252, in run
    return self.func(*args, **kwargs)
           ^^^^^^^^^^^^^^^^^^^^^^^^^^
  File "/home/airflow/.local/lib/python3.12/site-packages/airflow/models/baseoperator.py", line 417, in wrapper
    return func(self, *args, **kwargs)
           ^^^^^^^^^^^^^^^^^^^^^^^^^^^
  File "/home/airflow/.local/lib/python3.12/site-packages/airflow/operators/bash.py", line 276, in execute
    raise AirflowException(
airflow.exceptions.AirflowException: Bash command failed. The command returned a non-zero exit code 2.
[2026-08-03T22:06:45.640+0000] {local_task_job_runner.py:266} INFO - Task exited with return code 1
[2026-08-03T22:06:45.674+0000] {taskinstance.py:3895} INFO - 0 downstream tasks scheduled from follow-on schedule check
[2026-08-03T22:06:45.680+0000] {local_task_job_runner.py:245} INFO - ::endgroup::
