[2026-08-01T19:56:16.087+0000] {local_task_job_runner.py:123} INFO - ::group::Pre task execution logs
[2026-08-01T19:56:16.116+0000] {taskinstance.py:2613} INFO - Dependencies all met for dep_context=non-requeueable deps ti=<TaskInstance: pricescope_pipeline.scrape_smartprix scheduled__2026-08-01T06:00:00+00:00 [queued]>
[2026-08-01T19:56:16.130+0000] {taskinstance.py:2613} INFO - Dependencies all met for dep_context=requeueable deps ti=<TaskInstance: pricescope_pipeline.scrape_smartprix scheduled__2026-08-01T06:00:00+00:00 [queued]>
[2026-08-01T19:56:16.131+0000] {taskinstance.py:2866} INFO - Starting attempt 1 of 2
[2026-08-01T19:56:16.149+0000] {taskinstance.py:2889} INFO - Executing <Task(BashOperator): scrape_smartprix> on 2026-08-01 06:00:00+00:00
[2026-08-01T19:56:16.159+0000] {warnings.py:112} WARNING - /home/***/.local/lib/python3.12/site-packages/***/task/task_runner/standard_task_runner.py:70: DeprecationWarning: This process (pid=877) is multi-threaded, use of fork() may lead to deadlocks in the child.
  pid = os.fork()

[2026-08-01T19:56:16.160+0000] {standard_task_runner.py:104} INFO - Running: ['***', 'tasks', 'run', 'pricescope_pipeline', 'scrape_smartprix', 'scheduled__2026-08-01T06:00:00+00:00', '--job-id', '18', '--raw', '--subdir', 'DAGS_FOLDER/pricescope_pipeline.py', '--cfg-path', '/tmp/tmp9w4n2xum']
[2026-08-01T19:56:16.166+0000] {standard_task_runner.py:72} INFO - Started process 886 to run task
[2026-08-01T19:56:16.167+0000] {standard_task_runner.py:105} INFO - Job 18: Subtask scrape_smartprix
[2026-08-01T19:56:16.266+0000] {task_command.py:467} INFO - Running <TaskInstance: pricescope_pipeline.scrape_smartprix scheduled__2026-08-01T06:00:00+00:00 [running]> on host a06cd3c668fc
[2026-08-01T19:56:16.371+0000] {taskinstance.py:3132} INFO - Exporting env vars: AIRFLOW_CTX_DAG_OWNER='govind' AIRFLOW_CTX_DAG_ID='pricescope_pipeline' AIRFLOW_CTX_TASK_ID='scrape_smartprix' AIRFLOW_CTX_EXECUTION_DATE='2026-08-01T06:00:00+00:00' AIRFLOW_CTX_TRY_NUMBER='1' AIRFLOW_CTX_DAG_RUN_ID='scheduled__2026-08-01T06:00:00+00:00'
[2026-08-01T19:56:16.373+0000] {taskinstance.py:731} INFO - ::endgroup::
[2026-08-01T19:56:16.431+0000] {subprocess.py:78} INFO - Tmp dir root location: /tmp
[2026-08-01T19:56:16.435+0000] {subprocess.py:88} INFO - Running command: ['/usr/bin/bash', '-c', 'cd /opt/***/pricescope && python scrapers/smartprix/smartprix_scraper.py']
[2026-08-01T19:56:16.450+0000] {subprocess.py:99} INFO - Output:
[2026-08-01T19:56:42.882+0000] {subprocess.py:106} INFO - ==================================================
[2026-08-01T19:56:42.884+0000] {subprocess.py:106} INFO - Smartprix Scraper Starting
[2026-08-01T19:56:42.886+0000] {subprocess.py:106} INFO - Run time: 2026-08-01 19:56:17.675025
[2026-08-01T19:56:42.888+0000] {subprocess.py:106} INFO - ==================================================
[2026-08-01T19:56:42.890+0000] {subprocess.py:106} INFO - 
[2026-08-01T19:56:42.891+0000] {subprocess.py:106} INFO - Category: SMARTPHONES
[2026-08-01T19:56:42.893+0000] {subprocess.py:106} INFO - 
[2026-08-01T19:56:42.895+0000] {subprocess.py:106} INFO -  Page 1...
[2026-08-01T19:56:42.897+0000] {subprocess.py:106} INFO -  Fetching: https://www.smartprix.com/mobiles
[2026-08-01T19:56:42.899+0000] {subprocess.py:106} INFO -  Parsed 28 products (total: 28)
[2026-08-01T19:56:42.901+0000] {subprocess.py:106} INFO - 
[2026-08-01T19:56:42.903+0000] {subprocess.py:106} INFO -  Page 2...
[2026-08-01T19:56:42.908+0000] {subprocess.py:106} INFO -  Fetching: https://www.smartprix.com/mobiles?page=2
[2026-08-01T19:56:42.912+0000] {subprocess.py:106} INFO -  Parsed 28 products (total: 56)
[2026-08-01T19:56:42.915+0000] {subprocess.py:106} INFO -  Uploaded → s3://price-scope/bronze/source=smartprix/category=smartphones/year=2026/month=08/day=01/hour=19/smartprix_smartphones_20260801_195632.json
[2026-08-01T19:56:42.917+0000] {subprocess.py:106} INFO - 
[2026-08-01T19:56:42.919+0000] {subprocess.py:106} INFO - Done: 56 products → bronze/source=smartprix/category=smartphones/year=2026/month=08/day=01/hour=19/smartprix_smartphones_20260801_195632.json
[2026-08-01T19:56:42.922+0000] {subprocess.py:106} INFO - 
[2026-08-01T19:56:42.924+0000] {subprocess.py:106} INFO - Category: LAPTOPS
[2026-08-01T19:56:42.926+0000] {subprocess.py:106} INFO - 
[2026-08-01T19:56:42.928+0000] {subprocess.py:106} INFO -  Page 1...
[2026-08-01T19:56:42.931+0000] {subprocess.py:106} INFO -  Fetching: https://www.smartprix.com/laptops
[2026-08-01T19:56:42.934+0000] {subprocess.py:106} INFO -  Parsed 28 products (total: 28)
[2026-08-01T19:56:42.936+0000] {subprocess.py:106} INFO - 
[2026-08-01T19:56:42.938+0000] {subprocess.py:106} INFO -  Page 2...
[2026-08-01T19:56:42.941+0000] {subprocess.py:106} INFO -  Fetching: https://www.smartprix.com/laptops?page=2
[2026-08-01T19:56:42.943+0000] {subprocess.py:106} INFO -  Parsed 28 products (total: 56)
[2026-08-01T19:56:42.947+0000] {subprocess.py:106} INFO -  Uploaded → s3://price-scope/bronze/source=smartprix/category=laptops/year=2026/month=08/day=01/hour=19/smartprix_laptops_20260801_195641.json
[2026-08-01T19:56:42.949+0000] {subprocess.py:106} INFO - 
[2026-08-01T19:56:42.951+0000] {subprocess.py:106} INFO - Done: 56 products → bronze/source=smartprix/category=laptops/year=2026/month=08/day=01/hour=19/smartprix_laptops_20260801_195641.json
[2026-08-01T19:56:42.954+0000] {subprocess.py:106} INFO - 
[2026-08-01T19:56:42.956+0000] {subprocess.py:106} INFO - Scraper finished.
[2026-08-01T19:56:43.120+0000] {subprocess.py:110} INFO - Command exited with return code 0
[2026-08-01T19:56:43.177+0000] {taskinstance.py:340} INFO - ::group::Post task execution logs
[2026-08-01T19:56:43.181+0000] {taskinstance.py:352} INFO - Marking task as SUCCESS. dag_id=pricescope_pipeline, task_id=scrape_smartprix, run_id=scheduled__2026-08-01T06:00:00+00:00, execution_date=20260801T060000, start_date=20260801T195616, end_date=20260801T195643
[2026-08-01T19:56:43.263+0000] {local_task_job_runner.py:266} INFO - Task exited with return code 0
[2026-08-01T19:56:43.321+0000] {taskinstance.py:3895} INFO - 1 downstream tasks scheduled from follow-on schedule check
[2026-08-01T19:56:43.326+0000] {local_task_job_runner.py:245} INFO - ::endgroup::
