[2026-08-02T12:06:48.303+0000] {local_task_job_runner.py:123} INFO - ::group::Pre task execution logs
[2026-08-02T12:06:48.333+0000] {taskinstance.py:2613} INFO - Dependencies all met for dep_context=non-requeueable deps ti=<TaskInstance: pricescope_pipeline.scrape_smartprix manual__2026-08-02T12:06:45.299805+00:00 [queued]>
[2026-08-02T12:06:48.345+0000] {taskinstance.py:2613} INFO - Dependencies all met for dep_context=requeueable deps ti=<TaskInstance: pricescope_pipeline.scrape_smartprix manual__2026-08-02T12:06:45.299805+00:00 [queued]>
[2026-08-02T12:06:48.348+0000] {taskinstance.py:2866} INFO - Starting attempt 1 of 2
[2026-08-02T12:06:48.366+0000] {taskinstance.py:2889} INFO - Executing <Task(BashOperator): scrape_smartprix> on 2026-08-02 12:06:45.299805+00:00
[2026-08-02T12:06:48.374+0000] {warnings.py:112} WARNING - /home/***/.local/lib/python3.12/site-packages/***/task/task_runner/standard_task_runner.py:70: DeprecationWarning: This process (pid=1587) is multi-threaded, use of fork() may lead to deadlocks in the child.
  pid = os.fork()

[2026-08-02T12:06:48.377+0000] {standard_task_runner.py:104} INFO - Running: ['***', 'tasks', 'run', 'pricescope_pipeline', 'scrape_smartprix', 'manual__2026-08-02T12:06:45.299805+00:00', '--job-id', '44', '--raw', '--subdir', 'DAGS_FOLDER/pricescope_pipeline.py', '--cfg-path', '/tmp/tmpocgmei28']
[2026-08-02T12:06:48.380+0000] {standard_task_runner.py:72} INFO - Started process 1588 to run task
[2026-08-02T12:06:48.381+0000] {standard_task_runner.py:105} INFO - Job 44: Subtask scrape_smartprix
[2026-08-02T12:06:48.489+0000] {task_command.py:467} INFO - Running <TaskInstance: pricescope_pipeline.scrape_smartprix manual__2026-08-02T12:06:45.299805+00:00 [running]> on host a06cd3c668fc
[2026-08-02T12:06:48.599+0000] {taskinstance.py:3132} INFO - Exporting env vars: AIRFLOW_CTX_DAG_OWNER='govind' AIRFLOW_CTX_DAG_ID='pricescope_pipeline' AIRFLOW_CTX_TASK_ID='scrape_smartprix' AIRFLOW_CTX_EXECUTION_DATE='2026-08-02T12:06:45.299805+00:00' AIRFLOW_CTX_TRY_NUMBER='1' AIRFLOW_CTX_DAG_RUN_ID='manual__2026-08-02T12:06:45.299805+00:00'
[2026-08-02T12:06:48.602+0000] {taskinstance.py:731} INFO - ::endgroup::
[2026-08-02T12:06:48.637+0000] {subprocess.py:78} INFO - Tmp dir root location: /tmp
[2026-08-02T12:06:48.640+0000] {subprocess.py:88} INFO - Running command: ['/usr/bin/bash', '-c', 'cd /opt/***/pricescope && python scrapers/smartprix/smartprix_scraper.py']
[2026-08-02T12:06:48.655+0000] {subprocess.py:99} INFO - Output:
[2026-08-02T12:07:18.466+0000] {subprocess.py:106} INFO - ==================================================
[2026-08-02T12:07:18.469+0000] {subprocess.py:106} INFO - Smartprix Scraper Starting
[2026-08-02T12:07:18.471+0000] {subprocess.py:106} INFO - Run time: 2026-08-02 12:06:50.173085
[2026-08-02T12:07:18.474+0000] {subprocess.py:106} INFO - ==================================================
[2026-08-02T12:07:18.476+0000] {subprocess.py:106} INFO - 
[2026-08-02T12:07:18.479+0000] {subprocess.py:106} INFO - Category: SMARTPHONES
[2026-08-02T12:07:18.481+0000] {subprocess.py:106} INFO - 
[2026-08-02T12:07:18.484+0000] {subprocess.py:106} INFO -  Page 1...
[2026-08-02T12:07:18.486+0000] {subprocess.py:106} INFO -  Fetching: https://www.smartprix.com/mobiles
[2026-08-02T12:07:18.488+0000] {subprocess.py:106} INFO -  Parsed 28 products (total: 28)
[2026-08-02T12:07:18.491+0000] {subprocess.py:106} INFO - 
[2026-08-02T12:07:18.493+0000] {subprocess.py:106} INFO -  Page 2...
[2026-08-02T12:07:18.495+0000] {subprocess.py:106} INFO -  Fetching: https://www.smartprix.com/mobiles?page=2
[2026-08-02T12:07:18.497+0000] {subprocess.py:106} INFO -  Parsed 28 products (total: 56)
[2026-08-02T12:07:18.499+0000] {subprocess.py:106} INFO -  Uploaded → s3://price-scope/bronze/source=smartprix/category=smartphones/year=2026/month=08/day=02/hour=12/smartprix_smartphones_20260802_120703.json
[2026-08-02T12:07:18.502+0000] {subprocess.py:106} INFO - 
[2026-08-02T12:07:18.505+0000] {subprocess.py:106} INFO - Done: 56 products → bronze/source=smartprix/category=smartphones/year=2026/month=08/day=02/hour=12/smartprix_smartphones_20260802_120703.json
[2026-08-02T12:07:18.507+0000] {subprocess.py:106} INFO - 
[2026-08-02T12:07:18.509+0000] {subprocess.py:106} INFO - Category: LAPTOPS
[2026-08-02T12:07:18.512+0000] {subprocess.py:106} INFO - 
[2026-08-02T12:07:18.514+0000] {subprocess.py:106} INFO -  Page 1...
[2026-08-02T12:07:18.517+0000] {subprocess.py:106} INFO -  Fetching: https://www.smartprix.com/laptops
[2026-08-02T12:07:18.519+0000] {subprocess.py:106} INFO -  Parsed 28 products (total: 28)
[2026-08-02T12:07:18.521+0000] {subprocess.py:106} INFO - 
[2026-08-02T12:07:18.522+0000] {subprocess.py:106} INFO -  Page 2...
[2026-08-02T12:07:18.525+0000] {subprocess.py:106} INFO -  Fetching: https://www.smartprix.com/laptops?page=2
[2026-08-02T12:07:18.527+0000] {subprocess.py:106} INFO -  Parsed 28 products (total: 56)
[2026-08-02T12:07:18.528+0000] {subprocess.py:106} INFO -  Uploaded → s3://price-scope/bronze/source=smartprix/category=laptops/year=2026/month=08/day=02/hour=12/smartprix_laptops_20260802_120715.json
[2026-08-02T12:07:18.530+0000] {subprocess.py:106} INFO - 
[2026-08-02T12:07:18.533+0000] {subprocess.py:106} INFO - Done: 56 products → bronze/source=smartprix/category=laptops/year=2026/month=08/day=02/hour=12/smartprix_laptops_20260802_120715.json
[2026-08-02T12:07:18.536+0000] {subprocess.py:106} INFO - 
[2026-08-02T12:07:18.538+0000] {subprocess.py:106} INFO - Scraper finished.
[2026-08-02T12:07:18.641+0000] {subprocess.py:110} INFO - Command exited with return code 0
[2026-08-02T12:07:18.687+0000] {taskinstance.py:340} INFO - ::group::Post task execution logs
[2026-08-02T12:07:18.691+0000] {taskinstance.py:352} INFO - Marking task as SUCCESS. dag_id=pricescope_pipeline, task_id=scrape_smartprix, run_id=manual__2026-08-02T12:06:45.299805+00:00, execution_date=20260802T120645, start_date=20260802T120648, end_date=20260802T120718
[2026-08-02T12:07:18.745+0000] {local_task_job_runner.py:266} INFO - Task exited with return code 0
[2026-08-02T12:07:18.787+0000] {taskinstance.py:3895} INFO - 1 downstream tasks scheduled from follow-on schedule check
[2026-08-02T12:07:18.792+0000] {local_task_job_runner.py:245} INFO - ::endgroup::
