[2026-08-03T22:20:58.490+0000] {local_task_job_runner.py:123} INFO - ::group::Pre task execution logs
[2026-08-03T22:20:58.518+0000] {taskinstance.py:2613} INFO - Dependencies all met for dep_context=non-requeueable deps ti=<TaskInstance: pricescope_pipeline.scrape_smartprix manual__2026-08-03T22:20:56+00:00 [queued]>
[2026-08-03T22:20:58.538+0000] {taskinstance.py:2613} INFO - Dependencies all met for dep_context=requeueable deps ti=<TaskInstance: pricescope_pipeline.scrape_smartprix manual__2026-08-03T22:20:56+00:00 [queued]>
[2026-08-03T22:20:58.540+0000] {taskinstance.py:2866} INFO - Starting attempt 1 of 2
[2026-08-03T22:20:58.566+0000] {taskinstance.py:2889} INFO - Executing <Task(BashOperator): scrape_smartprix> on 2026-08-03 22:20:56+00:00
[2026-08-03T22:20:58.577+0000] {warnings.py:112} WARNING - /home/***/.local/lib/python3.12/site-packages/***/task/task_runner/standard_task_runner.py:70: DeprecationWarning: This process (pid=4584) is multi-threaded, use of fork() may lead to deadlocks in the child.
  pid = os.fork()

[2026-08-03T22:20:58.579+0000] {standard_task_runner.py:104} INFO - Running: ['***', 'tasks', 'run', 'pricescope_pipeline', 'scrape_smartprix', 'manual__2026-08-03T22:20:56+00:00', '--job-id', '87', '--raw', '--subdir', 'DAGS_FOLDER/pricescope_pipeline.py', '--cfg-path', '/tmp/tmpmo67edhm']
[2026-08-03T22:20:58.581+0000] {standard_task_runner.py:72} INFO - Started process 4585 to run task
[2026-08-03T22:20:58.583+0000] {standard_task_runner.py:105} INFO - Job 87: Subtask scrape_smartprix
[2026-08-03T22:20:58.694+0000] {task_command.py:467} INFO - Running <TaskInstance: pricescope_pipeline.scrape_smartprix manual__2026-08-03T22:20:56+00:00 [running]> on host df8d0649364a
[2026-08-03T22:20:58.886+0000] {taskinstance.py:3132} INFO - Exporting env vars: AIRFLOW_CTX_DAG_OWNER='govind' AIRFLOW_CTX_DAG_ID='pricescope_pipeline' AIRFLOW_CTX_TASK_ID='scrape_smartprix' AIRFLOW_CTX_EXECUTION_DATE='2026-08-03T22:20:56+00:00' AIRFLOW_CTX_TRY_NUMBER='1' AIRFLOW_CTX_DAG_RUN_ID='manual__2026-08-03T22:20:56+00:00'
[2026-08-03T22:20:58.889+0000] {taskinstance.py:731} INFO - ::endgroup::
[2026-08-03T22:20:58.931+0000] {subprocess.py:78} INFO - Tmp dir root location: /tmp
[2026-08-03T22:20:58.936+0000] {subprocess.py:88} INFO - Running command: ['/usr/bin/bash', '-c', 'cd /opt/***/pricescope && python scrapers/smartprix/smartprix_scraper.py --run_date "2026-08-03" --run_hour "22"']
[2026-08-03T22:20:58.961+0000] {subprocess.py:99} INFO - Output:
[2026-08-03T22:21:25.015+0000] {subprocess.py:106} INFO - ==================================================
[2026-08-03T22:21:25.017+0000] {subprocess.py:106} INFO - Smartprix Scraper Starting
[2026-08-03T22:21:25.020+0000] {subprocess.py:106} INFO - Run time: 2026-08-03 22:21:01.230616
[2026-08-03T22:21:25.023+0000] {subprocess.py:106} INFO - ==================================================
[2026-08-03T22:21:25.029+0000] {subprocess.py:106} INFO - Using provided run_date/run_hour for partitioning: 2026-08-03 22
[2026-08-03T22:21:25.036+0000] {subprocess.py:106} INFO - 
[2026-08-03T22:21:25.039+0000] {subprocess.py:106} INFO - Category: SMARTPHONES
[2026-08-03T22:21:25.042+0000] {subprocess.py:106} INFO - 
[2026-08-03T22:21:25.045+0000] {subprocess.py:106} INFO -  Page 1...
[2026-08-03T22:21:25.046+0000] {subprocess.py:106} INFO -  Fetching: https://www.smartprix.com/mobiles
[2026-08-03T22:21:25.048+0000] {subprocess.py:106} INFO -  Parsed 28 products (total: 28)
[2026-08-03T22:21:25.050+0000] {subprocess.py:106} INFO - 
[2026-08-03T22:21:25.052+0000] {subprocess.py:106} INFO -  Page 2...
[2026-08-03T22:21:25.054+0000] {subprocess.py:106} INFO -  Fetching: https://www.smartprix.com/mobiles?page=2
[2026-08-03T22:21:25.055+0000] {subprocess.py:106} INFO -  Parsed 28 products (total: 56)
[2026-08-03T22:21:25.057+0000] {subprocess.py:106} INFO -  Uploaded → s3://price-scope/bronze/source=smartprix/category=smartphones/year=2026/month=08/day=03/hour=22/smartprix_smartphones_20260803_222114.json
[2026-08-03T22:21:25.058+0000] {subprocess.py:106} INFO - 
[2026-08-03T22:21:25.060+0000] {subprocess.py:106} INFO - Done: 56 products → bronze/source=smartprix/category=smartphones/year=2026/month=08/day=03/hour=22/smartprix_smartphones_20260803_222114.json
[2026-08-03T22:21:25.061+0000] {subprocess.py:106} INFO - 
[2026-08-03T22:21:25.063+0000] {subprocess.py:106} INFO - Category: LAPTOPS
[2026-08-03T22:21:25.065+0000] {subprocess.py:106} INFO - 
[2026-08-03T22:21:25.067+0000] {subprocess.py:106} INFO -  Page 1...
[2026-08-03T22:21:25.068+0000] {subprocess.py:106} INFO -  Fetching: https://www.smartprix.com/laptops
[2026-08-03T22:21:25.069+0000] {subprocess.py:106} INFO -  Parsed 28 products (total: 28)
[2026-08-03T22:21:25.070+0000] {subprocess.py:106} INFO - 
[2026-08-03T22:21:25.071+0000] {subprocess.py:106} INFO -  Page 2...
[2026-08-03T22:21:25.073+0000] {subprocess.py:106} INFO -  Fetching: https://www.smartprix.com/laptops?page=2
[2026-08-03T22:21:25.074+0000] {subprocess.py:106} INFO -  Parsed 28 products (total: 56)
[2026-08-03T22:21:25.075+0000] {subprocess.py:106} INFO -  Uploaded → s3://price-scope/bronze/source=smartprix/category=laptops/year=2026/month=08/day=03/hour=22/smartprix_laptops_20260803_222123.json
[2026-08-03T22:21:25.077+0000] {subprocess.py:106} INFO - 
[2026-08-03T22:21:25.079+0000] {subprocess.py:106} INFO - Done: 56 products → bronze/source=smartprix/category=laptops/year=2026/month=08/day=03/hour=22/smartprix_laptops_20260803_222123.json
[2026-08-03T22:21:25.080+0000] {subprocess.py:106} INFO - 
[2026-08-03T22:21:25.081+0000] {subprocess.py:106} INFO - Scraper finished.
[2026-08-03T22:21:25.271+0000] {subprocess.py:110} INFO - Command exited with return code 0
[2026-08-03T22:21:25.334+0000] {taskinstance.py:340} INFO - ::group::Post task execution logs
[2026-08-03T22:21:25.339+0000] {taskinstance.py:352} INFO - Marking task as SUCCESS. dag_id=pricescope_pipeline, task_id=scrape_smartprix, run_id=manual__2026-08-03T22:20:56+00:00, execution_date=20260803T222056, start_date=20260803T222058, end_date=20260803T222125
[2026-08-03T22:21:25.376+0000] {local_task_job_runner.py:266} INFO - Task exited with return code 0
[2026-08-03T22:21:25.431+0000] {taskinstance.py:3895} INFO - 1 downstream tasks scheduled from follow-on schedule check
[2026-08-03T22:21:25.435+0000] {local_task_job_runner.py:245} INFO - ::endgroup::
