[2026-08-01T20:17:10.780+0000] {local_task_job_runner.py:123} INFO - ::group::Pre task execution logs
[2026-08-01T20:17:10.798+0000] {taskinstance.py:2613} INFO - Dependencies all met for dep_context=non-requeueable deps ti=<TaskInstance: pricescope_pipeline.dbt_run scheduled__2026-08-01T06:00:00+00:00 [queued]>
[2026-08-01T20:17:10.808+0000] {taskinstance.py:2613} INFO - Dependencies all met for dep_context=requeueable deps ti=<TaskInstance: pricescope_pipeline.dbt_run scheduled__2026-08-01T06:00:00+00:00 [queued]>
[2026-08-01T20:17:10.810+0000] {taskinstance.py:2866} INFO - Starting attempt 3 of 4
[2026-08-01T20:17:10.824+0000] {taskinstance.py:2889} INFO - Executing <Task(BashOperator): dbt_run> on 2026-08-01 06:00:00+00:00
[2026-08-01T20:17:10.831+0000] {warnings.py:112} WARNING - /home/***/.local/lib/python3.12/site-packages/***/task/task_runner/standard_task_runner.py:70: DeprecationWarning: This process (pid=1371) is multi-threaded, use of fork() may lead to deadlocks in the child.
  pid = os.fork()

[2026-08-01T20:17:10.833+0000] {standard_task_runner.py:104} INFO - Running: ['***', 'tasks', 'run', 'pricescope_pipeline', 'dbt_run', 'scheduled__2026-08-01T06:00:00+00:00', '--job-id', '26', '--raw', '--subdir', 'DAGS_FOLDER/pricescope_pipeline.py', '--cfg-path', '/tmp/tmpa4of_v5p']
[2026-08-01T20:17:10.834+0000] {standard_task_runner.py:72} INFO - Started process 1372 to run task
[2026-08-01T20:17:10.835+0000] {standard_task_runner.py:105} INFO - Job 26: Subtask dbt_run
[2026-08-01T20:17:10.916+0000] {task_command.py:467} INFO - Running <TaskInstance: pricescope_pipeline.dbt_run scheduled__2026-08-01T06:00:00+00:00 [running]> on host a06cd3c668fc
[2026-08-01T20:17:11.056+0000] {taskinstance.py:3132} INFO - Exporting env vars: AIRFLOW_CTX_DAG_OWNER='govind' AIRFLOW_CTX_DAG_ID='pricescope_pipeline' AIRFLOW_CTX_TASK_ID='dbt_run' AIRFLOW_CTX_EXECUTION_DATE='2026-08-01T06:00:00+00:00' AIRFLOW_CTX_TRY_NUMBER='3' AIRFLOW_CTX_DAG_RUN_ID='scheduled__2026-08-01T06:00:00+00:00'
[2026-08-01T20:17:11.058+0000] {taskinstance.py:731} INFO - ::endgroup::
[2026-08-01T20:17:11.072+0000] {subprocess.py:78} INFO - Tmp dir root location: /tmp
[2026-08-01T20:17:11.074+0000] {subprocess.py:88} INFO - Running command: ['/usr/bin/bash', '-c', '/opt/dbt_venv/bin/dbt run --profiles-dir /opt/***/pricescope/dbt_project --project-dir /opt/***/pricescope/dbt_project ']
[2026-08-01T20:17:11.086+0000] {subprocess.py:99} INFO - Output:
[2026-08-01T20:17:13.947+0000] {subprocess.py:106} INFO - [0m20:17:13  Running with dbt=1.12.0
[2026-08-01T20:17:14.639+0000] {subprocess.py:106} INFO - [0m20:17:14  Registered adapter: redshift=1.11.0
[2026-08-01T20:17:16.156+0000] {subprocess.py:106} INFO - [0m20:17:16  Unable to do partial parsing because an error occurred. Switching to full reparse.
[2026-08-01T20:17:17.479+0000] {subprocess.py:106} INFO - [0m20:17:17  [[33mWARNING[0m][MissingArgumentsPropertyInGenericTestDeprecation]: Deprecated
[2026-08-01T20:17:17.482+0000] {subprocess.py:106} INFO - functionality
[2026-08-01T20:17:17.484+0000] {subprocess.py:106} INFO - Found top-level arguments to test `relationships` defined on
[2026-08-01T20:17:17.487+0000] {subprocess.py:106} INFO - 'fact_price_snapshots' in package 'pricescope' (models/marts/_marts.yml).
[2026-08-01T20:17:17.489+0000] {subprocess.py:106} INFO - Arguments to generic tests should be nested under the `arguments` property.
[2026-08-01T20:17:18.632+0000] {subprocess.py:106} INFO - [0m20:17:18  Found 6 models, 22 data tests, 1 source, 567 macros
[2026-08-01T20:17:18.642+0000] {subprocess.py:106} INFO - [0m20:17:18
[2026-08-01T20:17:18.645+0000] {subprocess.py:106} INFO - [0m20:17:18  Concurrency: 4 threads (target='dev')
[2026-08-01T20:17:18.648+0000] {subprocess.py:106} INFO - [0m20:17:18
[2026-08-01T20:17:36.432+0000] {subprocess.py:106} INFO - [0m20:17:36  1 of 6 START sql table model marts.dim_date .................................... [RUN]
[2026-08-01T20:17:36.435+0000] {subprocess.py:106} INFO - [0m20:17:36  2 of 6 START sql table model marts_staging.stg_smartprix_prices ................ [RUN]
[2026-08-01T20:17:46.524+0000] {subprocess.py:106} INFO - [0m20:17:46  1 of 6 OK created sql table model marts.dim_date ............................... [[32mSUCCESS[0m in 10.08s]
[2026-08-01T20:17:46.536+0000] {subprocess.py:106} INFO - [0m20:17:46  2 of 6 OK created sql table model marts_staging.stg_smartprix_prices ........... [[32mSUCCESS[0m in 10.09s]
[2026-08-01T20:17:46.542+0000] {subprocess.py:106} INFO - [0m20:17:46  3 of 6 START sql table model marts.dim_category ................................ [RUN]
[2026-08-01T20:17:46.544+0000] {subprocess.py:106} INFO - [0m20:17:46  4 of 6 START sql table model marts.dim_platform ................................ [RUN]
[2026-08-01T20:17:46.546+0000] {subprocess.py:106} INFO - [0m20:17:46  5 of 6 START sql table model marts.dim_product ................................. [RUN]
[2026-08-01T20:17:57.614+0000] {subprocess.py:106} INFO - [0m20:17:57  3 of 6 OK created sql table model marts.dim_category ........................... [[32mSUCCESS[0m in 11.06s]
[2026-08-01T20:17:57.617+0000] {subprocess.py:106} INFO - [0m20:17:57  5 of 6 OK created sql table model marts.dim_product ............................ [[32mSUCCESS[0m in 11.06s]
[2026-08-01T20:17:57.619+0000] {subprocess.py:106} INFO - [0m20:17:57  4 of 6 OK created sql table model marts.dim_platform ........................... [[32mSUCCESS[0m in 11.06s]
[2026-08-01T20:17:57.638+0000] {subprocess.py:106} INFO - [0m20:17:57  6 of 6 START sql table model marts.fact_price_snapshots ........................ [RUN]
[2026-08-01T20:18:06.058+0000] {subprocess.py:106} INFO - [0m20:18:06  6 of 6 OK created sql table model marts.fact_price_snapshots ................... [[32mSUCCESS[0m in 8.41s]
[2026-08-01T20:18:08.327+0000] {subprocess.py:106} INFO - [0m20:18:08
[2026-08-01T20:18:08.330+0000] {subprocess.py:106} INFO - [0m20:18:08  Finished running 6 table models in 0 hours 0 minutes and 49.68 seconds (49.68s).
[2026-08-01T20:18:08.749+0000] {subprocess.py:106} INFO - [0m20:18:08
[2026-08-01T20:18:08.751+0000] {subprocess.py:106} INFO - [0m20:18:08  [32mCompleted successfully[0m
[2026-08-01T20:18:08.754+0000] {subprocess.py:106} INFO - [0m20:18:08
[2026-08-01T20:18:08.756+0000] {subprocess.py:106} INFO - [0m20:18:08  Done. PASS=6 WARN=0 ERROR=0 SKIP=0 NO-OP=0 REUSED=0 TOTAL=6
[2026-08-01T20:18:08.759+0000] {subprocess.py:106} INFO - [0m20:18:08  [[33mWARNING[0m][DeprecationsSummary]: Deprecated functionality
[2026-08-01T20:18:08.760+0000] {subprocess.py:106} INFO - Summary of encountered deprecations:
[2026-08-01T20:18:08.762+0000] {subprocess.py:106} INFO - - MissingArgumentsPropertyInGenericTestDeprecation: 4 occurrences
[2026-08-01T20:18:08.764+0000] {subprocess.py:106} INFO - To see all deprecation instances instead of just the first occurrence of each,
[2026-08-01T20:18:08.766+0000] {subprocess.py:106} INFO - run command again with the `--show-all-deprecations` flag. You may also need to
[2026-08-01T20:18:08.767+0000] {subprocess.py:106} INFO - run with `--no-partial-parse` as some deprecations are only encountered during
[2026-08-01T20:18:08.770+0000] {subprocess.py:106} INFO - parsing.
[2026-08-01T20:18:11.145+0000] {subprocess.py:110} INFO - Command exited with return code 0
[2026-08-01T20:18:11.180+0000] {taskinstance.py:340} INFO - ::group::Post task execution logs
[2026-08-01T20:18:11.188+0000] {taskinstance.py:352} INFO - Marking task as SUCCESS. dag_id=pricescope_pipeline, task_id=dbt_run, run_id=scheduled__2026-08-01T06:00:00+00:00, execution_date=20260801T060000, start_date=20260801T201710, end_date=20260801T201811
[2026-08-01T20:18:11.224+0000] {local_task_job_runner.py:266} INFO - Task exited with return code 0
[2026-08-01T20:18:11.250+0000] {taskinstance.py:3895} INFO - 1 downstream tasks scheduled from follow-on schedule check
[2026-08-01T20:18:11.254+0000] {local_task_job_runner.py:245} INFO - ::endgroup::
