[2026-08-02T16:27:17.978+0000] {local_task_job_runner.py:123} INFO - ::group::Pre task execution logs
[2026-08-02T16:27:17.994+0000] {taskinstance.py:2613} INFO - Dependencies all met for dep_context=non-requeueable deps ti=<TaskInstance: pricescope_pipeline.bronze_to_silver manual__2026-08-02T16:26:48.205659+00:00 [queued]>
[2026-08-02T16:27:18.003+0000] {taskinstance.py:2613} INFO - Dependencies all met for dep_context=requeueable deps ti=<TaskInstance: pricescope_pipeline.bronze_to_silver manual__2026-08-02T16:26:48.205659+00:00 [queued]>
[2026-08-02T16:27:18.006+0000] {taskinstance.py:2866} INFO - Starting attempt 1 of 2
[2026-08-02T16:27:18.019+0000] {taskinstance.py:2889} INFO - Executing <Task(GlueJobOperator): bronze_to_silver> on 2026-08-02 16:26:48.205659+00:00
[2026-08-02T16:27:18.026+0000] {warnings.py:112} WARNING - /home/***/.local/lib/python3.12/site-packages/***/task/task_runner/standard_task_runner.py:70: DeprecationWarning: This process (pid=243) is multi-threaded, use of fork() may lead to deadlocks in the child.
  pid = os.fork()

[2026-08-02T16:27:18.027+0000] {standard_task_runner.py:104} INFO - Running: ['***', 'tasks', 'run', 'pricescope_pipeline', 'bronze_to_silver', 'manual__2026-08-02T16:26:48.205659+00:00', '--job-id', '51', '--raw', '--subdir', 'DAGS_FOLDER/pricescope_pipeline.py', '--cfg-path', '/tmp/tmpctibf0_s']
[2026-08-02T16:27:18.028+0000] {standard_task_runner.py:72} INFO - Started process 244 to run task
[2026-08-02T16:27:18.029+0000] {standard_task_runner.py:105} INFO - Job 51: Subtask bronze_to_silver
[2026-08-02T16:27:18.106+0000] {task_command.py:467} INFO - Running <TaskInstance: pricescope_pipeline.bronze_to_silver manual__2026-08-02T16:26:48.205659+00:00 [running]> on host a06cd3c668fc
[2026-08-02T16:27:18.211+0000] {taskinstance.py:3132} INFO - Exporting env vars: AIRFLOW_CTX_DAG_OWNER='govind' AIRFLOW_CTX_DAG_ID='pricescope_pipeline' AIRFLOW_CTX_TASK_ID='bronze_to_silver' AIRFLOW_CTX_EXECUTION_DATE='2026-08-02T16:26:48.205659+00:00' AIRFLOW_CTX_TRY_NUMBER='1' AIRFLOW_CTX_DAG_RUN_ID='manual__2026-08-02T16:26:48.205659+00:00'
[2026-08-02T16:27:18.213+0000] {taskinstance.py:731} INFO - ::endgroup::
[2026-08-02T16:27:18.225+0000] {glue.py:188} INFO - Initializing AWS Glue Job: pricescope-bronze-to-silver. Wait for completion: True
[2026-08-02T16:27:18.227+0000] {glue.py:365} INFO - Checking if job already exists: pricescope-bronze-to-silver
[2026-08-02T16:27:18.241+0000] {base_aws.py:603} WARNING - Unable to find AWS Connection ID 'aws_default', switching to empty.
[2026-08-02T16:27:18.244+0000] {base_aws.py:177} INFO - No connection ID provided. Fallback on boto3 credential strategy (region_name='eu-north-1'). See: https://boto3.amazonaws.com/v1/documentation/api/latest/guide/configuration.html
[2026-08-02T16:27:18.564+0000] {credentials.py:1147} INFO - Found credentials in environment variables.
[2026-08-02T16:27:23.457+0000] {glue.py:209} INFO - You can monitor this Glue Job run at: https://console.aws.amazon.com/gluestudio/home?region=eu-north-1#/job/pricescope-bronze-to-silver/run/jr_5ff58c51dc6083283f5319ca6db6bd828ef0106c7c1531de813e22782bbefc5a
[2026-08-02T16:27:23.687+0000] {glue.py:348} INFO - Polling for AWS Glue Job pricescope-bronze-to-silver current run state with status RUNNING
[2026-08-02T16:27:29.967+0000] {glue.py:348} INFO - Polling for AWS Glue Job pricescope-bronze-to-silver current run state with status RUNNING
[2026-08-02T16:27:36.222+0000] {glue.py:348} INFO - Polling for AWS Glue Job pricescope-bronze-to-silver current run state with status RUNNING
[2026-08-02T16:27:42.473+0000] {glue.py:348} INFO - Polling for AWS Glue Job pricescope-bronze-to-silver current run state with status RUNNING
[2026-08-02T16:27:48.732+0000] {glue.py:348} INFO - Polling for AWS Glue Job pricescope-bronze-to-silver current run state with status RUNNING
[2026-08-02T16:27:54.981+0000] {glue.py:348} INFO - Polling for AWS Glue Job pricescope-bronze-to-silver current run state with status RUNNING
[2026-08-02T16:28:01.235+0000] {glue.py:348} INFO - Polling for AWS Glue Job pricescope-bronze-to-silver current run state with status RUNNING
[2026-08-02T16:28:07.470+0000] {glue.py:348} INFO - Polling for AWS Glue Job pricescope-bronze-to-silver current run state with status RUNNING
[2026-08-02T16:28:13.730+0000] {glue.py:348} INFO - Polling for AWS Glue Job pricescope-bronze-to-silver current run state with status RUNNING
[2026-08-02T16:28:19.974+0000] {glue.py:348} INFO - Polling for AWS Glue Job pricescope-bronze-to-silver current run state with status RUNNING
[2026-08-02T16:28:26.181+0000] {glue.py:348} INFO - Polling for AWS Glue Job pricescope-bronze-to-silver current run state with status RUNNING
[2026-08-02T16:28:32.425+0000] {glue.py:348} INFO - Polling for AWS Glue Job pricescope-bronze-to-silver current run state with status RUNNING
[2026-08-02T16:28:38.678+0000] {glue.py:348} INFO - Polling for AWS Glue Job pricescope-bronze-to-silver current run state with status RUNNING
[2026-08-02T16:28:44.921+0000] {glue.py:348} INFO - Polling for AWS Glue Job pricescope-bronze-to-silver current run state with status RUNNING
[2026-08-02T16:28:51.171+0000] {glue.py:348} INFO - Polling for AWS Glue Job pricescope-bronze-to-silver current run state with status RUNNING
[2026-08-02T16:28:57.434+0000] {glue.py:348} INFO - Polling for AWS Glue Job pricescope-bronze-to-silver current run state with status RUNNING
[2026-08-02T16:29:03.651+0000] {glue.py:348} INFO - Polling for AWS Glue Job pricescope-bronze-to-silver current run state with status RUNNING
[2026-08-02T16:29:09.905+0000] {glue.py:341} INFO - Exiting Job jr_5ff58c51dc6083283f5319ca6db6bd828ef0106c7c1531de813e22782bbefc5a Run State: SUCCEEDED
[2026-08-02T16:29:09.910+0000] {glue.py:224} INFO - AWS Glue Job: pricescope-bronze-to-silver status: SUCCEEDED. Run Id: jr_5ff58c51dc6083283f5319ca6db6bd828ef0106c7c1531de813e22782bbefc5a
[2026-08-02T16:29:09.988+0000] {taskinstance.py:340} INFO - ::group::Post task execution logs
[2026-08-02T16:29:09.992+0000] {taskinstance.py:352} INFO - Marking task as SUCCESS. dag_id=pricescope_pipeline, task_id=bronze_to_silver, run_id=manual__2026-08-02T16:26:48.205659+00:00, execution_date=20260802T162648, start_date=20260802T162717, end_date=20260802T162909
[2026-08-02T16:29:10.051+0000] {local_task_job_runner.py:266} INFO - Task exited with return code 0
[2026-08-02T16:29:10.076+0000] {taskinstance.py:3895} INFO - 0 downstream tasks scheduled from follow-on schedule check
[2026-08-02T16:29:10.080+0000] {local_task_job_runner.py:245} INFO - ::endgroup::
