[2026-08-02T18:00:01.493+0000] {local_task_job_runner.py:123} INFO - ::group::Pre task execution logs
[2026-08-02T18:00:01.509+0000] {taskinstance.py:2613} INFO - Dependencies all met for dep_context=non-requeueable deps ti=<TaskInstance: pricescope_pipeline.scrape_smartprix scheduled__2026-08-02T06:00:00+00:00 [queued]>
[2026-08-02T18:00:01.518+0000] {taskinstance.py:2613} INFO - Dependencies all met for dep_context=requeueable deps ti=<TaskInstance: pricescope_pipeline.scrape_smartprix scheduled__2026-08-02T06:00:00+00:00 [queued]>
[2026-08-02T18:00:01.520+0000] {taskinstance.py:2866} INFO - Starting attempt 1 of 2
[2026-08-02T18:00:01.531+0000] {taskinstance.py:2889} INFO - Executing <Task(BashOperator): scrape_smartprix> on 2026-08-02 06:00:00+00:00
[2026-08-02T18:00:01.538+0000] {warnings.py:112} WARNING - /home/***/.local/lib/python3.12/site-packages/***/task/task_runner/standard_task_runner.py:70: DeprecationWarning: This process (pid=1263) is multi-threaded, use of fork() may lead to deadlocks in the child.
  pid = os.fork()

[2026-08-02T18:00:01.539+0000] {standard_task_runner.py:104} INFO - Running: ['***', 'tasks', 'run', 'pricescope_pipeline', 'scrape_smartprix', 'scheduled__2026-08-02T06:00:00+00:00', '--job-id', '54', '--raw', '--subdir', 'DAGS_FOLDER/pricescope_pipeline.py', '--cfg-path', '/tmp/tmpgfx6t8ly']
[2026-08-02T18:00:01.541+0000] {standard_task_runner.py:72} INFO - Started process 1264 to run task
[2026-08-02T18:00:01.543+0000] {standard_task_runner.py:105} INFO - Job 54: Subtask scrape_smartprix
[2026-08-02T18:00:01.602+0000] {task_command.py:467} INFO - Running <TaskInstance: pricescope_pipeline.scrape_smartprix scheduled__2026-08-02T06:00:00+00:00 [running]> on host a06cd3c668fc
[2026-08-02T18:00:01.668+0000] {taskinstance.py:3132} INFO - Exporting env vars: AIRFLOW_CTX_DAG_OWNER='govind' AIRFLOW_CTX_DAG_ID='pricescope_pipeline' AIRFLOW_CTX_TASK_ID='scrape_smartprix' AIRFLOW_CTX_EXECUTION_DATE='2026-08-02T06:00:00+00:00' AIRFLOW_CTX_TRY_NUMBER='1' AIRFLOW_CTX_DAG_RUN_ID='scheduled__2026-08-02T06:00:00+00:00'
[2026-08-02T18:00:01.670+0000] {taskinstance.py:731} INFO - ::endgroup::
[2026-08-02T18:00:01.683+0000] {subprocess.py:78} INFO - Tmp dir root location: /tmp
[2026-08-02T18:00:01.685+0000] {subprocess.py:88} INFO - Running command: ['/usr/bin/bash', '-c', 'cd /opt/***/pricescope && python scrapers/smartprix/smartprix_scraper.py']
[2026-08-02T18:00:01.694+0000] {subprocess.py:99} INFO - Output:
[2026-08-02T18:00:24.394+0000] {subprocess.py:106} INFO - ==================================================
[2026-08-02T18:00:24.396+0000] {subprocess.py:106} INFO - Smartprix Scraper Starting
[2026-08-02T18:00:24.398+0000] {subprocess.py:106} INFO - Run time: 2026-08-02 18:00:02.485269
[2026-08-02T18:00:24.400+0000] {subprocess.py:106} INFO - ==================================================
[2026-08-02T18:00:24.402+0000] {subprocess.py:106} INFO - 
[2026-08-02T18:00:24.404+0000] {subprocess.py:106} INFO - Category: SMARTPHONES
[2026-08-02T18:00:24.406+0000] {subprocess.py:106} INFO - 
[2026-08-02T18:00:24.407+0000] {subprocess.py:106} INFO -  Page 1...
[2026-08-02T18:00:24.409+0000] {subprocess.py:106} INFO -  Fetching: https://www.smartprix.com/mobiles
[2026-08-02T18:00:24.411+0000] {subprocess.py:106} INFO -  Parsed 28 products (total: 28)
[2026-08-02T18:00:24.413+0000] {subprocess.py:106} INFO - 
[2026-08-02T18:00:24.415+0000] {subprocess.py:106} INFO -  Page 2...
[2026-08-02T18:00:24.416+0000] {subprocess.py:106} INFO -  Fetching: https://www.smartprix.com/mobiles?page=2
[2026-08-02T18:00:24.417+0000] {subprocess.py:106} INFO -  Parsed 28 products (total: 56)
[2026-08-02T18:00:24.419+0000] {subprocess.py:106} INFO -  Uploaded → s3://price-scope/bronze/source=smartprix/category=smartphones/year=2026/month=08/day=02/hour=18/smartprix_smartphones_20260802_180013.json
[2026-08-02T18:00:24.420+0000] {subprocess.py:106} INFO - 
[2026-08-02T18:00:24.422+0000] {subprocess.py:106} INFO - Done: 56 products → bronze/source=smartprix/category=smartphones/year=2026/month=08/day=02/hour=18/smartprix_smartphones_20260802_180013.json
[2026-08-02T18:00:24.424+0000] {subprocess.py:106} INFO - 
[2026-08-02T18:00:24.425+0000] {subprocess.py:106} INFO - Category: LAPTOPS
[2026-08-02T18:00:24.427+0000] {subprocess.py:106} INFO - 
[2026-08-02T18:00:24.428+0000] {subprocess.py:106} INFO -  Page 1...
[2026-08-02T18:00:24.429+0000] {subprocess.py:106} INFO -  Fetching: https://www.smartprix.com/laptops
[2026-08-02T18:00:24.431+0000] {subprocess.py:106} INFO -  Parsed 28 products (total: 28)
[2026-08-02T18:00:24.432+0000] {subprocess.py:106} INFO - 
[2026-08-02T18:00:24.433+0000] {subprocess.py:106} INFO -  Page 2...
[2026-08-02T18:00:24.434+0000] {subprocess.py:106} INFO -  Fetching: https://www.smartprix.com/laptops?page=2
[2026-08-02T18:00:24.436+0000] {subprocess.py:106} INFO -  Parsed 28 products (total: 56)
[2026-08-02T18:00:24.437+0000] {subprocess.py:106} INFO -  Uploaded → s3://price-scope/bronze/source=smartprix/category=laptops/year=2026/month=08/day=02/hour=18/smartprix_laptops_20260802_180022.json
[2026-08-02T18:00:24.438+0000] {subprocess.py:106} INFO - 
[2026-08-02T18:00:24.439+0000] {subprocess.py:106} INFO - Done: 56 products → bronze/source=smartprix/category=laptops/year=2026/month=08/day=02/hour=18/smartprix_laptops_20260802_180022.json
[2026-08-02T18:00:24.441+0000] {subprocess.py:106} INFO - 
[2026-08-02T18:00:24.443+0000] {subprocess.py:106} INFO - Scraper finished.
[2026-08-02T18:00:24.564+0000] {subprocess.py:110} INFO - Command exited with return code 0
[2026-08-02T18:00:24.605+0000] {taskinstance.py:340} INFO - ::group::Post task execution logs
[2026-08-02T18:00:24.607+0000] {taskinstance.py:352} INFO - Marking task as SUCCESS. dag_id=pricescope_pipeline, task_id=scrape_smartprix, run_id=scheduled__2026-08-02T06:00:00+00:00, execution_date=20260802T060000, start_date=20260802T180001, end_date=20260802T180024
[2026-08-02T18:00:24.646+0000] {local_task_job_runner.py:266} INFO - Task exited with return code 0
[2026-08-02T18:00:24.698+0000] {taskinstance.py:3895} INFO - 1 downstream tasks scheduled from follow-on schedule check
[2026-08-02T18:00:24.702+0000] {local_task_job_runner.py:245} INFO - ::endgroup::
