[2026-08-02T18:09:06.605+0000] {local_task_job_runner.py:123} INFO - ::group::Pre task execution logs
[2026-08-02T18:09:06.622+0000] {taskinstance.py:2613} INFO - Dependencies all met for dep_context=non-requeueable deps ti=<TaskInstance: pricescope_pipeline.scrape_smartprix manual__2026-08-02T18:09:05.092234+00:00 [queued]>
[2026-08-02T18:09:06.631+0000] {taskinstance.py:2613} INFO - Dependencies all met for dep_context=requeueable deps ti=<TaskInstance: pricescope_pipeline.scrape_smartprix manual__2026-08-02T18:09:05.092234+00:00 [queued]>
[2026-08-02T18:09:06.633+0000] {taskinstance.py:2866} INFO - Starting attempt 1 of 2
[2026-08-02T18:09:06.646+0000] {taskinstance.py:2889} INFO - Executing <Task(BashOperator): scrape_smartprix> on 2026-08-02 18:09:05.092234+00:00
[2026-08-02T18:09:06.652+0000] {warnings.py:112} WARNING - /home/***/.local/lib/python3.12/site-packages/***/task/task_runner/standard_task_runner.py:70: DeprecationWarning: This process (pid=1485) is multi-threaded, use of fork() may lead to deadlocks in the child.
  pid = os.fork()

[2026-08-02T18:09:06.654+0000] {standard_task_runner.py:104} INFO - Running: ['***', 'tasks', 'run', 'pricescope_pipeline', 'scrape_smartprix', 'manual__2026-08-02T18:09:05.092234+00:00', '--job-id', '57', '--raw', '--subdir', 'DAGS_FOLDER/pricescope_pipeline.py', '--cfg-path', '/tmp/tmpmh2jyub7']
[2026-08-02T18:09:06.656+0000] {standard_task_runner.py:72} INFO - Started process 1486 to run task
[2026-08-02T18:09:06.657+0000] {standard_task_runner.py:105} INFO - Job 57: Subtask scrape_smartprix
[2026-08-02T18:09:06.723+0000] {task_command.py:467} INFO - Running <TaskInstance: pricescope_pipeline.scrape_smartprix manual__2026-08-02T18:09:05.092234+00:00 [running]> on host a06cd3c668fc
[2026-08-02T18:09:06.803+0000] {taskinstance.py:3132} INFO - Exporting env vars: AIRFLOW_CTX_DAG_OWNER='govind' AIRFLOW_CTX_DAG_ID='pricescope_pipeline' AIRFLOW_CTX_TASK_ID='scrape_smartprix' AIRFLOW_CTX_EXECUTION_DATE='2026-08-02T18:09:05.092234+00:00' AIRFLOW_CTX_TRY_NUMBER='1' AIRFLOW_CTX_DAG_RUN_ID='manual__2026-08-02T18:09:05.092234+00:00'
[2026-08-02T18:09:06.805+0000] {taskinstance.py:731} INFO - ::endgroup::
[2026-08-02T18:09:06.817+0000] {subprocess.py:78} INFO - Tmp dir root location: /tmp
[2026-08-02T18:09:06.820+0000] {subprocess.py:88} INFO - Running command: ['/usr/bin/bash', '-c', 'cd /opt/***/pricescope && python scrapers/smartprix/smartprix_scraper.py']
[2026-08-02T18:09:06.832+0000] {subprocess.py:99} INFO - Output:
[2026-08-02T18:09:36.984+0000] {subprocess.py:106} INFO - ==================================================
[2026-08-02T18:09:36.985+0000] {subprocess.py:106} INFO - Smartprix Scraper Starting
[2026-08-02T18:09:36.987+0000] {subprocess.py:106} INFO - Run time: 2026-08-02 18:09:08.124276
[2026-08-02T18:09:36.989+0000] {subprocess.py:106} INFO - ==================================================
[2026-08-02T18:09:36.990+0000] {subprocess.py:106} INFO - 
[2026-08-02T18:09:36.992+0000] {subprocess.py:106} INFO - Category: SMARTPHONES
[2026-08-02T18:09:36.993+0000] {subprocess.py:106} INFO - 
[2026-08-02T18:09:36.995+0000] {subprocess.py:106} INFO -  Page 1...
[2026-08-02T18:09:36.996+0000] {subprocess.py:106} INFO -  Fetching: https://www.smartprix.com/mobiles
[2026-08-02T18:09:36.998+0000] {subprocess.py:106} INFO -  Parsed 28 products (total: 28)
[2026-08-02T18:09:36.999+0000] {subprocess.py:106} INFO - 
[2026-08-02T18:09:37.000+0000] {subprocess.py:106} INFO -  Page 2...
[2026-08-02T18:09:37.002+0000] {subprocess.py:106} INFO -  Fetching: https://www.smartprix.com/mobiles?page=2
[2026-08-02T18:09:37.004+0000] {subprocess.py:106} INFO -  Parsed 28 products (total: 56)
[2026-08-02T18:09:37.005+0000] {subprocess.py:106} INFO -  Uploaded → s3://price-scope/bronze/source=smartprix/category=smartphones/year=2026/month=08/day=02/hour=18/smartprix_smartphones_20260802_180921.json
[2026-08-02T18:09:37.006+0000] {subprocess.py:106} INFO - 
[2026-08-02T18:09:37.007+0000] {subprocess.py:106} INFO - Done: 56 products → bronze/source=smartprix/category=smartphones/year=2026/month=08/day=02/hour=18/smartprix_smartphones_20260802_180921.json
[2026-08-02T18:09:37.008+0000] {subprocess.py:106} INFO - 
[2026-08-02T18:09:37.009+0000] {subprocess.py:106} INFO - Category: LAPTOPS
[2026-08-02T18:09:37.011+0000] {subprocess.py:106} INFO - 
[2026-08-02T18:09:37.012+0000] {subprocess.py:106} INFO -  Page 1...
[2026-08-02T18:09:37.013+0000] {subprocess.py:106} INFO -  Fetching: https://www.smartprix.com/laptops
[2026-08-02T18:09:37.014+0000] {subprocess.py:106} INFO -  Parsed 28 products (total: 28)
[2026-08-02T18:09:37.015+0000] {subprocess.py:106} INFO - 
[2026-08-02T18:09:37.016+0000] {subprocess.py:106} INFO -  Page 2...
[2026-08-02T18:09:37.017+0000] {subprocess.py:106} INFO -  Fetching: https://www.smartprix.com/laptops?page=2
[2026-08-02T18:09:37.019+0000] {subprocess.py:106} INFO -  Parsed 28 products (total: 56)
[2026-08-02T18:09:37.020+0000] {subprocess.py:106} INFO -  Uploaded → s3://price-scope/bronze/source=smartprix/category=laptops/year=2026/month=08/day=02/hour=18/smartprix_laptops_20260802_180935.json
[2026-08-02T18:09:37.021+0000] {subprocess.py:106} INFO - 
[2026-08-02T18:09:37.023+0000] {subprocess.py:106} INFO - Done: 56 products → bronze/source=smartprix/category=laptops/year=2026/month=08/day=02/hour=18/smartprix_laptops_20260802_180935.json
[2026-08-02T18:09:37.024+0000] {subprocess.py:106} INFO - 
[2026-08-02T18:09:37.025+0000] {subprocess.py:106} INFO - Scraper finished.
[2026-08-02T18:09:37.129+0000] {subprocess.py:110} INFO - Command exited with return code 0
[2026-08-02T18:09:37.150+0000] {taskinstance.py:340} INFO - ::group::Post task execution logs
[2026-08-02T18:09:37.152+0000] {taskinstance.py:352} INFO - Marking task as SUCCESS. dag_id=pricescope_pipeline, task_id=scrape_smartprix, run_id=manual__2026-08-02T18:09:05.092234+00:00, execution_date=20260802T180905, start_date=20260802T180906, end_date=20260802T180937
[2026-08-02T18:09:37.184+0000] {local_task_job_runner.py:266} INFO - Task exited with return code 0
[2026-08-02T18:09:37.210+0000] {taskinstance.py:3895} INFO - 1 downstream tasks scheduled from follow-on schedule check
[2026-08-02T18:09:37.214+0000] {local_task_job_runner.py:245} INFO - ::endgroup::
