[2026-08-02T12:07:20.132+0000] {local_task_job_runner.py:123} INFO - ::group::Pre task execution logs
[2026-08-02T12:07:20.155+0000] {taskinstance.py:2613} INFO - Dependencies all met for dep_context=non-requeueable deps ti=<TaskInstance: pricescope_pipeline.bronze_to_silver manual__2026-08-02T12:06:45.299805+00:00 [queued]>
[2026-08-02T12:07:20.167+0000] {taskinstance.py:2613} INFO - Dependencies all met for dep_context=requeueable deps ti=<TaskInstance: pricescope_pipeline.bronze_to_silver manual__2026-08-02T12:06:45.299805+00:00 [queued]>
[2026-08-02T12:07:20.170+0000] {taskinstance.py:2866} INFO - Starting attempt 1 of 2
[2026-08-02T12:07:20.186+0000] {taskinstance.py:2889} INFO - Executing <Task(GlueJobOperator): bronze_to_silver> on 2026-08-02 12:06:45.299805+00:00
[2026-08-02T12:07:20.195+0000] {warnings.py:112} WARNING - /home/***/.local/lib/python3.12/site-packages/***/task/task_runner/standard_task_runner.py:70: DeprecationWarning: This process (pid=1690) is multi-threaded, use of fork() may lead to deadlocks in the child.
  pid = os.fork()

[2026-08-02T12:07:20.197+0000] {standard_task_runner.py:104} INFO - Running: ['***', 'tasks', 'run', 'pricescope_pipeline', 'bronze_to_silver', 'manual__2026-08-02T12:06:45.299805+00:00', '--job-id', '45', '--raw', '--subdir', 'DAGS_FOLDER/pricescope_pipeline.py', '--cfg-path', '/tmp/tmpuyk_0ta0']
[2026-08-02T12:07:20.199+0000] {standard_task_runner.py:72} INFO - Started process 1691 to run task
[2026-08-02T12:07:20.201+0000] {standard_task_runner.py:105} INFO - Job 45: Subtask bronze_to_silver
[2026-08-02T12:07:20.296+0000] {task_command.py:467} INFO - Running <TaskInstance: pricescope_pipeline.bronze_to_silver manual__2026-08-02T12:06:45.299805+00:00 [running]> on host a06cd3c668fc
[2026-08-02T12:07:20.407+0000] {taskinstance.py:3132} INFO - Exporting env vars: AIRFLOW_CTX_DAG_OWNER='govind' AIRFLOW_CTX_DAG_ID='pricescope_pipeline' AIRFLOW_CTX_TASK_ID='bronze_to_silver' AIRFLOW_CTX_EXECUTION_DATE='2026-08-02T12:06:45.299805+00:00' AIRFLOW_CTX_TRY_NUMBER='1' AIRFLOW_CTX_DAG_RUN_ID='manual__2026-08-02T12:06:45.299805+00:00'
[2026-08-02T12:07:20.411+0000] {taskinstance.py:731} INFO - ::endgroup::
[2026-08-02T12:07:20.434+0000] {glue.py:188} INFO - Initializing AWS Glue Job: pricescope-bronze-to-silver. Wait for completion: True
[2026-08-02T12:07:20.437+0000] {glue.py:365} INFO - Checking if job already exists: pricescope-bronze-to-silver
[2026-08-02T12:07:20.459+0000] {base_aws.py:603} WARNING - Unable to find AWS Connection ID 'aws_default', switching to empty.
[2026-08-02T12:07:20.462+0000] {base_aws.py:177} INFO - No connection ID provided. Fallback on boto3 credential strategy (region_name='eu-north-1'). See: https://boto3.amazonaws.com/v1/documentation/api/latest/guide/configuration.html
[2026-08-02T12:07:21.221+0000] {credentials.py:1147} INFO - Found credentials in environment variables.
[2026-08-02T12:07:22.853+0000] {glue.py:209} INFO - You can monitor this Glue Job run at: https://console.aws.amazon.com/gluestudio/home?region=eu-north-1#/job/pricescope-bronze-to-silver/run/jr_a3a2f29f3bdec08db55d96ce214e87d51b55cccd10b9ac2258dbd49eb1efeb4d
[2026-08-02T12:07:23.054+0000] {glue.py:348} INFO - Polling for AWS Glue Job pricescope-bronze-to-silver current run state with status RUNNING
[2026-08-02T12:07:29.283+0000] {glue.py:348} INFO - Polling for AWS Glue Job pricescope-bronze-to-silver current run state with status RUNNING
[2026-08-02T12:07:35.528+0000] {glue.py:348} INFO - Polling for AWS Glue Job pricescope-bronze-to-silver current run state with status RUNNING
[2026-08-02T12:07:41.775+0000] {glue.py:348} INFO - Polling for AWS Glue Job pricescope-bronze-to-silver current run state with status RUNNING
[2026-08-02T12:07:48.013+0000] {glue.py:348} INFO - Polling for AWS Glue Job pricescope-bronze-to-silver current run state with status RUNNING
[2026-08-02T12:07:54.249+0000] {glue.py:348} INFO - Polling for AWS Glue Job pricescope-bronze-to-silver current run state with status RUNNING
[2026-08-02T12:08:00.485+0000] {glue.py:348} INFO - Polling for AWS Glue Job pricescope-bronze-to-silver current run state with status RUNNING
[2026-08-02T12:08:06.719+0000] {glue.py:348} INFO - Polling for AWS Glue Job pricescope-bronze-to-silver current run state with status RUNNING
[2026-08-02T12:08:12.940+0000] {glue.py:348} INFO - Polling for AWS Glue Job pricescope-bronze-to-silver current run state with status RUNNING
[2026-08-02T12:08:19.165+0000] {glue.py:348} INFO - Polling for AWS Glue Job pricescope-bronze-to-silver current run state with status RUNNING
[2026-08-02T12:08:25.437+0000] {glue.py:348} INFO - Polling for AWS Glue Job pricescope-bronze-to-silver current run state with status RUNNING
[2026-08-02T12:08:31.682+0000] {glue.py:348} INFO - Polling for AWS Glue Job pricescope-bronze-to-silver current run state with status RUNNING
[2026-08-02T12:08:37.913+0000] {glue.py:348} INFO - Polling for AWS Glue Job pricescope-bronze-to-silver current run state with status RUNNING
[2026-08-02T12:08:44.981+0000] {glue.py:348} INFO - Polling for AWS Glue Job pricescope-bronze-to-silver current run state with status RUNNING
[2026-08-02T12:09:15.693+0000] {glue.py:348} INFO - Polling for AWS Glue Job pricescope-bronze-to-silver current run state with status RUNNING
[2026-08-02T12:09:21.921+0000] {glue.py:341} INFO - Exiting Job jr_a3a2f29f3bdec08db55d96ce214e87d51b55cccd10b9ac2258dbd49eb1efeb4d Run State: SUCCEEDED
[2026-08-02T12:09:21.924+0000] {glue.py:224} INFO - AWS Glue Job: pricescope-bronze-to-silver status: SUCCEEDED. Run Id: jr_a3a2f29f3bdec08db55d96ce214e87d51b55cccd10b9ac2258dbd49eb1efeb4d
[2026-08-02T12:09:21.947+0000] {taskinstance.py:340} INFO - ::group::Post task execution logs
[2026-08-02T12:09:21.950+0000] {taskinstance.py:352} INFO - Marking task as SUCCESS. dag_id=pricescope_pipeline, task_id=bronze_to_silver, run_id=manual__2026-08-02T12:06:45.299805+00:00, execution_date=20260802T120645, start_date=20260802T120720, end_date=20260802T120921
[2026-08-02T12:09:21.982+0000] {local_task_job_runner.py:266} INFO - Task exited with return code 0
[2026-08-02T12:09:22.001+0000] {taskinstance.py:3895} INFO - 0 downstream tasks scheduled from follow-on schedule check
[2026-08-02T12:09:22.007+0000] {local_task_job_runner.py:245} INFO - ::endgroup::
