[2026-08-01T19:56:16.087+0000] {local_task_job_runner.py:123} INFO - ::group::Pre task execution logs
[2026-08-01T19:56:16.116+0000] {taskinstance.py:2613} INFO - Dependencies all met for dep_context=non-requeueable deps ti=<TaskInstance: pricescope_pipeline.scrape_smartprix manual__2026-08-01T19:56:09.599798+00:00 [queued]>
[2026-08-01T19:56:16.129+0000] {taskinstance.py:2613} INFO - Dependencies all met for dep_context=requeueable deps ti=<TaskInstance: pricescope_pipeline.scrape_smartprix manual__2026-08-01T19:56:09.599798+00:00 [queued]>
[2026-08-01T19:56:16.131+0000] {taskinstance.py:2866} INFO - Starting attempt 1 of 2
[2026-08-01T19:56:16.145+0000] {taskinstance.py:2889} INFO - Executing <Task(BashOperator): scrape_smartprix> on 2026-08-01 19:56:09.599798+00:00
[2026-08-01T19:56:16.159+0000] {warnings.py:112} WARNING - /home/***/.local/lib/python3.12/site-packages/***/task/task_runner/standard_task_runner.py:70: DeprecationWarning: This process (pid=876) is multi-threaded, use of fork() may lead to deadlocks in the child.
  pid = os.fork()

[2026-08-01T19:56:16.162+0000] {standard_task_runner.py:104} INFO - Running: ['***', 'tasks', 'run', 'pricescope_pipeline', 'scrape_smartprix', 'manual__2026-08-01T19:56:09.599798+00:00', '--job-id', '17', '--raw', '--subdir', 'DAGS_FOLDER/pricescope_pipeline.py', '--cfg-path', '/tmp/tmppcw4o9fl']
[2026-08-01T19:56:16.166+0000] {standard_task_runner.py:72} INFO - Started process 885 to run task
[2026-08-01T19:56:16.167+0000] {standard_task_runner.py:105} INFO - Job 17: Subtask scrape_smartprix
[2026-08-01T19:56:16.265+0000] {task_command.py:467} INFO - Running <TaskInstance: pricescope_pipeline.scrape_smartprix manual__2026-08-01T19:56:09.599798+00:00 [running]> on host a06cd3c668fc
[2026-08-01T19:56:16.370+0000] {taskinstance.py:3132} INFO - Exporting env vars: AIRFLOW_CTX_DAG_OWNER='govind' AIRFLOW_CTX_DAG_ID='pricescope_pipeline' AIRFLOW_CTX_TASK_ID='scrape_smartprix' AIRFLOW_CTX_EXECUTION_DATE='2026-08-01T19:56:09.599798+00:00' AIRFLOW_CTX_TRY_NUMBER='1' AIRFLOW_CTX_DAG_RUN_ID='manual__2026-08-01T19:56:09.599798+00:00'
[2026-08-01T19:56:16.373+0000] {taskinstance.py:731} INFO - ::endgroup::
[2026-08-01T19:56:16.432+0000] {subprocess.py:78} INFO - Tmp dir root location: /tmp
[2026-08-01T19:56:16.434+0000] {subprocess.py:88} INFO - Running command: ['/usr/bin/bash', '-c', 'cd /opt/***/pricescope && python scrapers/smartprix/smartprix_scraper.py']
[2026-08-01T19:56:16.450+0000] {subprocess.py:99} INFO - Output:
[2026-08-01T19:56:45.279+0000] {subprocess.py:106} INFO - ==================================================
[2026-08-01T19:56:45.281+0000] {subprocess.py:106} INFO - Smartprix Scraper Starting
[2026-08-01T19:56:45.283+0000] {subprocess.py:106} INFO - Run time: 2026-08-01 19:56:17.674007
[2026-08-01T19:56:45.284+0000] {subprocess.py:106} INFO - ==================================================
[2026-08-01T19:56:45.286+0000] {subprocess.py:106} INFO - 
[2026-08-01T19:56:45.288+0000] {subprocess.py:106} INFO - Category: SMARTPHONES
[2026-08-01T19:56:45.290+0000] {subprocess.py:106} INFO - 
[2026-08-01T19:56:45.292+0000] {subprocess.py:106} INFO -  Page 1...
[2026-08-01T19:56:45.295+0000] {subprocess.py:106} INFO -  Fetching: https://www.smartprix.com/mobiles
[2026-08-01T19:56:45.297+0000] {subprocess.py:106} INFO -  Parsed 28 products (total: 28)
[2026-08-01T19:56:45.299+0000] {subprocess.py:106} INFO - 
[2026-08-01T19:56:45.301+0000] {subprocess.py:106} INFO -  Page 2...
[2026-08-01T19:56:45.303+0000] {subprocess.py:106} INFO -  Fetching: https://www.smartprix.com/mobiles?page=2
[2026-08-01T19:56:45.306+0000] {subprocess.py:106} INFO -  Parsed 28 products (total: 56)
[2026-08-01T19:56:45.309+0000] {subprocess.py:106} INFO -  Uploaded → s3://price-scope/bronze/source=smartprix/category=smartphones/year=2026/month=08/day=01/hour=19/smartprix_smartphones_20260801_195633.json
[2026-08-01T19:56:45.311+0000] {subprocess.py:106} INFO - 
[2026-08-01T19:56:45.313+0000] {subprocess.py:106} INFO - Done: 56 products → bronze/source=smartprix/category=smartphones/year=2026/month=08/day=01/hour=19/smartprix_smartphones_20260801_195633.json
[2026-08-01T19:56:45.315+0000] {subprocess.py:106} INFO - 
[2026-08-01T19:56:45.317+0000] {subprocess.py:106} INFO - Category: LAPTOPS
[2026-08-01T19:56:45.319+0000] {subprocess.py:106} INFO - 
[2026-08-01T19:56:45.321+0000] {subprocess.py:106} INFO -  Page 1...
[2026-08-01T19:56:45.323+0000] {subprocess.py:106} INFO -  Fetching: https://www.smartprix.com/laptops
[2026-08-01T19:56:45.325+0000] {subprocess.py:106} INFO -  Parsed 28 products (total: 28)
[2026-08-01T19:56:45.327+0000] {subprocess.py:106} INFO - 
[2026-08-01T19:56:45.329+0000] {subprocess.py:106} INFO -  Page 2...
[2026-08-01T19:56:45.331+0000] {subprocess.py:106} INFO -  Fetching: https://www.smartprix.com/laptops?page=2
[2026-08-01T19:56:45.333+0000] {subprocess.py:106} INFO -  Parsed 28 products (total: 56)
[2026-08-01T19:56:45.334+0000] {subprocess.py:106} INFO -  Uploaded → s3://price-scope/bronze/source=smartprix/category=laptops/year=2026/month=08/day=01/hour=19/smartprix_laptops_20260801_195644.json
[2026-08-01T19:56:45.336+0000] {subprocess.py:106} INFO - 
[2026-08-01T19:56:45.338+0000] {subprocess.py:106} INFO - Done: 56 products → bronze/source=smartprix/category=laptops/year=2026/month=08/day=01/hour=19/smartprix_laptops_20260801_195644.json
[2026-08-01T19:56:45.340+0000] {subprocess.py:106} INFO - 
[2026-08-01T19:56:45.342+0000] {subprocess.py:106} INFO - Scraper finished.
[2026-08-01T19:56:45.454+0000] {subprocess.py:110} INFO - Command exited with return code 0
[2026-08-01T19:56:45.490+0000] {taskinstance.py:340} INFO - ::group::Post task execution logs
[2026-08-01T19:56:45.492+0000] {taskinstance.py:352} INFO - Marking task as SUCCESS. dag_id=pricescope_pipeline, task_id=scrape_smartprix, run_id=manual__2026-08-01T19:56:09.599798+00:00, execution_date=20260801T195609, start_date=20260801T195616, end_date=20260801T195645
[2026-08-01T19:56:45.531+0000] {local_task_job_runner.py:266} INFO - Task exited with return code 0
[2026-08-01T19:56:45.560+0000] {taskinstance.py:3895} INFO - 1 downstream tasks scheduled from follow-on schedule check
[2026-08-01T19:56:45.563+0000] {local_task_job_runner.py:245} INFO - ::endgroup::
