[2026-08-01T19:56:44.868+0000] {local_task_job_runner.py:123} INFO - ::group::Pre task execution logs
[2026-08-01T19:56:44.896+0000] {taskinstance.py:2613} INFO - Dependencies all met for dep_context=non-requeueable deps ti=<TaskInstance: pricescope_pipeline.bronze_to_silver scheduled__2026-08-01T06:00:00+00:00 [queued]>
[2026-08-01T19:56:44.914+0000] {taskinstance.py:2613} INFO - Dependencies all met for dep_context=requeueable deps ti=<TaskInstance: pricescope_pipeline.bronze_to_silver scheduled__2026-08-01T06:00:00+00:00 [queued]>
[2026-08-01T19:56:44.917+0000] {taskinstance.py:2866} INFO - Starting attempt 1 of 2
[2026-08-01T19:56:44.935+0000] {taskinstance.py:2889} INFO - Executing <Task(GlueJobOperator): bronze_to_silver> on 2026-08-01 06:00:00+00:00
[2026-08-01T19:56:44.945+0000] {warnings.py:112} WARNING - /home/***/.local/lib/python3.12/site-packages/***/task/task_runner/standard_task_runner.py:70: DeprecationWarning: This process (pid=1076) is multi-threaded, use of fork() may lead to deadlocks in the child.
  pid = os.fork()

[2026-08-01T19:56:44.948+0000] {standard_task_runner.py:104} INFO - Running: ['***', 'tasks', 'run', 'pricescope_pipeline', 'bronze_to_silver', 'scheduled__2026-08-01T06:00:00+00:00', '--job-id', '19', '--raw', '--subdir', 'DAGS_FOLDER/pricescope_pipeline.py', '--cfg-path', '/tmp/tmpjayotrha']
[2026-08-01T19:56:44.950+0000] {standard_task_runner.py:72} INFO - Started process 1077 to run task
[2026-08-01T19:56:44.951+0000] {standard_task_runner.py:105} INFO - Job 19: Subtask bronze_to_silver
[2026-08-01T19:56:45.049+0000] {task_command.py:467} INFO - Running <TaskInstance: pricescope_pipeline.bronze_to_silver scheduled__2026-08-01T06:00:00+00:00 [running]> on host a06cd3c668fc
[2026-08-01T19:56:45.170+0000] {taskinstance.py:3132} INFO - Exporting env vars: AIRFLOW_CTX_DAG_OWNER='govind' AIRFLOW_CTX_DAG_ID='pricescope_pipeline' AIRFLOW_CTX_TASK_ID='bronze_to_silver' AIRFLOW_CTX_EXECUTION_DATE='2026-08-01T06:00:00+00:00' AIRFLOW_CTX_TRY_NUMBER='1' AIRFLOW_CTX_DAG_RUN_ID='scheduled__2026-08-01T06:00:00+00:00'
[2026-08-01T19:56:45.174+0000] {taskinstance.py:731} INFO - ::endgroup::
[2026-08-01T19:56:45.225+0000] {glue.py:188} INFO - Initializing AWS Glue Job: pricescope-bronze-to-silver. Wait for completion: True
[2026-08-01T19:56:45.227+0000] {glue.py:365} INFO - Checking if job already exists: pricescope-bronze-to-silver
[2026-08-01T19:56:45.257+0000] {base_aws.py:603} WARNING - Unable to find AWS Connection ID 'aws_default', switching to empty.
[2026-08-01T19:56:45.263+0000] {base_aws.py:177} INFO - No connection ID provided. Fallback on boto3 credential strategy (region_name='eu-north-1'). See: https://boto3.amazonaws.com/v1/documentation/api/latest/guide/configuration.html
[2026-08-01T19:56:46.585+0000] {credentials.py:1147} INFO - Found credentials in environment variables.
[2026-08-01T19:56:48.034+0000] {glue.py:209} INFO - You can monitor this Glue Job run at: https://console.aws.amazon.com/gluestudio/home?region=eu-north-1#/job/pricescope-bronze-to-silver/run/jr_106d57bb7daec2f1ed0525bc4aa23281b586314c445ac078d5f3e73b149dde28
[2026-08-01T19:56:48.248+0000] {glue.py:348} INFO - Polling for AWS Glue Job pricescope-bronze-to-silver current run state with status RUNNING
[2026-08-01T19:56:54.504+0000] {glue.py:348} INFO - Polling for AWS Glue Job pricescope-bronze-to-silver current run state with status RUNNING
[2026-08-01T19:57:00.775+0000] {glue.py:348} INFO - Polling for AWS Glue Job pricescope-bronze-to-silver current run state with status RUNNING
[2026-08-01T19:57:07.034+0000] {glue.py:348} INFO - Polling for AWS Glue Job pricescope-bronze-to-silver current run state with status RUNNING
[2026-08-01T19:57:13.275+0000] {glue.py:348} INFO - Polling for AWS Glue Job pricescope-bronze-to-silver current run state with status RUNNING
[2026-08-01T19:57:19.515+0000] {glue.py:348} INFO - Polling for AWS Glue Job pricescope-bronze-to-silver current run state with status RUNNING
[2026-08-01T19:57:25.757+0000] {glue.py:348} INFO - Polling for AWS Glue Job pricescope-bronze-to-silver current run state with status RUNNING
[2026-08-01T19:57:31.985+0000] {glue.py:348} INFO - Polling for AWS Glue Job pricescope-bronze-to-silver current run state with status RUNNING
[2026-08-01T19:57:38.200+0000] {glue.py:348} INFO - Polling for AWS Glue Job pricescope-bronze-to-silver current run state with status RUNNING
[2026-08-01T19:57:44.432+0000] {glue.py:348} INFO - Polling for AWS Glue Job pricescope-bronze-to-silver current run state with status RUNNING
[2026-08-01T19:57:50.669+0000] {glue.py:348} INFO - Polling for AWS Glue Job pricescope-bronze-to-silver current run state with status RUNNING
[2026-08-01T19:57:56.930+0000] {glue.py:348} INFO - Polling for AWS Glue Job pricescope-bronze-to-silver current run state with status RUNNING
[2026-08-01T19:58:03.160+0000] {glue.py:348} INFO - Polling for AWS Glue Job pricescope-bronze-to-silver current run state with status RUNNING
[2026-08-01T19:58:09.393+0000] {glue.py:348} INFO - Polling for AWS Glue Job pricescope-bronze-to-silver current run state with status RUNNING
[2026-08-01T19:58:15.631+0000] {glue.py:348} INFO - Polling for AWS Glue Job pricescope-bronze-to-silver current run state with status RUNNING
[2026-08-01T19:58:21.880+0000] {glue.py:348} INFO - Polling for AWS Glue Job pricescope-bronze-to-silver current run state with status RUNNING
[2026-08-01T19:58:28.120+0000] {glue.py:348} INFO - Polling for AWS Glue Job pricescope-bronze-to-silver current run state with status RUNNING
[2026-08-01T19:58:34.367+0000] {glue.py:348} INFO - Polling for AWS Glue Job pricescope-bronze-to-silver current run state with status RUNNING
[2026-08-01T19:58:40.613+0000] {glue.py:348} INFO - Polling for AWS Glue Job pricescope-bronze-to-silver current run state with status RUNNING
[2026-08-01T19:58:46.866+0000] {glue.py:348} INFO - Polling for AWS Glue Job pricescope-bronze-to-silver current run state with status RUNNING
[2026-08-01T19:58:53.105+0000] {glue.py:348} INFO - Polling for AWS Glue Job pricescope-bronze-to-silver current run state with status RUNNING
[2026-08-01T19:58:59.657+0000] {glue.py:348} INFO - Polling for AWS Glue Job pricescope-bronze-to-silver current run state with status RUNNING
[2026-08-01T19:59:05.907+0000] {glue.py:348} INFO - Polling for AWS Glue Job pricescope-bronze-to-silver current run state with status RUNNING
[2026-08-01T19:59:12.176+0000] {glue.py:348} INFO - Polling for AWS Glue Job pricescope-bronze-to-silver current run state with status RUNNING
[2026-08-01T19:59:18.417+0000] {glue.py:348} INFO - Polling for AWS Glue Job pricescope-bronze-to-silver current run state with status RUNNING
[2026-08-01T19:59:24.672+0000] {glue.py:348} INFO - Polling for AWS Glue Job pricescope-bronze-to-silver current run state with status RUNNING
[2026-08-01T19:59:30.912+0000] {glue.py:348} INFO - Polling for AWS Glue Job pricescope-bronze-to-silver current run state with status RUNNING
[2026-08-01T19:59:37.174+0000] {glue.py:348} INFO - Polling for AWS Glue Job pricescope-bronze-to-silver current run state with status RUNNING
[2026-08-01T19:59:43.407+0000] {glue.py:348} INFO - Polling for AWS Glue Job pricescope-bronze-to-silver current run state with status RUNNING
[2026-08-01T19:59:49.651+0000] {glue.py:348} INFO - Polling for AWS Glue Job pricescope-bronze-to-silver current run state with status RUNNING
[2026-08-01T19:59:55.882+0000] {glue.py:348} INFO - Polling for AWS Glue Job pricescope-bronze-to-silver current run state with status RUNNING
[2026-08-01T20:00:02.135+0000] {glue.py:348} INFO - Polling for AWS Glue Job pricescope-bronze-to-silver current run state with status RUNNING
[2026-08-01T20:00:08.388+0000] {glue.py:348} INFO - Polling for AWS Glue Job pricescope-bronze-to-silver current run state with status RUNNING
[2026-08-01T20:00:14.627+0000] {glue.py:348} INFO - Polling for AWS Glue Job pricescope-bronze-to-silver current run state with status RUNNING
[2026-08-01T20:00:21.288+0000] {glue.py:348} INFO - Polling for AWS Glue Job pricescope-bronze-to-silver current run state with status RUNNING
[2026-08-01T20:00:27.523+0000] {glue.py:348} INFO - Polling for AWS Glue Job pricescope-bronze-to-silver current run state with status RUNNING
[2026-08-01T20:00:33.756+0000] {glue.py:348} INFO - Polling for AWS Glue Job pricescope-bronze-to-silver current run state with status RUNNING
[2026-08-01T20:00:40.009+0000] {glue.py:348} INFO - Polling for AWS Glue Job pricescope-bronze-to-silver current run state with status RUNNING
[2026-08-01T20:00:46.234+0000] {glue.py:348} INFO - Polling for AWS Glue Job pricescope-bronze-to-silver current run state with status RUNNING
[2026-08-01T20:00:52.458+0000] {glue.py:348} INFO - Polling for AWS Glue Job pricescope-bronze-to-silver current run state with status RUNNING
[2026-08-01T20:00:58.669+0000] {glue.py:348} INFO - Polling for AWS Glue Job pricescope-bronze-to-silver current run state with status RUNNING
[2026-08-01T20:01:04.921+0000] {glue.py:348} INFO - Polling for AWS Glue Job pricescope-bronze-to-silver current run state with status RUNNING
[2026-08-01T20:01:11.123+0000] {glue.py:341} INFO - Exiting Job jr_106d57bb7daec2f1ed0525bc4aa23281b586314c445ac078d5f3e73b149dde28 Run State: SUCCEEDED
[2026-08-01T20:01:11.125+0000] {glue.py:224} INFO - AWS Glue Job: pricescope-bronze-to-silver status: SUCCEEDED. Run Id: jr_106d57bb7daec2f1ed0525bc4aa23281b586314c445ac078d5f3e73b149dde28
[2026-08-01T20:01:11.186+0000] {taskinstance.py:340} INFO - ::group::Post task execution logs
[2026-08-01T20:01:11.189+0000] {taskinstance.py:352} INFO - Marking task as SUCCESS. dag_id=pricescope_pipeline, task_id=bronze_to_silver, run_id=scheduled__2026-08-01T06:00:00+00:00, execution_date=20260801T060000, start_date=20260801T195644, end_date=20260801T200111
[2026-08-01T20:01:11.262+0000] {local_task_job_runner.py:266} INFO - Task exited with return code 0
[2026-08-01T20:01:11.331+0000] {taskinstance.py:3895} INFO - 1 downstream tasks scheduled from follow-on schedule check
[2026-08-01T20:01:11.336+0000] {local_task_job_runner.py:245} INFO - ::endgroup::
