[2026-08-02T10:20:29.586+0000] {local_task_job_runner.py:123} INFO - ::group::Pre task execution logs
[2026-08-02T10:20:29.614+0000] {taskinstance.py:2613} INFO - Dependencies all met for dep_context=non-requeueable deps ti=<TaskInstance: pricescope_pipeline.scrape_smartprix scheduled__2026-08-01T18:00:00+00:00 [queued]>
[2026-08-02T10:20:29.631+0000] {taskinstance.py:2613} INFO - Dependencies all met for dep_context=requeueable deps ti=<TaskInstance: pricescope_pipeline.scrape_smartprix scheduled__2026-08-01T18:00:00+00:00 [queued]>
[2026-08-02T10:20:29.633+0000] {taskinstance.py:2866} INFO - Starting attempt 1 of 2
[2026-08-02T10:20:29.656+0000] {taskinstance.py:2889} INFO - Executing <Task(BashOperator): scrape_smartprix> on 2026-08-01 18:00:00+00:00
[2026-08-02T10:20:29.672+0000] {standard_task_runner.py:104} INFO - Running: ['***', 'tasks', 'run', 'pricescope_pipeline', 'scrape_smartprix', 'scheduled__2026-08-01T18:00:00+00:00', '--job-id', '40', '--raw', '--subdir', 'DAGS_FOLDER/pricescope_pipeline.py', '--cfg-path', '/tmp/tmpv50q7yeh']
[2026-08-02T10:20:29.670+0000] {warnings.py:112} WARNING - /home/***/.local/lib/python3.12/site-packages/***/task/task_runner/standard_task_runner.py:70: DeprecationWarning: This process (pid=80) is multi-threaded, use of fork() may lead to deadlocks in the child.
  pid = os.fork()

[2026-08-02T10:20:29.679+0000] {standard_task_runner.py:105} INFO - Job 40: Subtask scrape_smartprix
[2026-08-02T10:20:29.681+0000] {standard_task_runner.py:72} INFO - Started process 81 to run task
[2026-08-02T10:20:29.957+0000] {task_command.py:467} INFO - Running <TaskInstance: pricescope_pipeline.scrape_smartprix scheduled__2026-08-01T18:00:00+00:00 [running]> on host a06cd3c668fc
[2026-08-02T10:20:30.521+0000] {taskinstance.py:3132} INFO - Exporting env vars: AIRFLOW_CTX_DAG_OWNER='govind' AIRFLOW_CTX_DAG_ID='pricescope_pipeline' AIRFLOW_CTX_TASK_ID='scrape_smartprix' AIRFLOW_CTX_EXECUTION_DATE='2026-08-01T18:00:00+00:00' AIRFLOW_CTX_TRY_NUMBER='1' AIRFLOW_CTX_DAG_RUN_ID='scheduled__2026-08-01T18:00:00+00:00'
[2026-08-02T10:20:30.527+0000] {taskinstance.py:731} INFO - ::endgroup::
[2026-08-02T10:20:30.611+0000] {subprocess.py:78} INFO - Tmp dir root location: /tmp
[2026-08-02T10:20:30.620+0000] {subprocess.py:88} INFO - Running command: ['/usr/bin/bash', '-c', 'cd /opt/***/pricescope && python scrapers/smartprix/smartprix_scraper.py']
[2026-08-02T10:20:30.667+0000] {subprocess.py:99} INFO - Output:
[2026-08-02T10:21:06.617+0000] {subprocess.py:106} INFO - ==================================================
[2026-08-02T10:21:06.633+0000] {subprocess.py:106} INFO - Smartprix Scraper Starting
[2026-08-02T10:21:06.636+0000] {subprocess.py:106} INFO - Run time: 2026-08-02 10:20:33.965117
[2026-08-02T10:21:06.639+0000] {subprocess.py:106} INFO - ==================================================
[2026-08-02T10:21:06.642+0000] {subprocess.py:106} INFO - 
[2026-08-02T10:21:06.645+0000] {subprocess.py:106} INFO - Category: SMARTPHONES
[2026-08-02T10:21:06.648+0000] {subprocess.py:106} INFO - 
[2026-08-02T10:21:06.651+0000] {subprocess.py:106} INFO -  Page 1...
[2026-08-02T10:21:06.654+0000] {subprocess.py:106} INFO -  Fetching: https://www.smartprix.com/mobiles
[2026-08-02T10:21:06.656+0000] {subprocess.py:106} INFO -  Parsed 28 products (total: 28)
[2026-08-02T10:21:06.657+0000] {subprocess.py:106} INFO - 
[2026-08-02T10:21:06.659+0000] {subprocess.py:106} INFO -  Page 2...
[2026-08-02T10:21:06.660+0000] {subprocess.py:106} INFO -  Fetching: https://www.smartprix.com/mobiles?page=2
[2026-08-02T10:21:06.663+0000] {subprocess.py:106} INFO -  Parsed 28 products (total: 56)
[2026-08-02T10:21:06.665+0000] {subprocess.py:106} INFO -  Uploaded → s3://price-scope/bronze/source=smartprix/category=smartphones/year=2026/month=08/day=02/hour=10/smartprix_smartphones_20260802_102051.json
[2026-08-02T10:21:06.668+0000] {subprocess.py:106} INFO - 
[2026-08-02T10:21:06.671+0000] {subprocess.py:106} INFO - Done: 56 products → bronze/source=smartprix/category=smartphones/year=2026/month=08/day=02/hour=10/smartprix_smartphones_20260802_102051.json
[2026-08-02T10:21:06.674+0000] {subprocess.py:106} INFO - 
[2026-08-02T10:21:06.676+0000] {subprocess.py:106} INFO - Category: LAPTOPS
[2026-08-02T10:21:06.679+0000] {subprocess.py:106} INFO - 
[2026-08-02T10:21:06.681+0000] {subprocess.py:106} INFO -  Page 1...
[2026-08-02T10:21:06.684+0000] {subprocess.py:106} INFO -  Fetching: https://www.smartprix.com/laptops
[2026-08-02T10:21:06.686+0000] {subprocess.py:106} INFO -  Parsed 28 products (total: 28)
[2026-08-02T10:21:06.688+0000] {subprocess.py:106} INFO - 
[2026-08-02T10:21:06.690+0000] {subprocess.py:106} INFO -  Page 2...
[2026-08-02T10:21:06.692+0000] {subprocess.py:106} INFO -  Fetching: https://www.smartprix.com/laptops?page=2
[2026-08-02T10:21:06.695+0000] {subprocess.py:106} INFO -  Parsed 28 products (total: 56)
[2026-08-02T10:21:06.697+0000] {subprocess.py:106} INFO -  Uploaded → s3://price-scope/bronze/source=smartprix/category=laptops/year=2026/month=08/day=02/hour=10/smartprix_laptops_20260802_102104.json
[2026-08-02T10:21:06.699+0000] {subprocess.py:106} INFO - 
[2026-08-02T10:21:06.701+0000] {subprocess.py:106} INFO - Done: 56 products → bronze/source=smartprix/category=laptops/year=2026/month=08/day=02/hour=10/smartprix_laptops_20260802_102104.json
[2026-08-02T10:21:06.704+0000] {subprocess.py:106} INFO - 
[2026-08-02T10:21:06.706+0000] {subprocess.py:106} INFO - Scraper finished.
[2026-08-02T10:21:06.775+0000] {subprocess.py:110} INFO - Command exited with return code 0
[2026-08-02T10:21:06.873+0000] {taskinstance.py:340} INFO - ::group::Post task execution logs
[2026-08-02T10:21:06.876+0000] {taskinstance.py:352} INFO - Marking task as SUCCESS. dag_id=pricescope_pipeline, task_id=scrape_smartprix, run_id=scheduled__2026-08-01T18:00:00+00:00, execution_date=20260801T180000, start_date=20260802T102029, end_date=20260802T102106
[2026-08-02T10:21:06.947+0000] {local_task_job_runner.py:266} INFO - Task exited with return code 0
[2026-08-02T10:21:07.017+0000] {taskinstance.py:3895} INFO - 1 downstream tasks scheduled from follow-on schedule check
[2026-08-02T10:21:07.023+0000] {local_task_job_runner.py:245} INFO - ::endgroup::
