[2026-08-02T12:09:23.681+0000] {local_task_job_runner.py:123} INFO - ::group::Pre task execution logs
[2026-08-02T12:09:23.707+0000] {taskinstance.py:2613} INFO - Dependencies all met for dep_context=non-requeueable deps ti=<TaskInstance: pricescope_pipeline.dbt_run manual__2026-08-02T12:06:45.299805+00:00 [queued]>
[2026-08-02T12:09:23.718+0000] {taskinstance.py:2613} INFO - Dependencies all met for dep_context=requeueable deps ti=<TaskInstance: pricescope_pipeline.dbt_run manual__2026-08-02T12:06:45.299805+00:00 [queued]>
[2026-08-02T12:09:23.722+0000] {taskinstance.py:2866} INFO - Starting attempt 1 of 2
[2026-08-02T12:09:23.739+0000] {taskinstance.py:2889} INFO - Executing <Task(BashOperator): dbt_run> on 2026-08-02 12:06:45.299805+00:00
[2026-08-02T12:09:23.747+0000] {warnings.py:112} WARNING - /home/***/.local/lib/python3.12/site-packages/***/task/task_runner/standard_task_runner.py:70: DeprecationWarning: This process (pid=1721) is multi-threaded, use of fork() may lead to deadlocks in the child.
  pid = os.fork()

[2026-08-02T12:09:23.749+0000] {standard_task_runner.py:104} INFO - Running: ['***', 'tasks', 'run', 'pricescope_pipeline', 'dbt_run', 'manual__2026-08-02T12:06:45.299805+00:00', '--job-id', '46', '--raw', '--subdir', 'DAGS_FOLDER/pricescope_pipeline.py', '--cfg-path', '/tmp/tmp2rje2tgk']
[2026-08-02T12:09:23.752+0000] {standard_task_runner.py:72} INFO - Started process 1722 to run task
[2026-08-02T12:09:23.753+0000] {standard_task_runner.py:105} INFO - Job 46: Subtask dbt_run
[2026-08-02T12:09:23.845+0000] {task_command.py:467} INFO - Running <TaskInstance: pricescope_pipeline.dbt_run manual__2026-08-02T12:06:45.299805+00:00 [running]> on host a06cd3c668fc
[2026-08-02T12:09:23.955+0000] {taskinstance.py:3132} INFO - Exporting env vars: AIRFLOW_CTX_DAG_OWNER='govind' AIRFLOW_CTX_DAG_ID='pricescope_pipeline' AIRFLOW_CTX_TASK_ID='dbt_run' AIRFLOW_CTX_EXECUTION_DATE='2026-08-02T12:06:45.299805+00:00' AIRFLOW_CTX_TRY_NUMBER='1' AIRFLOW_CTX_DAG_RUN_ID='manual__2026-08-02T12:06:45.299805+00:00'
[2026-08-02T12:09:23.958+0000] {taskinstance.py:731} INFO - ::endgroup::
[2026-08-02T12:09:23.977+0000] {subprocess.py:78} INFO - Tmp dir root location: /tmp
[2026-08-02T12:09:23.980+0000] {subprocess.py:88} INFO - Running command: ['/usr/bin/bash', '-c', '/opt/dbt_venv/bin/dbt run --profiles-dir /opt/***/pricescope/dbt_project --project-dir /opt/***/pricescope/dbt_project ']
[2026-08-02T12:09:23.995+0000] {subprocess.py:99} INFO - Output:
[2026-08-02T12:09:27.465+0000] {subprocess.py:106} INFO - [0m12:09:27  Running with dbt=1.12.0
[2026-08-02T12:09:28.369+0000] {subprocess.py:106} INFO - [0m12:09:28  Registered adapter: redshift=1.11.0
[2026-08-02T12:09:30.029+0000] {subprocess.py:106} INFO - [0m12:09:30  Unable to do partial parsing because an error occurred. Switching to full reparse.
[2026-08-02T12:09:32.205+0000] {subprocess.py:106} INFO - [0m12:09:32  [[33mWARNING[0m][MissingArgumentsPropertyInGenericTestDeprecation]: Deprecated
[2026-08-02T12:09:32.207+0000] {subprocess.py:106} INFO - functionality
[2026-08-02T12:09:32.209+0000] {subprocess.py:106} INFO - Found top-level arguments to test `relationships` defined on
[2026-08-02T12:09:32.210+0000] {subprocess.py:106} INFO - 'fact_price_snapshots' in package 'pricescope' (models/marts/_marts.yml).
[2026-08-02T12:09:32.212+0000] {subprocess.py:106} INFO - Arguments to generic tests should be nested under the `arguments` property.
[2026-08-02T12:09:33.425+0000] {subprocess.py:106} INFO - [0m12:09:33  Found 6 models, 22 data tests, 1 source, 567 macros
[2026-08-02T12:09:33.437+0000] {subprocess.py:106} INFO - [0m12:09:33
[2026-08-02T12:09:33.441+0000] {subprocess.py:106} INFO - [0m12:09:33  Concurrency: 4 threads (target='dev')
[2026-08-02T12:09:33.443+0000] {subprocess.py:106} INFO - [0m12:09:33
[2026-08-02T12:09:42.029+0000] {subprocess.py:106} INFO - [0m12:09:42  1 of 6 START sql table model marts.dim_date .................................... [RUN]
[2026-08-02T12:09:42.031+0000] {subprocess.py:106} INFO - [0m12:09:42  2 of 6 START sql table model marts_staging.stg_smartprix_prices ................ [RUN]
[2026-08-02T12:09:50.140+0000] {subprocess.py:106} INFO - [0m12:09:50  1 of 6 OK created sql table model marts.dim_date ............................... [[32mSUCCESS[0m in 8.10s]
[2026-08-02T12:09:50.771+0000] {subprocess.py:106} INFO - [0m12:09:50  2 of 6 OK created sql table model marts_staging.stg_smartprix_prices ........... [[32mSUCCESS[0m in 8.73s]
[2026-08-02T12:09:50.781+0000] {subprocess.py:106} INFO - [0m12:09:50  3 of 6 START sql table model marts.dim_category ................................ [RUN]
[2026-08-02T12:09:50.783+0000] {subprocess.py:106} INFO - [0m12:09:50  4 of 6 START sql table model marts.dim_platform ................................ [RUN]
[2026-08-02T12:09:50.786+0000] {subprocess.py:106} INFO - [0m12:09:50  5 of 6 START sql table model marts.dim_product ................................. [RUN]
[2026-08-02T12:10:00.653+0000] {subprocess.py:106} INFO - [0m12:10:00  3 of 6 OK created sql table model marts.dim_category ........................... [[32mSUCCESS[0m in 9.86s]
[2026-08-02T12:10:00.654+0000] {subprocess.py:106} INFO - [0m12:10:00  5 of 6 OK created sql table model marts.dim_product ............................ [[32mSUCCESS[0m in 9.86s]
[2026-08-02T12:10:00.668+0000] {subprocess.py:106} INFO - [0m12:10:00  4 of 6 OK created sql table model marts.dim_platform ........................... [[32mSUCCESS[0m in 9.87s]
[2026-08-02T12:10:00.673+0000] {subprocess.py:106} INFO - [0m12:10:00  6 of 6 START sql table model marts.fact_price_snapshots ........................ [RUN]
[2026-08-02T12:10:07.675+0000] {subprocess.py:106} INFO - [0m12:10:07  6 of 6 OK created sql table model marts.fact_price_snapshots ................... [[32mSUCCESS[0m in 7.00s]
[2026-08-02T12:10:09.584+0000] {subprocess.py:106} INFO - [0m12:10:09
[2026-08-02T12:10:09.586+0000] {subprocess.py:106} INFO - [0m12:10:09  Finished running 6 table models in 0 hours 0 minutes and 36.14 seconds (36.14s).
[2026-08-02T12:10:09.862+0000] {subprocess.py:106} INFO - [0m12:10:09
[2026-08-02T12:10:09.863+0000] {subprocess.py:106} INFO - [0m12:10:09  [32mCompleted successfully[0m
[2026-08-02T12:10:09.865+0000] {subprocess.py:106} INFO - [0m12:10:09
[2026-08-02T12:10:09.866+0000] {subprocess.py:106} INFO - [0m12:10:09  Done. PASS=6 WARN=0 ERROR=0 SKIP=0 NO-OP=0 REUSED=0 TOTAL=6
[2026-08-02T12:10:09.868+0000] {subprocess.py:106} INFO - [0m12:10:09  [[33mWARNING[0m][DeprecationsSummary]: Deprecated functionality
[2026-08-02T12:10:09.869+0000] {subprocess.py:106} INFO - Summary of encountered deprecations:
[2026-08-02T12:10:09.871+0000] {subprocess.py:106} INFO - - MissingArgumentsPropertyInGenericTestDeprecation: 4 occurrences
[2026-08-02T12:10:09.872+0000] {subprocess.py:106} INFO - To see all deprecation instances instead of just the first occurrence of each,
[2026-08-02T12:10:09.874+0000] {subprocess.py:106} INFO - run command again with the `--show-all-deprecations` flag. You may also need to
[2026-08-02T12:10:09.875+0000] {subprocess.py:106} INFO - run with `--no-partial-parse` as some deprecations are only encountered during
[2026-08-02T12:10:09.876+0000] {subprocess.py:106} INFO - parsing.
[2026-08-02T12:10:12.700+0000] {subprocess.py:110} INFO - Command exited with return code 0
[2026-08-02T12:10:12.728+0000] {taskinstance.py:340} INFO - ::group::Post task execution logs
[2026-08-02T12:10:12.731+0000] {taskinstance.py:352} INFO - Marking task as SUCCESS. dag_id=pricescope_pipeline, task_id=dbt_run, run_id=manual__2026-08-02T12:06:45.299805+00:00, execution_date=20260802T120645, start_date=20260802T120923, end_date=20260802T121012
[2026-08-02T12:10:12.762+0000] {local_task_job_runner.py:266} INFO - Task exited with return code 0
[2026-08-02T12:10:12.787+0000] {taskinstance.py:3895} INFO - 1 downstream tasks scheduled from follow-on schedule check
[2026-08-02T12:10:12.792+0000] {local_task_job_runner.py:245} INFO - ::endgroup::
