[2026-08-01T20:17:33.727+0000] {local_task_job_runner.py:123} INFO - ::group::Pre task execution logs
[2026-08-01T20:17:33.753+0000] {taskinstance.py:2613} INFO - Dependencies all met for dep_context=non-requeueable deps ti=<TaskInstance: pricescope_pipeline.dbt_run manual__2026-08-01T19:56:09.599798+00:00 [queued]>
[2026-08-01T20:17:33.764+0000] {taskinstance.py:2613} INFO - Dependencies all met for dep_context=requeueable deps ti=<TaskInstance: pricescope_pipeline.dbt_run manual__2026-08-01T19:56:09.599798+00:00 [queued]>
[2026-08-01T20:17:33.768+0000] {taskinstance.py:2866} INFO - Starting attempt 3 of 4
[2026-08-01T20:17:33.786+0000] {taskinstance.py:2889} INFO - Executing <Task(BashOperator): dbt_run> on 2026-08-01 19:56:09.599798+00:00
[2026-08-01T20:17:33.799+0000] {standard_task_runner.py:104} INFO - Running: ['***', 'tasks', 'run', 'pricescope_pipeline', 'dbt_run', 'manual__2026-08-01T19:56:09.599798+00:00', '--job-id', '27', '--raw', '--subdir', 'DAGS_FOLDER/pricescope_pipeline.py', '--cfg-path', '/tmp/tmpdwp0rhu6']
[2026-08-01T20:17:33.798+0000] {warnings.py:112} WARNING - /home/***/.local/lib/python3.12/site-packages/***/task/task_runner/standard_task_runner.py:70: DeprecationWarning: This process (pid=1403) is multi-threaded, use of fork() may lead to deadlocks in the child.
  pid = os.fork()

[2026-08-01T20:17:33.802+0000] {standard_task_runner.py:105} INFO - Job 27: Subtask dbt_run
[2026-08-01T20:17:33.805+0000] {standard_task_runner.py:72} INFO - Started process 1404 to run task
[2026-08-01T20:17:33.898+0000] {task_command.py:467} INFO - Running <TaskInstance: pricescope_pipeline.dbt_run manual__2026-08-01T19:56:09.599798+00:00 [running]> on host a06cd3c668fc
[2026-08-01T20:17:34.012+0000] {taskinstance.py:3132} INFO - Exporting env vars: AIRFLOW_CTX_DAG_OWNER='govind' AIRFLOW_CTX_DAG_ID='pricescope_pipeline' AIRFLOW_CTX_TASK_ID='dbt_run' AIRFLOW_CTX_EXECUTION_DATE='2026-08-01T19:56:09.599798+00:00' AIRFLOW_CTX_TRY_NUMBER='3' AIRFLOW_CTX_DAG_RUN_ID='manual__2026-08-01T19:56:09.599798+00:00'
[2026-08-01T20:17:34.016+0000] {taskinstance.py:731} INFO - ::endgroup::
[2026-08-01T20:17:34.034+0000] {subprocess.py:78} INFO - Tmp dir root location: /tmp
[2026-08-01T20:17:34.037+0000] {subprocess.py:88} INFO - Running command: ['/usr/bin/bash', '-c', '/opt/dbt_venv/bin/dbt run --profiles-dir /opt/***/pricescope/dbt_project --project-dir /opt/***/pricescope/dbt_project ']
[2026-08-01T20:17:34.053+0000] {subprocess.py:99} INFO - Output:
[2026-08-01T20:17:36.948+0000] {subprocess.py:106} INFO - [0m20:17:36  Running with dbt=1.12.0
[2026-08-01T20:17:37.675+0000] {subprocess.py:106} INFO - [0m20:17:37  Registered adapter: redshift=1.11.0
[2026-08-01T20:17:39.037+0000] {subprocess.py:106} INFO - [0m20:17:39  Found 6 models, 22 data tests, 1 source, 567 macros
[2026-08-01T20:17:39.043+0000] {subprocess.py:106} INFO - [0m20:17:39
[2026-08-01T20:17:39.045+0000] {subprocess.py:106} INFO - [0m20:17:39  Concurrency: 4 threads (target='dev')
[2026-08-01T20:17:39.047+0000] {subprocess.py:106} INFO - [0m20:17:39
[2026-08-01T20:17:47.399+0000] {subprocess.py:106} INFO - [0m20:17:47  1 of 6 START sql table model marts.dim_date .................................... [RUN]
[2026-08-01T20:17:47.401+0000] {subprocess.py:106} INFO - [0m20:17:47  2 of 6 START sql table model marts_staging.stg_smartprix_prices ................ [RUN]
[2026-08-01T20:17:59.050+0000] {subprocess.py:106} INFO - [0m20:17:59  1 of 6 OK created sql table model marts.dim_date ............................... [[32mSUCCESS[0m in 11.64s]
[2026-08-01T20:18:01.833+0000] {subprocess.py:106} INFO - [0m20:18:01  2 of 6 OK created sql table model marts_staging.stg_smartprix_prices ........... [[32mSUCCESS[0m in 14.42s]
[2026-08-01T20:18:01.844+0000] {subprocess.py:106} INFO - [0m20:18:01  3 of 6 START sql table model marts.dim_category ................................ [RUN]
[2026-08-01T20:18:01.846+0000] {subprocess.py:106} INFO - [0m20:18:01  4 of 6 START sql table model marts.dim_platform ................................ [RUN]
[2026-08-01T20:18:01.848+0000] {subprocess.py:106} INFO - [0m20:18:01  5 of 6 START sql table model marts.dim_product ................................. [RUN]
[2026-08-01T20:18:12.607+0000] {subprocess.py:106} INFO - [0m20:18:12  4 of 6 OK created sql table model marts.dim_platform ........................... [[32mSUCCESS[0m in 10.75s]
[2026-08-01T20:18:12.610+0000] {subprocess.py:106} INFO - [0m20:18:12  5 of 6 OK created sql table model marts.dim_product ............................ [[32mSUCCESS[0m in 10.75s]
[2026-08-01T20:18:12.623+0000] {subprocess.py:106} INFO - [0m20:18:12  3 of 6 OK created sql table model marts.dim_category ........................... [[32mSUCCESS[0m in 10.77s]
[2026-08-01T20:18:12.630+0000] {subprocess.py:106} INFO - [0m20:18:12  6 of 6 START sql table model marts.fact_price_snapshots ........................ [RUN]
[2026-08-01T20:18:19.841+0000] {subprocess.py:106} INFO - [0m20:18:19  6 of 6 OK created sql table model marts.fact_price_snapshots ................... [[32mSUCCESS[0m in 7.20s]
[2026-08-01T20:18:22.507+0000] {subprocess.py:106} INFO - [0m20:18:22
[2026-08-01T20:18:22.509+0000] {subprocess.py:106} INFO - [0m20:18:22  Finished running 6 table models in 0 hours 0 minutes and 43.46 seconds (43.46s).
[2026-08-01T20:18:22.871+0000] {subprocess.py:106} INFO - [0m20:18:22
[2026-08-01T20:18:22.891+0000] {subprocess.py:106} INFO - [0m20:18:22  [32mCompleted successfully[0m
[2026-08-01T20:18:22.894+0000] {subprocess.py:106} INFO - [0m20:18:22
[2026-08-01T20:18:22.897+0000] {subprocess.py:106} INFO - [0m20:18:22  Done. PASS=6 WARN=0 ERROR=0 SKIP=0 NO-OP=0 REUSED=0 TOTAL=6
[2026-08-01T20:18:25.021+0000] {subprocess.py:110} INFO - Command exited with return code 0
[2026-08-01T20:18:25.060+0000] {taskinstance.py:340} INFO - ::group::Post task execution logs
[2026-08-01T20:18:25.063+0000] {taskinstance.py:352} INFO - Marking task as SUCCESS. dag_id=pricescope_pipeline, task_id=dbt_run, run_id=manual__2026-08-01T19:56:09.599798+00:00, execution_date=20260801T195609, start_date=20260801T201733, end_date=20260801T201825
[2026-08-01T20:18:25.090+0000] {local_task_job_runner.py:266} INFO - Task exited with return code 0
[2026-08-01T20:18:25.119+0000] {taskinstance.py:3895} INFO - 1 downstream tasks scheduled from follow-on schedule check
[2026-08-01T20:18:25.125+0000] {local_task_job_runner.py:245} INFO - ::endgroup::
