[2026-08-02T19:55:03.302+0000] {local_task_job_runner.py:123} INFO - ::group::Pre task execution logs
[2026-08-02T19:55:03.325+0000] {taskinstance.py:2613} INFO - Dependencies all met for dep_context=non-requeueable deps ti=<TaskInstance: pricescope_pipeline.scrape_smartprix manual__2026-08-02T19:55:01.000462+00:00 [queued]>
[2026-08-02T19:55:03.335+0000] {taskinstance.py:2613} INFO - Dependencies all met for dep_context=requeueable deps ti=<TaskInstance: pricescope_pipeline.scrape_smartprix manual__2026-08-02T19:55:01.000462+00:00 [queued]>
[2026-08-02T19:55:03.338+0000] {taskinstance.py:2866} INFO - Starting attempt 1 of 2
[2026-08-02T19:55:03.352+0000] {taskinstance.py:2889} INFO - Executing <Task(BashOperator): scrape_smartprix> on 2026-08-02 19:55:01.000462+00:00
[2026-08-02T19:55:03.359+0000] {warnings.py:112} WARNING - /home/***/.local/lib/python3.12/site-packages/***/task/task_runner/standard_task_runner.py:70: DeprecationWarning: This process (pid=2979) is multi-threaded, use of fork() may lead to deadlocks in the child.
  pid = os.fork()

[2026-08-02T19:55:03.360+0000] {standard_task_runner.py:104} INFO - Running: ['***', 'tasks', 'run', 'pricescope_pipeline', 'scrape_smartprix', 'manual__2026-08-02T19:55:01.000462+00:00', '--job-id', '60', '--raw', '--subdir', 'DAGS_FOLDER/pricescope_pipeline.py', '--cfg-path', '/tmp/tmpm_6xad33']
[2026-08-02T19:55:03.362+0000] {standard_task_runner.py:72} INFO - Started process 2980 to run task
[2026-08-02T19:55:03.363+0000] {standard_task_runner.py:105} INFO - Job 60: Subtask scrape_smartprix
[2026-08-02T19:55:03.443+0000] {task_command.py:467} INFO - Running <TaskInstance: pricescope_pipeline.scrape_smartprix manual__2026-08-02T19:55:01.000462+00:00 [running]> on host a06cd3c668fc
[2026-08-02T19:55:03.525+0000] {taskinstance.py:3132} INFO - Exporting env vars: AIRFLOW_CTX_DAG_OWNER='govind' AIRFLOW_CTX_DAG_ID='pricescope_pipeline' AIRFLOW_CTX_TASK_ID='scrape_smartprix' AIRFLOW_CTX_EXECUTION_DATE='2026-08-02T19:55:01.000462+00:00' AIRFLOW_CTX_TRY_NUMBER='1' AIRFLOW_CTX_DAG_RUN_ID='manual__2026-08-02T19:55:01.000462+00:00'
[2026-08-02T19:55:03.529+0000] {taskinstance.py:731} INFO - ::endgroup::
[2026-08-02T19:55:03.551+0000] {subprocess.py:78} INFO - Tmp dir root location: /tmp
[2026-08-02T19:55:03.554+0000] {subprocess.py:88} INFO - Running command: ['/usr/bin/bash', '-c', 'cd /opt/***/pricescope && python scrapers/smartprix/smartprix_scraper.py']
[2026-08-02T19:55:03.566+0000] {subprocess.py:99} INFO - Output:
[2026-08-02T19:55:30.334+0000] {subprocess.py:106} INFO - ==================================================
[2026-08-02T19:55:30.336+0000] {subprocess.py:106} INFO - Smartprix Scraper Starting
[2026-08-02T19:55:30.339+0000] {subprocess.py:106} INFO - Run time: 2026-08-02 19:55:04.889155
[2026-08-02T19:55:30.341+0000] {subprocess.py:106} INFO - ==================================================
[2026-08-02T19:55:30.344+0000] {subprocess.py:106} INFO - 
[2026-08-02T19:55:30.346+0000] {subprocess.py:106} INFO - Category: SMARTPHONES
[2026-08-02T19:55:30.349+0000] {subprocess.py:106} INFO - 
[2026-08-02T19:55:30.351+0000] {subprocess.py:106} INFO -  Page 1...
[2026-08-02T19:55:30.353+0000] {subprocess.py:106} INFO -  Fetching: https://www.smartprix.com/mobiles
[2026-08-02T19:55:30.356+0000] {subprocess.py:106} INFO -  Parsed 28 products (total: 28)
[2026-08-02T19:55:30.358+0000] {subprocess.py:106} INFO - 
[2026-08-02T19:55:30.360+0000] {subprocess.py:106} INFO -  Page 2...
[2026-08-02T19:55:30.361+0000] {subprocess.py:106} INFO -  Fetching: https://www.smartprix.com/mobiles?page=2
[2026-08-02T19:55:30.363+0000] {subprocess.py:106} INFO -  Parsed 28 products (total: 56)
[2026-08-02T19:55:30.366+0000] {subprocess.py:106} INFO -  Uploaded → s3://price-scope/bronze/source=smartprix/category=smartphones/year=2026/month=08/day=02/hour=19/smartprix_smartphones_20260802_195517.json
[2026-08-02T19:55:30.367+0000] {subprocess.py:106} INFO - 
[2026-08-02T19:55:30.370+0000] {subprocess.py:106} INFO - Done: 56 products → bronze/source=smartprix/category=smartphones/year=2026/month=08/day=02/hour=19/smartprix_smartphones_20260802_195517.json
[2026-08-02T19:55:30.372+0000] {subprocess.py:106} INFO - 
[2026-08-02T19:55:30.373+0000] {subprocess.py:106} INFO - Category: LAPTOPS
[2026-08-02T19:55:30.375+0000] {subprocess.py:106} INFO - 
[2026-08-02T19:55:30.377+0000] {subprocess.py:106} INFO -  Page 1...
[2026-08-02T19:55:30.380+0000] {subprocess.py:106} INFO -  Fetching: https://www.smartprix.com/laptops
[2026-08-02T19:55:30.382+0000] {subprocess.py:106} INFO -  Parsed 28 products (total: 28)
[2026-08-02T19:55:30.384+0000] {subprocess.py:106} INFO - 
[2026-08-02T19:55:30.385+0000] {subprocess.py:106} INFO -  Page 2...
[2026-08-02T19:55:30.387+0000] {subprocess.py:106} INFO -  Fetching: https://www.smartprix.com/laptops?page=2
[2026-08-02T19:55:30.389+0000] {subprocess.py:106} INFO -  Parsed 28 products (total: 56)
[2026-08-02T19:55:30.392+0000] {subprocess.py:106} INFO -  Uploaded → s3://price-scope/bronze/source=smartprix/category=laptops/year=2026/month=08/day=02/hour=19/smartprix_laptops_20260802_195529.json
[2026-08-02T19:55:30.394+0000] {subprocess.py:106} INFO - 
[2026-08-02T19:55:30.396+0000] {subprocess.py:106} INFO - Done: 56 products → bronze/source=smartprix/category=laptops/year=2026/month=08/day=02/hour=19/smartprix_laptops_20260802_195529.json
[2026-08-02T19:55:30.398+0000] {subprocess.py:106} INFO - 
[2026-08-02T19:55:30.400+0000] {subprocess.py:106} INFO - Scraper finished.
[2026-08-02T19:55:30.524+0000] {subprocess.py:110} INFO - Command exited with return code 0
[2026-08-02T19:55:30.574+0000] {taskinstance.py:340} INFO - ::group::Post task execution logs
[2026-08-02T19:55:30.578+0000] {taskinstance.py:352} INFO - Marking task as SUCCESS. dag_id=pricescope_pipeline, task_id=scrape_smartprix, run_id=manual__2026-08-02T19:55:01.000462+00:00, execution_date=20260802T195501, start_date=20260802T195503, end_date=20260802T195530
[2026-08-02T19:55:30.643+0000] {local_task_job_runner.py:266} INFO - Task exited with return code 0
[2026-08-02T19:55:30.688+0000] {taskinstance.py:3895} INFO - 1 downstream tasks scheduled from follow-on schedule check
[2026-08-02T19:55:30.693+0000] {local_task_job_runner.py:245} INFO - ::endgroup::
