[2026-08-02T16:29:10.847+0000] {local_task_job_runner.py:123} INFO - ::group::Pre task execution logs
[2026-08-02T16:29:10.875+0000] {taskinstance.py:2613} INFO - Dependencies all met for dep_context=non-requeueable deps ti=<TaskInstance: pricescope_pipeline.dbt_run manual__2026-08-02T16:26:48.205659+00:00 [queued]>
[2026-08-02T16:29:10.891+0000] {taskinstance.py:2613} INFO - Dependencies all met for dep_context=requeueable deps ti=<TaskInstance: pricescope_pipeline.dbt_run manual__2026-08-02T16:26:48.205659+00:00 [queued]>
[2026-08-02T16:29:10.895+0000] {taskinstance.py:2866} INFO - Starting attempt 1 of 2
[2026-08-02T16:29:10.923+0000] {taskinstance.py:2889} INFO - Executing <Task(BashOperator): dbt_run> on 2026-08-02 16:26:48.205659+00:00
[2026-08-02T16:29:10.934+0000] {warnings.py:112} WARNING - /home/***/.local/lib/python3.12/site-packages/***/task/task_runner/standard_task_runner.py:70: DeprecationWarning: This process (pid=267) is multi-threaded, use of fork() may lead to deadlocks in the child.
  pid = os.fork()

[2026-08-02T16:29:10.936+0000] {standard_task_runner.py:104} INFO - Running: ['***', 'tasks', 'run', 'pricescope_pipeline', 'dbt_run', 'manual__2026-08-02T16:26:48.205659+00:00', '--job-id', '52', '--raw', '--subdir', 'DAGS_FOLDER/pricescope_pipeline.py', '--cfg-path', '/tmp/tmpuriw0d_x']
[2026-08-02T16:29:10.939+0000] {standard_task_runner.py:72} INFO - Started process 268 to run task
[2026-08-02T16:29:10.941+0000] {standard_task_runner.py:105} INFO - Job 52: Subtask dbt_run
[2026-08-02T16:29:11.038+0000] {task_command.py:467} INFO - Running <TaskInstance: pricescope_pipeline.dbt_run manual__2026-08-02T16:26:48.205659+00:00 [running]> on host a06cd3c668fc
[2026-08-02T16:29:11.163+0000] {taskinstance.py:3132} INFO - Exporting env vars: AIRFLOW_CTX_DAG_OWNER='govind' AIRFLOW_CTX_DAG_ID='pricescope_pipeline' AIRFLOW_CTX_TASK_ID='dbt_run' AIRFLOW_CTX_EXECUTION_DATE='2026-08-02T16:26:48.205659+00:00' AIRFLOW_CTX_TRY_NUMBER='1' AIRFLOW_CTX_DAG_RUN_ID='manual__2026-08-02T16:26:48.205659+00:00'
[2026-08-02T16:29:11.166+0000] {taskinstance.py:731} INFO - ::endgroup::
[2026-08-02T16:29:11.178+0000] {subprocess.py:78} INFO - Tmp dir root location: /tmp
[2026-08-02T16:29:11.181+0000] {subprocess.py:88} INFO - Running command: ['/usr/bin/bash', '-c', '/opt/dbt_venv/bin/dbt run --profiles-dir /opt/***/pricescope/dbt_project --project-dir /opt/***/pricescope/dbt_project ']
[2026-08-02T16:29:11.192+0000] {subprocess.py:99} INFO - Output:
[2026-08-02T16:29:14.083+0000] {subprocess.py:106} INFO - [0m16:29:14  Running with dbt=1.12.0
[2026-08-02T16:29:14.960+0000] {subprocess.py:106} INFO - [0m16:29:14  Registered adapter: redshift=1.11.0
[2026-08-02T16:29:16.531+0000] {subprocess.py:106} INFO - [0m16:29:16  Found 6 models, 22 data tests, 1 source, 567 macros
[2026-08-02T16:29:16.536+0000] {subprocess.py:106} INFO - [0m16:29:16
[2026-08-02T16:29:16.538+0000] {subprocess.py:106} INFO - [0m16:29:16  Concurrency: 4 threads (target='dev')
[2026-08-02T16:29:16.539+0000] {subprocess.py:106} INFO - [0m16:29:16
[2026-08-02T16:29:27.753+0000] {subprocess.py:106} INFO - [0m16:29:27  1 of 6 START sql table model marts.dim_date .................................... [RUN]
[2026-08-02T16:29:27.756+0000] {subprocess.py:106} INFO - [0m16:29:27  2 of 6 START sql table model marts_staging.stg_smartprix_prices ................ [RUN]
[2026-08-02T16:29:38.797+0000] {subprocess.py:106} INFO - [0m16:29:38  1 of 6 OK created sql table model marts.dim_date ............................... [[32mSUCCESS[0m in 11.03s]
[2026-08-02T16:29:39.811+0000] {subprocess.py:106} INFO - [0m16:29:39  2 of 6 OK created sql table model marts_staging.stg_smartprix_prices ........... [[32mSUCCESS[0m in 12.04s]
[2026-08-02T16:29:39.824+0000] {subprocess.py:106} INFO - [0m16:29:39  3 of 6 START sql table model marts.dim_category ................................ [RUN]
[2026-08-02T16:29:39.827+0000] {subprocess.py:106} INFO - [0m16:29:39  4 of 6 START sql table model marts.dim_platform ................................ [RUN]
[2026-08-02T16:29:39.830+0000] {subprocess.py:106} INFO - [0m16:29:39  5 of 6 START sql table model marts.dim_product ................................. [RUN]
[2026-08-02T16:29:51.792+0000] {subprocess.py:106} INFO - [0m16:29:51  5 of 6 OK created sql table model marts.dim_product ............................ [[32mSUCCESS[0m in 11.95s]
[2026-08-02T16:29:51.796+0000] {subprocess.py:106} INFO - [0m16:29:51  3 of 6 OK created sql table model marts.dim_category ........................... [[32mSUCCESS[0m in 11.96s]
[2026-08-02T16:29:51.798+0000] {subprocess.py:106} INFO - [0m16:29:51  4 of 6 OK created sql table model marts.dim_platform ........................... [[32mSUCCESS[0m in 11.95s]
[2026-08-02T16:29:51.815+0000] {subprocess.py:106} INFO - [0m16:29:51  6 of 6 START sql table model marts.fact_price_snapshots ........................ [RUN]
[2026-08-02T16:30:07.570+0000] {subprocess.py:106} INFO - [0m16:30:07  6 of 6 OK created sql table model marts.fact_price_snapshots ................... [[32mSUCCESS[0m in 15.74s]
[2026-08-02T16:30:10.045+0000] {subprocess.py:106} INFO - [0m16:30:10
[2026-08-02T16:30:10.049+0000] {subprocess.py:106} INFO - [0m16:30:10  Finished running 6 table models in 0 hours 0 minutes and 53.50 seconds (53.50s).
[2026-08-02T16:30:10.470+0000] {subprocess.py:106} INFO - [0m16:30:10
[2026-08-02T16:30:10.474+0000] {subprocess.py:106} INFO - [0m16:30:10  [32mCompleted successfully[0m
[2026-08-02T16:30:10.476+0000] {subprocess.py:106} INFO - [0m16:30:10
[2026-08-02T16:30:10.480+0000] {subprocess.py:106} INFO - [0m16:30:10  Done. PASS=6 WARN=0 ERROR=0 SKIP=0 NO-OP=0 REUSED=0 TOTAL=6
[2026-08-02T16:30:13.956+0000] {subprocess.py:110} INFO - Command exited with return code 0
[2026-08-02T16:30:14.008+0000] {taskinstance.py:340} INFO - ::group::Post task execution logs
[2026-08-02T16:30:14.010+0000] {taskinstance.py:352} INFO - Marking task as SUCCESS. dag_id=pricescope_pipeline, task_id=dbt_run, run_id=manual__2026-08-02T16:26:48.205659+00:00, execution_date=20260802T162648, start_date=20260802T162910, end_date=20260802T163014
[2026-08-02T16:30:14.074+0000] {local_task_job_runner.py:266} INFO - Task exited with return code 0
[2026-08-02T16:30:14.100+0000] {taskinstance.py:3895} INFO - 1 downstream tasks scheduled from follow-on schedule check
[2026-08-02T16:30:14.104+0000] {local_task_job_runner.py:245} INFO - ::endgroup::
