[2026-08-02T20:41:19.285+0000] {local_task_job_runner.py:123} INFO - ::group::Pre task execution logs
[2026-08-02T20:41:19.305+0000] {taskinstance.py:2613} INFO - Dependencies all met for dep_context=non-requeueable deps ti=<TaskInstance: pricescope_pipeline.scrape_smartprix manual__2026-08-02T20:41:17+00:00 [queued]>
[2026-08-02T20:41:19.314+0000] {taskinstance.py:2613} INFO - Dependencies all met for dep_context=requeueable deps ti=<TaskInstance: pricescope_pipeline.scrape_smartprix manual__2026-08-02T20:41:17+00:00 [queued]>
[2026-08-02T20:41:19.316+0000] {taskinstance.py:2866} INFO - Starting attempt 1 of 2
[2026-08-02T20:41:19.329+0000] {taskinstance.py:2889} INFO - Executing <Task(BashOperator): scrape_smartprix> on 2026-08-02 20:41:17+00:00
[2026-08-02T20:41:19.335+0000] {warnings.py:112} WARNING - /home/***/.local/lib/python3.12/site-packages/***/task/task_runner/standard_task_runner.py:70: DeprecationWarning: This process (pid=3874) is multi-threaded, use of fork() may lead to deadlocks in the child.
  pid = os.fork()

[2026-08-02T20:41:19.338+0000] {standard_task_runner.py:72} INFO - Started process 3875 to run task
[2026-08-02T20:41:19.338+0000] {standard_task_runner.py:104} INFO - Running: ['***', 'tasks', 'run', 'pricescope_pipeline', 'scrape_smartprix', 'manual__2026-08-02T20:41:17+00:00', '--job-id', '69', '--raw', '--subdir', 'DAGS_FOLDER/pricescope_pipeline.py', '--cfg-path', '/tmp/tmpx2twzkit']
[2026-08-02T20:41:19.341+0000] {standard_task_runner.py:105} INFO - Job 69: Subtask scrape_smartprix
[2026-08-02T20:41:19.409+0000] {task_command.py:467} INFO - Running <TaskInstance: pricescope_pipeline.scrape_smartprix manual__2026-08-02T20:41:17+00:00 [running]> on host a06cd3c668fc
[2026-08-02T20:41:19.495+0000] {taskinstance.py:3132} INFO - Exporting env vars: AIRFLOW_CTX_DAG_OWNER='govind' AIRFLOW_CTX_DAG_ID='pricescope_pipeline' AIRFLOW_CTX_TASK_ID='scrape_smartprix' AIRFLOW_CTX_EXECUTION_DATE='2026-08-02T20:41:17+00:00' AIRFLOW_CTX_TRY_NUMBER='1' AIRFLOW_CTX_DAG_RUN_ID='manual__2026-08-02T20:41:17+00:00'
[2026-08-02T20:41:19.498+0000] {taskinstance.py:731} INFO - ::endgroup::
[2026-08-02T20:41:19.510+0000] {subprocess.py:78} INFO - Tmp dir root location: /tmp
[2026-08-02T20:41:19.512+0000] {subprocess.py:88} INFO - Running command: ['/usr/bin/bash', '-c', 'cd /opt/***/pricescope && python scrapers/smartprix/smartprix_scraper.py']
[2026-08-02T20:41:19.526+0000] {subprocess.py:99} INFO - Output:
[2026-08-02T20:41:45.349+0000] {subprocess.py:106} INFO - ==================================================
[2026-08-02T20:41:45.351+0000] {subprocess.py:106} INFO - Smartprix Scraper Starting
[2026-08-02T20:41:45.354+0000] {subprocess.py:106} INFO - Run time: 2026-08-02 20:41:20.930221
[2026-08-02T20:41:45.356+0000] {subprocess.py:106} INFO - ==================================================
[2026-08-02T20:41:45.358+0000] {subprocess.py:106} INFO - 
[2026-08-02T20:41:45.360+0000] {subprocess.py:106} INFO - Category: SMARTPHONES
[2026-08-02T20:41:45.362+0000] {subprocess.py:106} INFO - 
[2026-08-02T20:41:45.364+0000] {subprocess.py:106} INFO -  Page 1...
[2026-08-02T20:41:45.367+0000] {subprocess.py:106} INFO -  Fetching: https://www.smartprix.com/mobiles
[2026-08-02T20:41:45.369+0000] {subprocess.py:106} INFO -  Parsed 28 products (total: 28)
[2026-08-02T20:41:45.371+0000] {subprocess.py:106} INFO - 
[2026-08-02T20:41:45.373+0000] {subprocess.py:106} INFO -  Page 2...
[2026-08-02T20:41:45.375+0000] {subprocess.py:106} INFO -  Fetching: https://www.smartprix.com/mobiles?page=2
[2026-08-02T20:41:45.377+0000] {subprocess.py:106} INFO -  Parsed 28 products (total: 56)
[2026-08-02T20:41:45.378+0000] {subprocess.py:106} INFO -  Uploaded → s3://price-scope/bronze/source=smartprix/category=smartphones/year=2026/month=08/day=02/hour=20/smartprix_smartphones_20260802_204132.json
[2026-08-02T20:41:45.380+0000] {subprocess.py:106} INFO - 
[2026-08-02T20:41:45.381+0000] {subprocess.py:106} INFO - Done: 56 products → bronze/source=smartprix/category=smartphones/year=2026/month=08/day=02/hour=20/smartprix_smartphones_20260802_204132.json
[2026-08-02T20:41:45.383+0000] {subprocess.py:106} INFO - 
[2026-08-02T20:41:45.385+0000] {subprocess.py:106} INFO - Category: LAPTOPS
[2026-08-02T20:41:45.387+0000] {subprocess.py:106} INFO - 
[2026-08-02T20:41:45.388+0000] {subprocess.py:106} INFO -  Page 1...
[2026-08-02T20:41:45.391+0000] {subprocess.py:106} INFO -  Fetching: https://www.smartprix.com/laptops
[2026-08-02T20:41:45.393+0000] {subprocess.py:106} INFO -  Parsed 28 products (total: 28)
[2026-08-02T20:41:45.396+0000] {subprocess.py:106} INFO - 
[2026-08-02T20:41:45.399+0000] {subprocess.py:106} INFO -  Page 2...
[2026-08-02T20:41:45.401+0000] {subprocess.py:106} INFO -  Fetching: https://www.smartprix.com/laptops?page=2
[2026-08-02T20:41:45.403+0000] {subprocess.py:106} INFO -  Parsed 28 products (total: 56)
[2026-08-02T20:41:45.406+0000] {subprocess.py:106} INFO -  Uploaded → s3://price-scope/bronze/source=smartprix/category=laptops/year=2026/month=08/day=02/hour=20/smartprix_laptops_20260802_204144.json
[2026-08-02T20:41:45.408+0000] {subprocess.py:106} INFO - 
[2026-08-02T20:41:45.409+0000] {subprocess.py:106} INFO - Done: 56 products → bronze/source=smartprix/category=laptops/year=2026/month=08/day=02/hour=20/smartprix_laptops_20260802_204144.json
[2026-08-02T20:41:45.411+0000] {subprocess.py:106} INFO - 
[2026-08-02T20:41:45.412+0000] {subprocess.py:106} INFO - Scraper finished.
[2026-08-02T20:41:45.531+0000] {subprocess.py:110} INFO - Command exited with return code 0
[2026-08-02T20:41:45.566+0000] {taskinstance.py:340} INFO - ::group::Post task execution logs
[2026-08-02T20:41:45.573+0000] {taskinstance.py:352} INFO - Marking task as SUCCESS. dag_id=pricescope_pipeline, task_id=scrape_smartprix, run_id=manual__2026-08-02T20:41:17+00:00, execution_date=20260802T204117, start_date=20260802T204119, end_date=20260802T204145
[2026-08-02T20:41:45.604+0000] {local_task_job_runner.py:266} INFO - Task exited with return code 0
[2026-08-02T20:41:45.632+0000] {taskinstance.py:3895} INFO - 1 downstream tasks scheduled from follow-on schedule check
[2026-08-02T20:41:45.636+0000] {local_task_job_runner.py:245} INFO - ::endgroup::
