[2026-08-02T20:28:54.559+0000] {local_task_job_runner.py:123} INFO - ::group::Pre task execution logs
[2026-08-02T20:28:54.580+0000] {taskinstance.py:2613} INFO - Dependencies all met for dep_context=non-requeueable deps ti=<TaskInstance: pricescope_pipeline.scrape_smartprix manual__2026-08-02T20:28:53+00:00 [queued]>
[2026-08-02T20:28:54.593+0000] {taskinstance.py:2613} INFO - Dependencies all met for dep_context=requeueable deps ti=<TaskInstance: pricescope_pipeline.scrape_smartprix manual__2026-08-02T20:28:53+00:00 [queued]>
[2026-08-02T20:28:54.596+0000] {taskinstance.py:2866} INFO - Starting attempt 1 of 2
[2026-08-02T20:28:54.613+0000] {taskinstance.py:2889} INFO - Executing <Task(BashOperator): scrape_smartprix> on 2026-08-02 20:28:53+00:00
[2026-08-02T20:28:54.621+0000] {warnings.py:112} WARNING - /home/***/.local/lib/python3.12/site-packages/***/task/task_runner/standard_task_runner.py:70: DeprecationWarning: This process (pid=3611) is multi-threaded, use of fork() may lead to deadlocks in the child.
  pid = os.fork()

[2026-08-02T20:28:54.624+0000] {standard_task_runner.py:104} INFO - Running: ['***', 'tasks', 'run', 'pricescope_pipeline', 'scrape_smartprix', 'manual__2026-08-02T20:28:53+00:00', '--job-id', '66', '--raw', '--subdir', 'DAGS_FOLDER/pricescope_pipeline.py', '--cfg-path', '/tmp/tmp3ann_282']
[2026-08-02T20:28:54.625+0000] {standard_task_runner.py:72} INFO - Started process 3612 to run task
[2026-08-02T20:28:54.626+0000] {standard_task_runner.py:105} INFO - Job 66: Subtask scrape_smartprix
[2026-08-02T20:28:54.706+0000] {task_command.py:467} INFO - Running <TaskInstance: pricescope_pipeline.scrape_smartprix manual__2026-08-02T20:28:53+00:00 [running]> on host a06cd3c668fc
[2026-08-02T20:28:54.810+0000] {taskinstance.py:3132} INFO - Exporting env vars: AIRFLOW_CTX_DAG_OWNER='govind' AIRFLOW_CTX_DAG_ID='pricescope_pipeline' AIRFLOW_CTX_TASK_ID='scrape_smartprix' AIRFLOW_CTX_EXECUTION_DATE='2026-08-02T20:28:53+00:00' AIRFLOW_CTX_TRY_NUMBER='1' AIRFLOW_CTX_DAG_RUN_ID='manual__2026-08-02T20:28:53+00:00'
[2026-08-02T20:28:54.864+0000] {taskinstance.py:731} INFO - ::endgroup::
[2026-08-02T20:28:54.892+0000] {subprocess.py:78} INFO - Tmp dir root location: /tmp
[2026-08-02T20:28:54.898+0000] {subprocess.py:88} INFO - Running command: ['/usr/bin/bash', '-c', 'cd /opt/***/pricescope && python scrapers/smartprix/smartprix_scraper.py']
[2026-08-02T20:28:54.910+0000] {subprocess.py:99} INFO - Output:
[2026-08-02T20:29:19.952+0000] {subprocess.py:106} INFO - ==================================================
[2026-08-02T20:29:19.955+0000] {subprocess.py:106} INFO - Smartprix Scraper Starting
[2026-08-02T20:29:19.958+0000] {subprocess.py:106} INFO - Run time: 2026-08-02 20:28:55.970563
[2026-08-02T20:29:19.960+0000] {subprocess.py:106} INFO - ==================================================
[2026-08-02T20:29:19.963+0000] {subprocess.py:106} INFO - 
[2026-08-02T20:29:19.965+0000] {subprocess.py:106} INFO - Category: SMARTPHONES
[2026-08-02T20:29:19.968+0000] {subprocess.py:106} INFO - 
[2026-08-02T20:29:19.970+0000] {subprocess.py:106} INFO -  Page 1...
[2026-08-02T20:29:19.973+0000] {subprocess.py:106} INFO -  Fetching: https://www.smartprix.com/mobiles
[2026-08-02T20:29:19.976+0000] {subprocess.py:106} INFO -  Parsed 28 products (total: 28)
[2026-08-02T20:29:19.979+0000] {subprocess.py:106} INFO - 
[2026-08-02T20:29:19.983+0000] {subprocess.py:106} INFO -  Page 2...
[2026-08-02T20:29:19.986+0000] {subprocess.py:106} INFO -  Fetching: https://www.smartprix.com/mobiles?page=2
[2026-08-02T20:29:19.989+0000] {subprocess.py:106} INFO -  Parsed 28 products (total: 56)
[2026-08-02T20:29:19.992+0000] {subprocess.py:106} INFO -  Uploaded → s3://price-scope/bronze/source=smartprix/category=smartphones/year=2026/month=08/day=02/hour=20/smartprix_smartphones_20260802_202907.json
[2026-08-02T20:29:19.994+0000] {subprocess.py:106} INFO - 
[2026-08-02T20:29:19.997+0000] {subprocess.py:106} INFO - Done: 56 products → bronze/source=smartprix/category=smartphones/year=2026/month=08/day=02/hour=20/smartprix_smartphones_20260802_202907.json
[2026-08-02T20:29:19.999+0000] {subprocess.py:106} INFO - 
[2026-08-02T20:29:20.002+0000] {subprocess.py:106} INFO - Category: LAPTOPS
[2026-08-02T20:29:20.004+0000] {subprocess.py:106} INFO - 
[2026-08-02T20:29:20.007+0000] {subprocess.py:106} INFO -  Page 1...
[2026-08-02T20:29:20.010+0000] {subprocess.py:106} INFO -  Fetching: https://www.smartprix.com/laptops
[2026-08-02T20:29:20.013+0000] {subprocess.py:106} INFO -  Parsed 28 products (total: 28)
[2026-08-02T20:29:20.015+0000] {subprocess.py:106} INFO - 
[2026-08-02T20:29:20.018+0000] {subprocess.py:106} INFO -  Page 2...
[2026-08-02T20:29:20.020+0000] {subprocess.py:106} INFO -  Fetching: https://www.smartprix.com/laptops?page=2
[2026-08-02T20:29:20.022+0000] {subprocess.py:106} INFO -  Parsed 28 products (total: 56)
[2026-08-02T20:29:20.024+0000] {subprocess.py:106} INFO -  Uploaded → s3://price-scope/bronze/source=smartprix/category=laptops/year=2026/month=08/day=02/hour=20/smartprix_laptops_20260802_202918.json
[2026-08-02T20:29:20.027+0000] {subprocess.py:106} INFO - 
[2026-08-02T20:29:20.029+0000] {subprocess.py:106} INFO - Done: 56 products → bronze/source=smartprix/category=laptops/year=2026/month=08/day=02/hour=20/smartprix_laptops_20260802_202918.json
[2026-08-02T20:29:20.031+0000] {subprocess.py:106} INFO - 
[2026-08-02T20:29:20.033+0000] {subprocess.py:106} INFO - Scraper finished.
[2026-08-02T20:29:20.132+0000] {subprocess.py:110} INFO - Command exited with return code 0
[2026-08-02T20:29:20.191+0000] {taskinstance.py:340} INFO - ::group::Post task execution logs
[2026-08-02T20:29:20.193+0000] {taskinstance.py:352} INFO - Marking task as SUCCESS. dag_id=pricescope_pipeline, task_id=scrape_smartprix, run_id=manual__2026-08-02T20:28:53+00:00, execution_date=20260802T202853, start_date=20260802T202854, end_date=20260802T202920
[2026-08-02T20:29:20.253+0000] {local_task_job_runner.py:266} INFO - Task exited with return code 0
[2026-08-02T20:29:20.304+0000] {taskinstance.py:3895} INFO - 1 downstream tasks scheduled from follow-on schedule check
[2026-08-02T20:29:20.311+0000] {local_task_job_runner.py:245} INFO - ::endgroup::
