[2026-08-02T20:13:57.990+0000] {local_task_job_runner.py:123} INFO - ::group::Pre task execution logs
[2026-08-02T20:13:58.007+0000] {taskinstance.py:2613} INFO - Dependencies all met for dep_context=non-requeueable deps ti=<TaskInstance: pricescope_pipeline.scrape_smartprix manual__2026-08-02T20:13:56+00:00 [queued]>
[2026-08-02T20:13:58.017+0000] {taskinstance.py:2613} INFO - Dependencies all met for dep_context=requeueable deps ti=<TaskInstance: pricescope_pipeline.scrape_smartprix manual__2026-08-02T20:13:56+00:00 [queued]>
[2026-08-02T20:13:58.020+0000] {taskinstance.py:2866} INFO - Starting attempt 1 of 2
[2026-08-02T20:13:58.035+0000] {taskinstance.py:2889} INFO - Executing <Task(BashOperator): scrape_smartprix> on 2026-08-02 20:13:56+00:00
[2026-08-02T20:13:58.044+0000] {standard_task_runner.py:104} INFO - Running: ['***', 'tasks', 'run', 'pricescope_pipeline', 'scrape_smartprix', 'manual__2026-08-02T20:13:56+00:00', '--job-id', '63', '--raw', '--subdir', 'DAGS_FOLDER/pricescope_pipeline.py', '--cfg-path', '/tmp/tmplu08qx3l']
[2026-08-02T20:13:58.042+0000] {warnings.py:112} WARNING - /home/***/.local/lib/python3.12/site-packages/***/task/task_runner/standard_task_runner.py:70: DeprecationWarning: This process (pid=3321) is multi-threaded, use of fork() may lead to deadlocks in the child.
  pid = os.fork()

[2026-08-02T20:13:58.046+0000] {standard_task_runner.py:105} INFO - Job 63: Subtask scrape_smartprix
[2026-08-02T20:13:58.048+0000] {standard_task_runner.py:72} INFO - Started process 3322 to run task
[2026-08-02T20:13:58.139+0000] {task_command.py:467} INFO - Running <TaskInstance: pricescope_pipeline.scrape_smartprix manual__2026-08-02T20:13:56+00:00 [running]> on host a06cd3c668fc
[2026-08-02T20:13:58.229+0000] {taskinstance.py:3132} INFO - Exporting env vars: AIRFLOW_CTX_DAG_OWNER='govind' AIRFLOW_CTX_DAG_ID='pricescope_pipeline' AIRFLOW_CTX_TASK_ID='scrape_smartprix' AIRFLOW_CTX_EXECUTION_DATE='2026-08-02T20:13:56+00:00' AIRFLOW_CTX_TRY_NUMBER='1' AIRFLOW_CTX_DAG_RUN_ID='manual__2026-08-02T20:13:56+00:00'
[2026-08-02T20:13:58.232+0000] {taskinstance.py:731} INFO - ::endgroup::
[2026-08-02T20:13:58.248+0000] {subprocess.py:78} INFO - Tmp dir root location: /tmp
[2026-08-02T20:13:58.251+0000] {subprocess.py:88} INFO - Running command: ['/usr/bin/bash', '-c', 'cd /opt/***/pricescope && python scrapers/smartprix/smartprix_scraper.py']
[2026-08-02T20:13:58.269+0000] {subprocess.py:99} INFO - Output:
[2026-08-02T20:14:22.052+0000] {subprocess.py:106} INFO - ==================================================
[2026-08-02T20:14:22.054+0000] {subprocess.py:106} INFO - Smartprix Scraper Starting
[2026-08-02T20:14:22.056+0000] {subprocess.py:106} INFO - Run time: 2026-08-02 20:13:59.647130
[2026-08-02T20:14:22.059+0000] {subprocess.py:106} INFO - ==================================================
[2026-08-02T20:14:22.062+0000] {subprocess.py:106} INFO - 
[2026-08-02T20:14:22.064+0000] {subprocess.py:106} INFO - Category: SMARTPHONES
[2026-08-02T20:14:22.066+0000] {subprocess.py:106} INFO - 
[2026-08-02T20:14:22.068+0000] {subprocess.py:106} INFO -  Page 1...
[2026-08-02T20:14:22.070+0000] {subprocess.py:106} INFO -  Fetching: https://www.smartprix.com/mobiles
[2026-08-02T20:14:22.072+0000] {subprocess.py:106} INFO -  Parsed 28 products (total: 28)
[2026-08-02T20:14:22.074+0000] {subprocess.py:106} INFO - 
[2026-08-02T20:14:22.076+0000] {subprocess.py:106} INFO -  Page 2...
[2026-08-02T20:14:22.078+0000] {subprocess.py:106} INFO -  Fetching: https://www.smartprix.com/mobiles?page=2
[2026-08-02T20:14:22.080+0000] {subprocess.py:106} INFO -  Parsed 28 products (total: 56)
[2026-08-02T20:14:22.083+0000] {subprocess.py:106} INFO -  Uploaded → s3://price-scope/bronze/source=smartprix/category=smartphones/year=2026/month=08/day=02/hour=20/smartprix_smartphones_20260802_201410.json
[2026-08-02T20:14:22.084+0000] {subprocess.py:106} INFO - 
[2026-08-02T20:14:22.086+0000] {subprocess.py:106} INFO - Done: 56 products → bronze/source=smartprix/category=smartphones/year=2026/month=08/day=02/hour=20/smartprix_smartphones_20260802_201410.json
[2026-08-02T20:14:22.088+0000] {subprocess.py:106} INFO - 
[2026-08-02T20:14:22.090+0000] {subprocess.py:106} INFO - Category: LAPTOPS
[2026-08-02T20:14:22.091+0000] {subprocess.py:106} INFO - 
[2026-08-02T20:14:22.093+0000] {subprocess.py:106} INFO -  Page 1...
[2026-08-02T20:14:22.095+0000] {subprocess.py:106} INFO -  Fetching: https://www.smartprix.com/laptops
[2026-08-02T20:14:22.098+0000] {subprocess.py:106} INFO -  Parsed 28 products (total: 28)
[2026-08-02T20:14:22.099+0000] {subprocess.py:106} INFO - 
[2026-08-02T20:14:22.101+0000] {subprocess.py:106} INFO -  Page 2...
[2026-08-02T20:14:22.103+0000] {subprocess.py:106} INFO -  Fetching: https://www.smartprix.com/laptops?page=2
[2026-08-02T20:14:22.105+0000] {subprocess.py:106} INFO -  Parsed 28 products (total: 56)
[2026-08-02T20:14:22.106+0000] {subprocess.py:106} INFO -  Uploaded → s3://price-scope/bronze/source=smartprix/category=laptops/year=2026/month=08/day=02/hour=20/smartprix_laptops_20260802_201420.json
[2026-08-02T20:14:22.108+0000] {subprocess.py:106} INFO - 
[2026-08-02T20:14:22.109+0000] {subprocess.py:106} INFO - Done: 56 products → bronze/source=smartprix/category=laptops/year=2026/month=08/day=02/hour=20/smartprix_laptops_20260802_201420.json
[2026-08-02T20:14:22.111+0000] {subprocess.py:106} INFO - 
[2026-08-02T20:14:22.113+0000] {subprocess.py:106} INFO - Scraper finished.
[2026-08-02T20:14:22.264+0000] {subprocess.py:110} INFO - Command exited with return code 0
[2026-08-02T20:14:22.329+0000] {taskinstance.py:340} INFO - ::group::Post task execution logs
[2026-08-02T20:14:22.332+0000] {taskinstance.py:352} INFO - Marking task as SUCCESS. dag_id=pricescope_pipeline, task_id=scrape_smartprix, run_id=manual__2026-08-02T20:13:56+00:00, execution_date=20260802T201356, start_date=20260802T201358, end_date=20260802T201422
[2026-08-02T20:14:22.391+0000] {local_task_job_runner.py:266} INFO - Task exited with return code 0
[2026-08-02T20:14:22.419+0000] {taskinstance.py:3895} INFO - 1 downstream tasks scheduled from follow-on schedule check
[2026-08-02T20:14:22.422+0000] {local_task_job_runner.py:245} INFO - ::endgroup::
