[2026-08-02T21:34:52.916+0000] {local_task_job_runner.py:123} INFO - ::group::Pre task execution logs
[2026-08-02T21:34:52.937+0000] {taskinstance.py:2613} INFO - Dependencies all met for dep_context=non-requeueable deps ti=<TaskInstance: pricescope_pipeline.scrape_smartprix manual__2026-08-02T21:34:51+00:00 [queued]>
[2026-08-02T21:34:52.949+0000] {taskinstance.py:2613} INFO - Dependencies all met for dep_context=requeueable deps ti=<TaskInstance: pricescope_pipeline.scrape_smartprix manual__2026-08-02T21:34:51+00:00 [queued]>
[2026-08-02T21:34:52.952+0000] {taskinstance.py:2866} INFO - Starting attempt 1 of 2
[2026-08-02T21:34:52.969+0000] {taskinstance.py:2889} INFO - Executing <Task(BashOperator): scrape_smartprix> on 2026-08-02 21:34:51+00:00
[2026-08-02T21:34:52.981+0000] {standard_task_runner.py:104} INFO - Running: ['***', 'tasks', 'run', 'pricescope_pipeline', 'scrape_smartprix', 'manual__2026-08-02T21:34:51+00:00', '--job-id', '74', '--raw', '--subdir', 'DAGS_FOLDER/pricescope_pipeline.py', '--cfg-path', '/tmp/tmpb8yd_02_']
[2026-08-02T21:34:52.979+0000] {warnings.py:112} WARNING - /home/***/.local/lib/python3.12/site-packages/***/task/task_runner/standard_task_runner.py:70: DeprecationWarning: This process (pid=4678) is multi-threaded, use of fork() may lead to deadlocks in the child.
  pid = os.fork()

[2026-08-02T21:34:52.983+0000] {standard_task_runner.py:105} INFO - Job 74: Subtask scrape_smartprix
[2026-08-02T21:34:52.985+0000] {standard_task_runner.py:72} INFO - Started process 4679 to run task
[2026-08-02T21:34:53.074+0000] {task_command.py:467} INFO - Running <TaskInstance: pricescope_pipeline.scrape_smartprix manual__2026-08-02T21:34:51+00:00 [running]> on host a06cd3c668fc
[2026-08-02T21:34:53.144+0000] {taskinstance.py:3132} INFO - Exporting env vars: AIRFLOW_CTX_DAG_OWNER='govind' AIRFLOW_CTX_DAG_ID='pricescope_pipeline' AIRFLOW_CTX_TASK_ID='scrape_smartprix' AIRFLOW_CTX_EXECUTION_DATE='2026-08-02T21:34:51+00:00' AIRFLOW_CTX_TRY_NUMBER='1' AIRFLOW_CTX_DAG_RUN_ID='manual__2026-08-02T21:34:51+00:00'
[2026-08-02T21:34:53.147+0000] {taskinstance.py:731} INFO - ::endgroup::
[2026-08-02T21:34:53.160+0000] {subprocess.py:78} INFO - Tmp dir root location: /tmp
[2026-08-02T21:34:53.163+0000] {subprocess.py:88} INFO - Running command: ['/usr/bin/bash', '-c', 'cd /opt/***/pricescope && python scrapers/smartprix/smartprix_scraper.py']
[2026-08-02T21:34:53.175+0000] {subprocess.py:99} INFO - Output:
[2026-08-02T21:35:15.785+0000] {subprocess.py:106} INFO - ==================================================
[2026-08-02T21:35:15.788+0000] {subprocess.py:106} INFO - Smartprix Scraper Starting
[2026-08-02T21:35:15.790+0000] {subprocess.py:106} INFO - Run time: 2026-08-02 21:34:54.306289
[2026-08-02T21:35:15.792+0000] {subprocess.py:106} INFO - ==================================================
[2026-08-02T21:35:15.795+0000] {subprocess.py:106} INFO - 
[2026-08-02T21:35:15.797+0000] {subprocess.py:106} INFO - Category: SMARTPHONES
[2026-08-02T21:35:15.800+0000] {subprocess.py:106} INFO - 
[2026-08-02T21:35:15.803+0000] {subprocess.py:106} INFO -  Page 1...
[2026-08-02T21:35:15.805+0000] {subprocess.py:106} INFO -  Fetching: https://www.smartprix.com/mobiles
[2026-08-02T21:35:15.807+0000] {subprocess.py:106} INFO -  Parsed 28 products (total: 28)
[2026-08-02T21:35:15.810+0000] {subprocess.py:106} INFO - 
[2026-08-02T21:35:15.812+0000] {subprocess.py:106} INFO -  Page 2...
[2026-08-02T21:35:15.815+0000] {subprocess.py:106} INFO -  Fetching: https://www.smartprix.com/mobiles?page=2
[2026-08-02T21:35:15.817+0000] {subprocess.py:106} INFO -  Parsed 28 products (total: 56)
[2026-08-02T21:35:15.819+0000] {subprocess.py:106} INFO -  Uploaded → s3://price-scope/bronze/source=smartprix/category=smartphones/year=2026/month=08/day=02/hour=21/smartprix_smartphones_20260802_213505.json
[2026-08-02T21:35:15.822+0000] {subprocess.py:106} INFO - 
[2026-08-02T21:35:15.824+0000] {subprocess.py:106} INFO - Done: 56 products → bronze/source=smartprix/category=smartphones/year=2026/month=08/day=02/hour=21/smartprix_smartphones_20260802_213505.json
[2026-08-02T21:35:15.826+0000] {subprocess.py:106} INFO - 
[2026-08-02T21:35:15.829+0000] {subprocess.py:106} INFO - Category: LAPTOPS
[2026-08-02T21:35:15.832+0000] {subprocess.py:106} INFO - 
[2026-08-02T21:35:15.834+0000] {subprocess.py:106} INFO -  Page 1...
[2026-08-02T21:35:15.836+0000] {subprocess.py:106} INFO -  Fetching: https://www.smartprix.com/laptops
[2026-08-02T21:35:15.838+0000] {subprocess.py:106} INFO -  Parsed 28 products (total: 28)
[2026-08-02T21:35:15.840+0000] {subprocess.py:106} INFO - 
[2026-08-02T21:35:15.842+0000] {subprocess.py:106} INFO -  Page 2...
[2026-08-02T21:35:15.844+0000] {subprocess.py:106} INFO -  Fetching: https://www.smartprix.com/laptops?page=2
[2026-08-02T21:35:15.846+0000] {subprocess.py:106} INFO -  Parsed 28 products (total: 56)
[2026-08-02T21:35:15.848+0000] {subprocess.py:106} INFO -  Uploaded → s3://price-scope/bronze/source=smartprix/category=laptops/year=2026/month=08/day=02/hour=21/smartprix_laptops_20260802_213514.json
[2026-08-02T21:35:15.850+0000] {subprocess.py:106} INFO - 
[2026-08-02T21:35:15.852+0000] {subprocess.py:106} INFO - Done: 56 products → bronze/source=smartprix/category=laptops/year=2026/month=08/day=02/hour=21/smartprix_laptops_20260802_213514.json
[2026-08-02T21:35:15.855+0000] {subprocess.py:106} INFO - 
[2026-08-02T21:35:15.857+0000] {subprocess.py:106} INFO - Scraper finished.
[2026-08-02T21:35:15.985+0000] {subprocess.py:110} INFO - Command exited with return code 0
[2026-08-02T21:35:16.055+0000] {taskinstance.py:340} INFO - ::group::Post task execution logs
[2026-08-02T21:35:16.057+0000] {taskinstance.py:352} INFO - Marking task as SUCCESS. dag_id=pricescope_pipeline, task_id=scrape_smartprix, run_id=manual__2026-08-02T21:34:51+00:00, execution_date=20260802T213451, start_date=20260802T213452, end_date=20260802T213516
[2026-08-02T21:35:16.087+0000] {local_task_job_runner.py:266} INFO - Task exited with return code 0
[2026-08-02T21:35:16.132+0000] {taskinstance.py:3895} INFO - 1 downstream tasks scheduled from follow-on schedule check
[2026-08-02T21:35:16.137+0000] {local_task_job_runner.py:245} INFO - ::endgroup::
