[2026-08-02T21:40:20.135+0000] {local_task_job_runner.py:123} INFO - ::group::Pre task execution logs
[2026-08-02T21:40:20.159+0000] {taskinstance.py:2613} INFO - Dependencies all met for dep_context=non-requeueable deps ti=<TaskInstance: pricescope_pipeline.bronze_to_silver manual__2026-08-02T21:34:51+00:00 [queued]>
[2026-08-02T21:40:20.172+0000] {taskinstance.py:2613} INFO - Dependencies all met for dep_context=requeueable deps ti=<TaskInstance: pricescope_pipeline.bronze_to_silver manual__2026-08-02T21:34:51+00:00 [queued]>
[2026-08-02T21:40:20.177+0000] {taskinstance.py:2866} INFO - Starting attempt 2 of 2
[2026-08-02T21:40:20.196+0000] {taskinstance.py:2889} INFO - Executing <Task(GlueJobOperator): bronze_to_silver> on 2026-08-02 21:34:51+00:00
[2026-08-02T21:40:20.207+0000] {warnings.py:112} WARNING - /home/***/.local/lib/python3.12/site-packages/***/task/task_runner/standard_task_runner.py:70: DeprecationWarning: This process (pid=4847) is multi-threaded, use of fork() may lead to deadlocks in the child.
  pid = os.fork()

[2026-08-02T21:40:20.209+0000] {standard_task_runner.py:104} INFO - Running: ['***', 'tasks', 'run', 'pricescope_pipeline', 'bronze_to_silver', 'manual__2026-08-02T21:34:51+00:00', '--job-id', '76', '--raw', '--subdir', 'DAGS_FOLDER/pricescope_pipeline.py', '--cfg-path', '/tmp/tmpvjxn_8dd']
[2026-08-02T21:40:20.210+0000] {standard_task_runner.py:72} INFO - Started process 4848 to run task
[2026-08-02T21:40:20.212+0000] {standard_task_runner.py:105} INFO - Job 76: Subtask bronze_to_silver
[2026-08-02T21:40:20.292+0000] {task_command.py:467} INFO - Running <TaskInstance: pricescope_pipeline.bronze_to_silver manual__2026-08-02T21:34:51+00:00 [running]> on host a06cd3c668fc
[2026-08-02T21:40:20.392+0000] {taskinstance.py:3132} INFO - Exporting env vars: AIRFLOW_CTX_DAG_OWNER='govind' AIRFLOW_CTX_DAG_ID='pricescope_pipeline' AIRFLOW_CTX_TASK_ID='bronze_to_silver' AIRFLOW_CTX_EXECUTION_DATE='2026-08-02T21:34:51+00:00' AIRFLOW_CTX_TRY_NUMBER='2' AIRFLOW_CTX_DAG_RUN_ID='manual__2026-08-02T21:34:51+00:00'
[2026-08-02T21:40:20.395+0000] {taskinstance.py:731} INFO - ::endgroup::
[2026-08-02T21:40:20.406+0000] {glue.py:188} INFO - Initializing AWS Glue Job: pricescope-bronze-to-silver. Wait for completion: True
[2026-08-02T21:40:20.408+0000] {glue.py:365} INFO - Checking if job already exists: pricescope-bronze-to-silver
[2026-08-02T21:40:20.421+0000] {base_aws.py:603} WARNING - Unable to find AWS Connection ID 'aws_default', switching to empty.
[2026-08-02T21:40:20.423+0000] {base_aws.py:177} INFO - No connection ID provided. Fallback on boto3 credential strategy (region_name='eu-north-1'). See: https://boto3.amazonaws.com/v1/documentation/api/latest/guide/configuration.html
[2026-08-02T21:40:20.601+0000] {credentials.py:1147} INFO - Found credentials in environment variables.
[2026-08-02T21:40:21.614+0000] {glue.py:209} INFO - You can monitor this Glue Job run at: https://console.aws.amazon.com/gluestudio/home?region=eu-north-1#/job/pricescope-bronze-to-silver/run/jr_2de9ace5c0d7f3a336fc81bb5b573cc63773030fdb59441152ab5a5553854a51
[2026-08-02T21:40:21.822+0000] {glue.py:348} INFO - Polling for AWS Glue Job pricescope-bronze-to-silver current run state with status RUNNING
[2026-08-02T21:40:28.059+0000] {glue.py:348} INFO - Polling for AWS Glue Job pricescope-bronze-to-silver current run state with status RUNNING
[2026-08-02T21:40:34.293+0000] {glue.py:348} INFO - Polling for AWS Glue Job pricescope-bronze-to-silver current run state with status RUNNING
[2026-08-02T21:40:40.537+0000] {glue.py:348} INFO - Polling for AWS Glue Job pricescope-bronze-to-silver current run state with status RUNNING
[2026-08-02T21:40:46.790+0000] {glue.py:348} INFO - Polling for AWS Glue Job pricescope-bronze-to-silver current run state with status RUNNING
[2026-08-02T21:40:53.016+0000] {glue.py:348} INFO - Polling for AWS Glue Job pricescope-bronze-to-silver current run state with status RUNNING
[2026-08-02T21:40:59.245+0000] {glue.py:348} INFO - Polling for AWS Glue Job pricescope-bronze-to-silver current run state with status RUNNING
[2026-08-02T21:41:05.526+0000] {glue.py:348} INFO - Polling for AWS Glue Job pricescope-bronze-to-silver current run state with status RUNNING
[2026-08-02T21:41:11.763+0000] {glue.py:348} INFO - Polling for AWS Glue Job pricescope-bronze-to-silver current run state with status RUNNING
[2026-08-02T21:41:18.000+0000] {glue.py:348} INFO - Polling for AWS Glue Job pricescope-bronze-to-silver current run state with status RUNNING
[2026-08-02T21:41:24.258+0000] {glue.py:348} INFO - Polling for AWS Glue Job pricescope-bronze-to-silver current run state with status RUNNING
[2026-08-02T21:41:30.507+0000] {glue.py:348} INFO - Polling for AWS Glue Job pricescope-bronze-to-silver current run state with status RUNNING
[2026-08-02T21:41:36.787+0000] {glue.py:348} INFO - Polling for AWS Glue Job pricescope-bronze-to-silver current run state with status RUNNING
[2026-08-02T21:41:43.100+0000] {glue.py:348} INFO - Polling for AWS Glue Job pricescope-bronze-to-silver current run state with status RUNNING
[2026-08-02T21:41:49.344+0000] {glue.py:348} INFO - Polling for AWS Glue Job pricescope-bronze-to-silver current run state with status RUNNING
[2026-08-02T21:41:55.591+0000] {glue.py:341} INFO - Exiting Job jr_2de9ace5c0d7f3a336fc81bb5b573cc63773030fdb59441152ab5a5553854a51 Run State: SUCCEEDED
[2026-08-02T21:41:55.595+0000] {glue.py:224} INFO - AWS Glue Job: pricescope-bronze-to-silver status: SUCCEEDED. Run Id: jr_2de9ace5c0d7f3a336fc81bb5b573cc63773030fdb59441152ab5a5553854a51
[2026-08-02T21:41:55.638+0000] {taskinstance.py:340} INFO - ::group::Post task execution logs
[2026-08-02T21:41:55.641+0000] {taskinstance.py:352} INFO - Marking task as SUCCESS. dag_id=pricescope_pipeline, task_id=bronze_to_silver, run_id=manual__2026-08-02T21:34:51+00:00, execution_date=20260802T213451, start_date=20260802T214020, end_date=20260802T214155
[2026-08-02T21:41:55.718+0000] {local_task_job_runner.py:266} INFO - Task exited with return code 0
[2026-08-02T21:41:55.762+0000] {taskinstance.py:3895} INFO - 1 downstream tasks scheduled from follow-on schedule check
[2026-08-02T21:41:55.768+0000] {local_task_job_runner.py:245} INFO - ::endgroup::
